[load] step=60000  missing=[]  unexpected=0
[scalars] λ=[0.223, 0.278, 0.226, 0.206, 0.318, 0.264, 0.18, 0.226]
          δ=[0.0669, 0.0292, 0.0254, 0.059, 0.0179, 0.051, 0.1097, 0.0698]
          gain=[1.294, 1.006, 1.184, 1.061, 0.808, 1.175, 1.03, 1.12]
          inj_gate=0.820  γ=0.01174  α=[0.098, 0.092, 0.093, 0.18, 0.231, 0.074, 0.086, 0.09]
[slow heads] δ<0.01: [0, 0, 0, 0, 0, 0, 0, 0]
  [base] 64/512  15s  누적 seg16 20 seg128 25
  [base] 128/512  29s  누적 seg16 36 seg128 52
  [base] 192/512  43s  누적 seg16 50 seg128 72
  [base] 256/512  57s  누적 seg16 71 seg128 98
  [base] 320/512  72s  누적 seg16 82 seg128 113
  [base] 384/512  86s  누적 seg16 99 seg128 134
  [base] 448/512  100s  누적 seg16 115 seg128 164
  [base] 512/512  111s  누적 seg16 127 seg128 180

9/1 R1B8_min_faith@310527 · 512퍼즐 · seg128
        변형 | seg16  | seg32  | seg64  | seg128 | 이득 | 오차감소율 | 조건부해결(미해결16→해결) | 해결16→미해결 | cell16 | cell128 | churn16 | churn128
      base |    127 |    146 |    167 |    180 |  +53 |     13.8% |       13.8% |    0.0% | 0.5823 | 0.6302 | 0.0711 | 0.1161

[base] w·a·a_eff 쌍 종류별 (비단서 칸 쌍, 헤드 평균). 부호 가설: 피어∧같은숫자(위반) 에서 w<0 인가
  seg16:
        peer_same n=    67744  w=+0.0891 (w<0 20.1%)  a=-0.0927 (a<0 82.2%)  a_eff=-0.0494
        peer_diff n=  3052096  w=+0.0144 (w<0 43.4%)  a=-0.0830 (a<0 81.6%)  a_eff=-0.0597
     nonpeer_same n=  1183888  w=-0.0158 (w<0 58.6%)  a=+0.0197 (a<0 40.1%)  a_eff=+0.0117
     nonpeer_diff n=  8306704  w=-0.0020 (w<0 53.8%)  a=+0.0163 (a<0 41.1%)  a_eff=+0.0121
  seg128:
        peer_same n=    75776  w=+0.0750 (w<0 21.7%)  a=-0.0909 (a<0 81.8%)  a_eff=-0.0513
        peer_diff n=  3044064  w=+0.0120 (w<0 44.0%)  a=-0.0832 (a<0 81.6%)  a_eff=-0.0604
     nonpeer_same n=  1180000  w=-0.0159 (w<0 58.1%)  a=+0.0195 (a<0 40.3%)  a_eff=+0.0114
     nonpeer_diff n=  8310592  w=-0.0015 (w<0 52.6%)  a=+0.0162 (a<0 41.2%)  a_eff=+0.0122

저장: 2026-09-06/results probe_60k
