[load] step=10000  missing=[]  unexpected=0
[scalars] λ=[0.228, 0.236, 0.235, 0.218, 0.257, 0.227, 0.228, 0.238]
          δ=[0.0559, 0.0563, 0.0463, 0.0599, 0.0522, 0.0568, 0.058, 0.0468]
          gain=[0.968, 0.968, 0.965, 0.913, 0.919, 0.964, 0.95, 0.97]
          inj_gate=0.261  γ=0.06707  α=[0.114, 0.105, 0.109, 0.123, 0.125, 0.109, 0.108, 0.111]
[slow heads] δ<0.01: [0, 0, 0, 0, 0, 0, 0, 0]
  [base] 64/512  21s  누적 seg16 1 seg128 1
  [base] 128/512  42s  누적 seg16 2 seg128 2
  [base] 192/512  63s  누적 seg16 4 seg128 4
  [base] 256/512  84s  누적 seg16 6 seg128 6
  [base] 320/512  105s  누적 seg16 8 seg128 8
  [base] 384/512  126s  누적 seg16 9 seg128 9
  [base] 448/512  147s  누적 seg16 10 seg128 10
  [base] 512/512  167s  누적 seg16 13 seg128 13

9/1 R1B8_min_faith@310527 · 512퍼즐 · seg128
        변형 | seg16  | seg32  | seg64  | seg128 | 이득 | 오차감소율 | 조건부해결(미해결16→해결) | 해결16→미해결 | cell16 | cell128 | churn16 | churn128
      base |     13 |     13 |     13 |     13 |   +0 |      0.0% |        0.0% |    0.0% | 0.5434 | 0.5447 | 0.0175 | 0.0183

[base] w·a·a_eff 쌍 종류별 (비단서 칸 쌍, 헤드 평균). 부호 가설: 피어∧같은숫자(위반) 에서 w<0 인가
  seg16:
        peer_same n=   205584  w=+0.1299 (w<0 12.7%)  a=-0.0698 (a<0 74.1%)  a_eff=-0.0232
        peer_diff n=  2914256  w=+0.0454 (w<0 23.7%)  a=-0.0672 (a<0 75.8%)  a_eff=-0.0408
     nonpeer_same n=  1095552  w=-0.0062 (w<0 52.8%)  a=+0.0233 (a<0 36.7%)  a_eff=+0.0164
     nonpeer_diff n=  8395040  w=-0.0035 (w<0 53.4%)  a=+0.0153 (a<0 41.4%)  a_eff=+0.0109
  seg128:
        peer_same n=   205168  w=+0.1297 (w<0 12.7%)  a=-0.0699 (a<0 74.2%)  a_eff=-0.0232
        peer_diff n=  2914672  w=+0.0449 (w<0 23.8%)  a=-0.0671 (a<0 75.8%)  a_eff=-0.0409
     nonpeer_same n=  1096688  w=-0.0062 (w<0 52.8%)  a=+0.0234 (a<0 36.6%)  a_eff=+0.0164
     nonpeer_diff n=  8393904  w=-0.0035 (w<0 53.3%)  a=+0.0153 (a<0 41.4%)  a_eff=+0.0109

저장: 2026-09-06/results probe_10k
