[load] step=92000  missing=[]  unexpected=0
[scalars] λ=[0.217, 0.307, 0.21, 0.185, 0.328, 0.262, 0.161, 0.217]
          δ=[0.066, 0.0206, 0.0176, 0.0715, 0.0135, 0.0388, 0.1266, 0.0882]
          gain=[1.809, 1.013, 1.368, 1.277, 0.785, 1.248, 1.216, 1.264]
          inj_gate=1.332  γ=0.003599  α=[0.067, 0.085, 0.083, 0.193, 0.267, 0.05, 0.066, 0.08]
[slow heads] δ<0.01: [0, 0, 0, 0, 0, 0, 0, 0]
  [base] 64/512  15s  누적 seg16 19 seg128 27
  [base] 128/512  29s  누적 seg16 34 seg128 48
  [base] 192/512  43s  누적 seg16 49 seg128 67
  [base] 256/512  57s  누적 seg16 71 seg128 96
  [base] 320/512  72s  누적 seg16 80 seg128 109
  [base] 384/512  86s  누적 seg16 92 seg128 126
  [base] 448/512  100s  누적 seg16 109 seg128 150
  [base] 512/512  114s  누적 seg16 120 seg128 166

9/1 R1B8_min_faith@310527 · 512퍼즐 · seg128
        변형 | seg16  | seg32  | seg64  | seg128 | 이득 | 오차감소율 | 조건부해결(미해결16→해결) | 해결16→미해결 | cell16 | cell128 | churn16 | churn128
      base |    120 |    140 |    156 |    166 |  +46 |     11.7% |       12.2% |    1.7% | 0.6005 | 0.6317 | 0.1418 | 0.1710

[base] w·a·a_eff 쌍 종류별 (비단서 칸 쌍, 헤드 평균). 부호 가설: 피어∧같은숫자(위반) 에서 w<0 인가
  seg16:
        peer_same n=   123056  w=+0.0923 (w<0 21.0%)  a=-0.1102 (a<0 85.6%)  a_eff=-0.0633
        peer_diff n=  2996784  w=+0.0247 (w<0 37.8%)  a=-0.0935 (a<0 83.2%)  a_eff=-0.0660
     nonpeer_same n=  1144000  w=-0.0204 (w<0 60.1%)  a=+0.0264 (a<0 34.4%)  a_eff=+0.0160
     nonpeer_diff n=  8346592  w=-0.0056 (w<0 56.8%)  a=+0.0240 (a<0 35.3%)  a_eff=+0.0174
  seg128:
        peer_same n=   114688  w=+0.0822 (w<0 21.7%)  a=-0.1096 (a<0 85.6%)  a_eff=-0.0651
        peer_diff n=  3005152  w=+0.0212 (w<0 38.0%)  a=-0.0932 (a<0 83.1%)  a_eff=-0.0666
     nonpeer_same n=  1151728  w=-0.0201 (w<0 59.8%)  a=+0.0262 (a<0 34.4%)  a_eff=+0.0159
     nonpeer_diff n=  8338864  w=-0.0044 (w<0 55.0%)  a=+0.0237 (a<0 35.3%)  a_eff=+0.0174

저장: 2026-09-06/results probe_92k
