[load] step=310527  missing=[]  unexpected=0
[scalars] λ=[0.261, 0.212, 0.345, 0.185, 0.215, 0.352, 0.48, 0.388]
          δ=[0.0032, 0.0089, 0.0022, 0.0054, 0.1712, 0.0087, 0.0218, 0.5013]
          gain=[0.735, 0.699, 0.723, 0.724, 0.715, 0.727, 0.695, 0.677]
          inj_gate=7.602  γ=9.223e-05  α=[0.02, 0.021, 0.021, 0.078, 0.581, 0.262, 0.071, 0.273]
[slow heads] δ<0.01: [1, 1, 1, 1, 0, 1, 0, 0]
  [G_neg_a_agree] 64/512  6s  누적 seg16 0 seg128 0
  [G_neg_a_agree] 128/512  13s  누적 seg16 0 seg128 0
  [G_neg_a_agree] 192/512  24s  누적 seg16 0 seg128 1
  [G_neg_a_agree] 256/512  38s  누적 seg16 0 seg128 1
  [G_neg_a_agree] 320/512  52s  누적 seg16 0 seg128 2
  [G_neg_a_agree] 384/512  66s  누적 seg16 0 seg128 2
  [G_neg_a_agree] 448/512  80s  누적 seg16 0 seg128 3
  [G_neg_a_agree] 512/512  94s  누적 seg16 0 seg128 4
  [G_neg_a] 64/512  14s  누적 seg16 0 seg128 0
  [G_neg_a] 128/512  28s  누적 seg16 0 seg128 0
  [G_neg_a] 192/512  42s  누적 seg16 0 seg128 0
  [G_neg_a] 256/512  56s  누적 seg16 0 seg128 0
  [G_neg_a] 320/512  70s  누적 seg16 0 seg128 0
  [G_neg_a] 384/512  85s  누적 seg16 0 seg128 0
  [G_neg_a] 448/512  99s  누적 seg16 0 seg128 0
  [G_neg_a] 512/512  113s  누적 seg16 0 seg128 0
  [delta_half] 64/512  14s  누적 seg16 29 seg128 55
  [delta_half] 128/512  28s  누적 seg16 62 seg128 111
  [delta_half] 192/512  42s  누적 seg16 95 seg128 161
  [delta_half] 256/512  56s  누적 seg16 122 seg128 208
  [delta_half] 320/512  70s  누적 seg16 153 seg128 267
  [delta_half] 384/512  85s  누적 seg16 181 seg128 314
  [delta_half] 448/512  99s  누적 seg16 205 seg128 363
  [delta_half] 512/512  113s  누적 seg16 224 seg128 390
  [delta_x2] 64/512  14s  누적 seg16 37 seg128 49
  [delta_x2] 128/512  28s  누적 seg16 76 seg128 106
  [delta_x2] 192/512  42s  누적 seg16 115 seg128 154
  [delta_x2] 256/512  56s  누적 seg16 143 seg128 200
  [delta_x2] 320/512  70s  누적 seg16 178 seg128 256
  [delta_x2] 384/512  84s  누적 seg16 212 seg128 300
  [delta_x2] 448/512  99s  누적 seg16 242 seg128 344
  [delta_x2] 512/512  112s  누적 seg16 262 seg128 369

9/1 R1B8_min_faith@310527 · 512퍼즐 · seg128
        변형 | seg16  | seg32  | seg64  | seg128 | 이득 | 오차감소율 | 조건부해결(미해결16→해결) | 해결16→미해결 | cell16 | cell128 | churn16 | churn128
G_neg_a_agree |      0 |      0 |      2 |      4 |   +4 |      0.8% |        0.8% |    0.0% | 0.2404 | 0.2425 | 0.4380 | 0.4309
   G_neg_a |      0 |      0 |      0 |      0 |   +0 |      0.0% |        0.0% |    0.0% | 0.1817 | 0.1961 | 0.4553 | 0.4163
delta_half |    224 |    270 |    334 |    390 | +166 |     57.6% |       57.6% |    0.0% | 0.7167 | 0.8499 | 0.1015 | 0.0235
  delta_x2 |    262 |    315 |    359 |    369 | +107 |     42.8% |       42.8% |    0.0% | 0.7423 | 0.8110 | 0.1136 | 0.0019

저장: 2026-09-06/results probe_0901
