[load] step=310527  missing=[]  unexpected=0
[scalars] λ=[0.261, 0.212, 0.345, 0.185, 0.215, 0.352, 0.48, 0.388]
          δ=[0.0032, 0.0089, 0.0022, 0.0054, 0.1712, 0.0087, 0.0218, 0.5013]
          gain=[0.735, 0.699, 0.723, 0.724, 0.715, 0.727, 0.695, 0.677]
          inj_gate=7.602  γ=9.223e-05  α=[0.02, 0.021, 0.021, 0.078, 0.581, 0.262, 0.071, 0.273]
[slow heads] δ<0.01: [1, 1, 1, 1, 0, 1, 0, 0]
  [freeze16] 64/512  14s  누적 seg16 35 seg128 42
  [freeze16] 128/512  29s  누적 seg16 69 seg128 87
  [freeze16] 192/512  46s  누적 seg16 105 seg128 131
  [freeze16] 256/512  66s  누적 seg16 132 seg128 166
  [freeze16] 320/512  86s  누적 seg16 165 seg128 213
  [freeze16] 384/512  106s  누적 seg16 196 seg128 252
  [freeze16] 448/512  126s  누적 seg16 223 seg128 291
  [freeze16] 512/512  146s  누적 seg16 242 seg128 312
  [lam0] 64/512  20s  누적 seg16 0 seg128 0
  [lam0] 128/512  40s  누적 seg16 0 seg128 0
  [lam0] 192/512  59s  누적 seg16 0 seg128 0
  [lam0] 256/512  72s  누적 seg16 0 seg128 0
  [lam0] 320/512  86s  누적 seg16 0 seg128 0
  [lam0] 384/512  99s  누적 seg16 0 seg128 0
  [lam0] 448/512  113s  누적 seg16 0 seg128 0
  [lam0] 512/512  127s  누적 seg16 0 seg128 0
  [G_a] 64/512  14s  누적 seg16 0 seg128 0
  [G_a] 128/512  28s  누적 seg16 0 seg128 0
  [G_a] 192/512  42s  누적 seg16 0 seg128 0
  [G_a] 256/512  56s  누적 seg16 0 seg128 0
  [G_a] 320/512  70s  누적 seg16 0 seg128 0
  [G_a] 384/512  83s  누적 seg16 0 seg128 0
  [G_a] 448/512  98s  누적 seg16 0 seg128 0
  [G_a] 512/512  111s  누적 seg16 0 seg128 0
  [G_abeta] 64/512  13s  누적 seg16 2 seg128 10
  [G_abeta] 128/512  27s  누적 seg16 7 seg128 17
  [G_abeta] 192/512  41s  누적 seg16 10 seg128 23
  [G_abeta] 256/512  55s  누적 seg16 16 seg128 32
  [G_abeta] 320/512  69s  누적 seg16 22 seg128 39
  [G_abeta] 384/512  83s  누적 seg16 24 seg128 49
  [G_abeta] 448/512  97s  누적 seg16 30 seg128 56
  [G_abeta] 512/512  110s  누적 seg16 33 seg128 61
  [G_a_agree] 64/512  14s  누적 seg16 0 seg128 0
  [G_a_agree] 128/512  28s  누적 seg16 0 seg128 0
  [G_a_agree] 192/512  42s  누적 seg16 0 seg128 0
  [G_a_agree] 256/512  56s  누적 seg16 0 seg128 0
  [G_a_agree] 320/512  71s  누적 seg16 0 seg128 0
  [G_a_agree] 384/512  85s  누적 seg16 0 seg128 0
  [G_a_agree] 448/512  99s  누적 seg16 0 seg128 0
  [G_a_agree] 512/512  113s  누적 seg16 0 seg128 0
  [seg_reset] 64/512  14s  누적 seg16 29 seg128 35
  [seg_reset] 128/512  28s  누적 seg16 68 seg128 78
  [seg_reset] 192/512  42s  누적 seg16 100 seg128 117
  [seg_reset] 256/512  56s  누적 seg16 127 seg128 153
  [seg_reset] 320/512  70s  누적 seg16 160 seg128 191
  [seg_reset] 384/512  84s  누적 seg16 186 seg128 223
  [seg_reset] 448/512  98s  누적 seg16 211 seg128 258
  [seg_reset] 512/512  112s  누적 seg16 228 seg128 278
  [delta_init] 64/512  14s  누적 seg16 35 seg128 43
  [delta_init] 128/512  28s  누적 seg16 73 seg128 92
  [delta_init] 192/512  42s  누적 seg16 111 seg128 131
  [delta_init] 256/512  56s  누적 seg16 142 seg128 168
  [delta_init] 320/512  70s  누적 seg16 175 seg128 209
  [delta_init] 384/512  85s  누적 seg16 205 seg128 243
  [delta_init] 448/512  99s  누적 seg16 235 seg128 279
  [delta_init] 512/512  113s  누적 seg16 252 seg128 301
  [freeze16_slow] 64/512  14s  누적 seg16 35 seg128 49
  [freeze16_slow] 128/512  28s  누적 seg16 69 seg128 98
  [freeze16_slow] 192/512  42s  누적 seg16 105 seg128 143
  [freeze16_slow] 256/512  56s  누적 seg16 132 seg128 184
  [freeze16_slow] 320/512  71s  누적 seg16 165 seg128 232
  [freeze16_slow] 384/512  85s  누적 seg16 196 seg128 274
  [freeze16_slow] 448/512  99s  누적 seg16 223 seg128 317
  [freeze16_slow] 512/512  113s  누적 seg16 242 seg128 340
  [freeze16_fast] 64/512  14s  누적 seg16 35 seg128 52
  [freeze16_fast] 128/512  28s  누적 seg16 69 seg128 108
  [freeze16_fast] 192/512  42s  누적 seg16 105 seg128 158
  [freeze16_fast] 256/512  56s  누적 seg16 132 seg128 203
  [freeze16_fast] 320/512  70s  누적 seg16 165 seg128 259
  [freeze16_fast] 384/512  84s  누적 seg16 196 seg128 306
  [freeze16_fast] 448/512  99s  누적 seg16 223 seg128 355
  [freeze16_fast] 512/512  113s  누적 seg16 242 seg128 382

9/1 R1B8_min_faith@310527 · 512퍼즐 · seg128
        변형 | seg16  | seg32  | seg64  | seg128 | 이득 | 오차감소율 | 조건부해결(미해결16→해결) | 해결16→미해결 | cell16 | cell128 | churn16 | churn128
  freeze16 |    242 |    278 |    305 |    312 |  +70 |     25.9% |       25.9% |    0.0% | 0.7275 | 0.7686 | 0.1136 | 0.0685
      lam0 |      0 |      0 |      0 |      0 |   +0 |      0.0% |        0.0% |    0.0% | 0.1258 | 0.1252 | 0.7045 | 0.6745
       G_a |      0 |      0 |      0 |      0 |   +0 |      0.0% |        0.0% |    0.0% | 0.1466 | 0.1440 | 0.6711 | 0.1059
   G_abeta |     33 |     35 |     54 |     61 |  +28 |      5.8% |        8.1% |   33.3% | 0.4957 | 0.5309 | 0.0235 | 0.0140
 G_a_agree |      0 |      0 |      0 |      0 |   +0 |      0.0% |        0.0% |    0.0% | 0.1433 | 0.1403 | 0.7793 | 0.4595
 seg_reset |    228 |    253 |    268 |    278 |  +50 |     17.6% |       17.6% |    0.0% | 0.6903 | 0.7270 | 0.1340 | 0.0581
delta_init |    252 |    280 |    297 |    301 |  +49 |     18.8% |       18.8% |    0.0% | 0.7054 | 0.7366 | 0.0861 | 0.0088
freeze16_slow |    242 |    279 |    316 |    340 |  +98 |     36.3% |       36.3% |    0.0% | 0.7275 | 0.8028 | 0.1136 | 0.0617
freeze16_fast |    242 |    291 |    345 |    382 | +140 |     51.9% |       51.9% |    0.0% | 0.7275 | 0.8350 | 0.1136 | 0.0121

저장: 2026-09-06/results probe_0901
