[load] step=310527  missing=[]  unexpected=0
[scalars] λ=[0.261, 0.212, 0.345, 0.185, 0.215, 0.352, 0.48, 0.388]
          δ=[0.0032, 0.0089, 0.0022, 0.0054, 0.1712, 0.0087, 0.0218, 0.5013]
          gain=[0.735, 0.699, 0.723, 0.724, 0.715, 0.727, 0.695, 0.677]
          inj_gate=7.602  γ=9.223e-05  α=[0.02, 0.021, 0.021, 0.078, 0.581, 0.262, 0.071, 0.273]
  [base] 64/512  15s  누적 seg16 35 seg128 52
  [base] 128/512  29s  누적 seg16 69 seg128 106
  [base] 192/512  44s  누적 seg16 105 seg128 157
  [base] 256/512  58s  누적 seg16 132 seg128 208
  [base] 320/512  73s  누적 seg16 165 seg128 261
  [base] 384/512  88s  누적 seg16 196 seg128 306
  [base] 448/512  103s  누적 seg16 223 seg128 357
  [base] 512/512  117s  누적 seg16 242 seg128 385

9/1 R1B8_min_faith@310527 · 512퍼즐 · seg128
        변형 | seg16  | seg32  | seg64  | seg128 | 이득 | 오차감소율 | 조건부해결(미해결16→해결) | 해결16→미해결 | cell16 | cell128 | churn16 | churn128
      base |    242 |    288 |    356 |    385 | +143 |     53.0% |       53.0% |    0.0% | 0.7275 | 0.8392 | 0.1136 | 0.0098

[base] w·a·a_eff 쌍 종류별 (비단서 칸 쌍, 헤드 평균). 부호 가설: 피어∧같은숫자(위반) 에서 w<0 인가
  seg16:
        peer_same n=    55520  w=+0.0886 (w<0 27.6%)  a=-0.1617 (a<0 80.6%)  a_eff=-0.0820
        peer_diff n=  3064320  w=+0.0574 (w<0 30.6%)  a=-0.1022 (a<0 75.9%)  a_eff=-0.0530
     nonpeer_same n=  1204512  w=-0.0112 (w<0 54.8%)  a=+0.0219 (a<0 44.3%)  a_eff=+0.0132
     nonpeer_diff n=  8286080  w=-0.0060 (w<0 54.1%)  a=+0.0178 (a<0 48.4%)  a_eff=+0.0113
  seg128:
        peer_same n=     2784  w=+0.0266 (w<0 34.5%)  a=-0.1473 (a<0 79.1%)  a_eff=-0.0907
        peer_diff n=  3117056  w=+0.0107 (w<0 30.9%)  a=-0.0643 (a<0 71.0%)  a_eff=-0.0420
     nonpeer_same n=  1240528  w=-0.0081 (w<0 53.0%)  a=+0.0114 (a<0 43.6%)  a_eff=+0.0076
     nonpeer_diff n=  8250064  w=+0.0005 (w<0 46.5%)  a=+0.0070 (a<0 49.4%)  a_eff=+0.0056

저장: 2026-09-06/results probe_0901
