=== interp noov ===
{
 "tag": "noov",
 "pc1_var": 0.3330197036266327,
 "refine": {
  "Rs": [
   2,
   4,
   8,
   12,
   16,
   24,
   32,
   48,
   64,
   96
  ],
  "acc": [
   0.162109375,
   0.525390625,
   0.9501953125,
   0.904296875,
   0.8369140625,
   0.7158203125,
   0.6650390625,
   0.61328125,
   0.583984375,
   0.560546875
  ]
 },
 "period": {
  "autocorr": [
   1.0,
   0.9107104539871216,
   0.6894122362136841,
   0.4068906307220459,
   0.11360354721546173,
   -0.15892161428928375,
   -0.37239891290664673,
   -0.48279714584350586,
   -0.46836036443710327,
   -0.3528399169445038,
   -0.18153823912143707,
   0.0076456195674836636,
   0.1868436187505722,
   0.3258477747440338,
   0.39153021574020386,
   0.36561161279678345,
   0.2618156969547272,
   0.11320620030164719,
   -0.049272723495960236,
   -0.2019086480140686,
   -0.32103314995765686,
   -0.38144490122795105,
   -0.36830344796180725,
   -0.2895148694515228,
   -0.16946296393871307,
   -0.03379419445991516,
   0.0957285463809967,
   0.1974528431892395,
   0.2493668496608734,
   0.238104447722435,
   0.16895551979541779,
   0.06237826496362686,
   -0.05787581205368042,
   -0.1709279716014862,
   -0.2577422261238098,
   -0.30074384808540344,
   -0.28972625732421875,
   -0.22907570004463196,
   -0.1360584944486618,
   -0.031530145555734634
  ],
  "peak_lag": 14,
  "peak_freq": 0.07407407407407407,
  "peak_corr": 0.39153021574020386
 },
 "psi_final_abs_sin": 0.6561261855617504,
 "psi_init_abs_sin": 0.6974238866735312
}
anytime acc r=1,2,4,8,16,32,64: 0.244, 0.176, 0.184, 0.953, 0.426, 0.150, 0.164
max||h|| at r=8/32/64: 15.00/15.54/15.54  (bound 59.4)  판정: 지속 운동(비고정점)
주기성: 14 스텝, 상관 0.39153021574020386
refine acc: ['R=2:0.162', 'R=4:0.525', 'R=8:0.950', 'R=12:0.904', 'R=16:0.837', 'R=24:0.716', 'R=32:0.665', 'R=48:0.613', 'R=64:0.584', 'R=96:0.561']
=== interp noisy ===
{
 "tag": "noisy",
 "pc1_var": 0.30415087938308716,
 "refine": {
  "Rs": [
   2,
   4,
   8,
   12,
   16,
   24,
   32,
   48,
   64,
   96
  ],
  "acc": [
   0.095703125,
   0.4482421875,
   0.9541015625,
   0.919921875,
   0.849609375,
   0.7333984375,
   0.669921875,
   0.61328125,
   0.583984375,
   0.5537109375
  ]
 },
 "period": {
  "autocorr": [
   1.0,
   0.9540063142776489,
   0.8342989087104797,
   0.6790941953659058,
   0.521591067314148,
   0.3807978630065918,
   0.2637031376361847,
   0.17025229334831238,
   0.09730324149131775,
   0.04091162234544754,
   -0.0025601456873118877,
   -0.03605494648218155,
   -0.061831049621105194,
   -0.0816032886505127,
   -0.09667914360761642,
   -0.10806169360876083,
   -0.1165662631392479,
   -0.12290405482053757,
   -0.12770912051200867,
   -0.13153307139873505,
   -0.1348034143447876,
   -0.13779743015766144,
   -0.14067308604717255,
   -0.14348441362380981,
   -0.1462041586637497,
   -0.14874714612960815,
   -0.15100859105587006,
   -0.15290208160877228,
   -0.15438352525234222,
   -0.15545715391635895,
   -0.15617096424102783,
   -0.15658430755138397,
   -0.1567031592130661,
   -0.15654750168323517,
   -0.1561589390039444,
   -0.15556800365447998,
   -0.1548089236021042,
   -0.153939887881279,
   -0.15302398800849915,
   -0.15209239721298218
  ],
  "peak_lag": 10,
  "peak_freq": 0.037037037037037035,
  "peak_corr": -0.0025601456873118877
 },
 "psi_final_abs_sin": 0.6829011034462247,
 "psi_init_abs_sin": 0.6940753733590895
}
anytime acc r=1,2,4,8,16,32,64: 0.191, 0.184, 0.287, 0.963, 0.359, 0.152, 0.119
max||h|| at r=8/32/64: 14.74/14.48/14.33  (bound 97.3)  판정: 지속 운동(비고정점)
주기성: 10 스텝, 상관 -0.0025601456873118877
refine acc: ['R=2:0.096', 'R=4:0.448', 'R=8:0.954', 'R=12:0.920', 'R=16:0.850', 'R=24:0.733', 'R=32:0.670', 'R=48:0.613', 'R=64:0.584', 'R=96:0.554']
=== CHAIN DONE ===
