/usr/local/lib/python3.12/dist-packages/torch/nn/modules/transformer.py:392: UserWarning: enable_nested_tensor is True, but self.use_nested_tensor is False because encoder_layer.norm_first was True
  warnings.warn(
[tf425_n1_lr2e-3] TF L=4 d=92 heads=4 lr=0.002 T=20 n=1 params=425105 (Model1 d=256 = 427,330)  우연=0.1250
  [tf425_n1_lr2e-3] step   250 loss 3.0474 질의 0.1453 전체일치 0.0020
  [tf425_n1_lr2e-3] step   500 loss 2.4646 질의 0.1428 전체일치 0.0020
  [tf425_n1_lr2e-3] step   750 loss 2.2675 질의 0.1471 전체일치 0.0010
  [tf425_n1_lr2e-3] step  1000 loss 2.1601 질의 0.1417 전체일치 0.0015
  [tf425_n1_lr2e-3] step  1250 loss 2.1213 질의 0.1425 전체일치 0.0020
  [tf425_n1_lr2e-3] step  1500 loss 2.1092 질의 0.1390 전체일치 0.0015
  [tf425_n1_lr2e-3] step  1750 loss 2.0853 질의 0.1536 전체일치 0.0039
  [tf425_n1_lr2e-3] step  2000 loss 2.0439 질의 0.1470 전체일치 0.0015
  [tf425_n1_lr2e-3] step  2250 loss 2.0418 질의 0.1378 전체일치 0.0015
  [tf425_n1_lr2e-3] step  2500 loss 1.9944 질의 0.1481 전체일치 0.0020
  [tf425_n1_lr2e-3] step  2750 loss 2.0182 질의 0.1427 전체일치 0.0024
  [tf425_n1_lr2e-3] step  3000 loss 2.0055 질의 0.1467 전체일치 0.0005
  [tf425_n1_lr2e-3] step  3250 loss 1.9771 질의 0.1503 전체일치 0.0010
  [tf425_n1_lr2e-3] step  3500 loss 1.9917 질의 0.1345 전체일치 0.0020
  [tf425_n1_lr2e-3] step  3750 loss 1.9835 질의 0.1379 전체일치 0.0015
  [tf425_n1_lr2e-3] step  4000 loss 1.9771 질의 0.1520 전체일치 0.0029
[tf425_n1_lr2e-3] TF L=4 d=92 lr=0.002 n=1 params=425105 FINAL 질의 0.1452 전체일치 0.0031 (최고 0.1536) (81s)
/usr/local/lib/python3.12/dist-packages/torch/nn/modules/transformer.py:392: UserWarning: enable_nested_tensor is True, but self.use_nested_tensor is False because encoder_layer.norm_first was True
  warnings.warn(
[tf425_n1_lr1e-3] TF L=4 d=92 heads=4 lr=0.001 T=20 n=1 params=425105 (Model1 d=256 = 427,330)  우연=0.1250
  [tf425_n1_lr1e-3] step   250 loss 3.3030 질의 0.1405 전체일치 0.0010
  [tf425_n1_lr1e-3] step   500 loss 2.6582 질의 0.1356 전체일치 0.0005
  [tf425_n1_lr1e-3] step   750 loss 2.3107 질의 0.1425 전체일치 0.0015
  [tf425_n1_lr1e-3] step  1000 loss 2.2000 질의 0.1470 전체일치 0.0020
  [tf425_n1_lr1e-3] step  1250 loss 2.1398 질의 0.1409 전체일치 0.0010
  [tf425_n1_lr1e-3] step  1500 loss 2.1152 질의 0.1379 전체일치 0.0005
  [tf425_n1_lr1e-3] step  1750 loss 2.0972 질의 0.1478 전체일치 0.0029
  [tf425_n1_lr1e-3] step  2000 loss 2.0716 질의 0.1439 전체일치 0.0005
  [tf425_n1_lr1e-3] step  2250 loss 2.0507 질의 0.1414 전체일치 0.0005
  [tf425_n1_lr1e-3] step  2500 loss 2.0284 질의 0.1398 전체일치 0.0015
  [tf425_n1_lr1e-3] step  2750 loss 2.0287 질의 0.1445 전체일치 0.0029
  [tf425_n1_lr1e-3] step  3000 loss 2.0227 질의 0.1404 전체일치 0.0010
  [tf425_n1_lr1e-3] step  3250 loss 2.0013 질의 0.1484 전체일치 0.0015
  [tf425_n1_lr1e-3] step  3500 loss 1.9921 질의 0.1440 전체일치 0.0029
  [tf425_n1_lr1e-3] step  3750 loss 2.0028 질의 0.1383 전체일치 0.0005
  [tf425_n1_lr1e-3] step  4000 loss 2.0067 질의 0.1531 전체일치 0.0039
[tf425_n1_lr1e-3] TF L=4 d=92 lr=0.001 n=1 params=425105 FINAL 질의 0.1420 전체일치 0.0032 (최고 0.1531) (79s)
[hop256_n1_full_k1] T=20 V=64 N=8 Q=4 n=1 tau=1 freeze_A=False noov=False d=256 params=427330 우연=0.1250
  [hop256_n1_full_k1] step   250 loss 3.2280 질의 0.1162 전체일치 0.0005
  [hop256_n1_full_k1] step   500 loss 2.5155 질의 0.1400 전체일치 0.0005
  [hop256_n1_full_k1] step   750 loss 2.3696 질의 0.1500 전체일치 0.0015
  [hop256_n1_full_k1] step  1000 loss 2.2939 질의 0.1471 전체일치 0.0005
  [hop256_n1_full_k1] step  1250 loss 2.1851 질의 0.1467 전체일치 0.0015
  [hop256_n1_full_k1] step  1500 loss 2.1477 질의 0.1580 전체일치 0.0015
  [hop256_n1_full_k1] step  1750 loss 1.9454 질의 0.2603 전체일치 0.0083
  [hop256_n1_full_k1] step  2000 loss 1.4431 질의 0.4539 전체일치 0.0635
  [hop256_n1_full_k1] step  2250 loss 1.0678 질의 0.5919 전체일치 0.1592
  [hop256_n1_full_k1] step  2500 loss 0.8735 질의 0.6707 전체일치 0.2480
  [hop256_n1_full_k1] step  2750 loss 0.1753 질의 0.9478 전체일치 0.8281
  [hop256_n1_full_k1] step  3000 loss 0.0599 질의 0.9890 전체일치 0.9600
  [hop256_n1_full_k1] step  3250 loss 0.0254 질의 0.9950 전체일치 0.9829
  [hop256_n1_full_k1] step  3500 loss 0.0154 질의 0.9980 전체일치 0.9927
  [hop256_n1_full_k1] step  3750 loss 0.0128 질의 0.9982 전체일치 0.9927
  [hop256_n1_full_k1] step  4000 loss 0.0169 질의 0.9988 전체일치 0.9951
[hop256_n1_full_k1] n=1 N=8 T=20 tau=1 freeze_A=False noov=False FINAL 질의 0.9983 전체일치 0.9940 (236s)
=== TF425 + KERNEL x1 DONE ===
