/usr/local/lib/python3.12/dist-packages/torch/nn/modules/transformer.py:392: UserWarning: enable_nested_tensor is True, but self.use_nested_tensor is False because encoder_layer.norm_first was True
  warnings.warn(
[tfLIT_n1] TF L=2 d=128 heads=4 lr=0.0001 opt=adam sched=const bs=32 steps=100000 T=20 n=1 params=416065 (Model1 d=256 = 427,330)  우연=0.1250
  [tfLIT_n1] step  2500 loss 2.7140 질의 0.1459 전체일치 0.0029
  [tfLIT_n1] step  5000 loss 2.4656 질의 0.1359 전체일치 0.0015
  [tfLIT_n1] step  7500 loss 2.3841 질의 0.1450 전체일치 0.0024
  [tfLIT_n1] step 10000 loss 2.2522 질의 0.1449 전체일치 0.0010
  [tfLIT_n1] step 12500 loss 2.0798 질의 0.1405 전체일치 0.0015
  [tfLIT_n1] step 15000 loss 2.1198 질의 0.1421 전체일치 0.0020
  [tfLIT_n1] step 17500 loss 2.0946 질의 0.1423 전체일치 0.0010
  [tfLIT_n1] step 20000 loss 2.0115 질의 0.1454 전체일치 0.0044
  [tfLIT_n1] step 22500 loss 2.0628 질의 0.1376 전체일치 0.0005
  [tfLIT_n1] step 25000 loss 2.0557 질의 0.1412 전체일치 0.0020
  [tfLIT_n1] step 27500 loss 2.0911 질의 0.1418 전체일치 0.0020
  [tfLIT_n1] step 30000 loss 2.0575 질의 0.1410 전체일치 0.0015
  [tfLIT_n1] step 32500 loss 2.0742 질의 0.1572 전체일치 0.0049
  [tfLIT_n1] step 35000 loss 2.0211 질의 0.1456 전체일치 0.0039
  [tfLIT_n1] step 37500 loss 2.0327 질의 0.1514 전체일치 0.0020
  [tfLIT_n1] step 40000 loss 2.0283 질의 0.1442 전체일치 0.0015
  [tfLIT_n1] step 42500 loss 2.0223 질의 0.1425 전체일치 0.0034
  [tfLIT_n1] step 45000 loss 2.0131 질의 0.1390 전체일치 0.0020
  [tfLIT_n1] step 47500 loss 2.0544 질의 0.1385 전체일치 0.0034
  [tfLIT_n1] step 50000 loss 2.0273 질의 0.1421 전체일치 0.0024
  [tfLIT_n1] step 52500 loss 2.0296 질의 0.1373 전체일치 0.0015
  [tfLIT_n1] step 55000 loss 2.0044 질의 0.1292 전체일치 0.0020
  [tfLIT_n1] step 57500 loss 2.0232 질의 0.1392 전체일치 0.0020
  [tfLIT_n1] step 60000 loss 2.0028 질의 0.1467 전체일치 0.0015
  [tfLIT_n1] step 62500 loss 1.9469 질의 0.1423 전체일치 0.0015
  [tfLIT_n1] step 65000 loss 1.9571 질의 0.1387 전체일치 0.0015
  [tfLIT_n1] step 67500 loss 1.9435 질의 0.1410 전체일치 0.0029
  [tfLIT_n1] step 70000 loss 2.0111 질의 0.1428 전체일치 0.0020
  [tfLIT_n1] step 72500 loss 1.9981 질의 0.1467 전체일치 0.0024
  [tfLIT_n1] step 75000 loss 1.9777 질의 0.1439 전체일치 0.0034
  [tfLIT_n1] step 77500 loss 2.0302 질의 0.1324 전체일치 0.0015
  [tfLIT_n1] step 80000 loss 1.9871 질의 0.1322 전체일치 0.0024
  [tfLIT_n1] step 82500 loss 1.9934 질의 0.1454 전체일치 0.0005
  [tfLIT_n1] step 85000 loss 2.0344 질의 0.1378 전체일치 0.0034
  [tfLIT_n1] step 87500 loss 2.0031 질의 0.1361 전체일치 0.0024
  [tfLIT_n1] step 90000 loss 1.9761 질의 0.1383 전체일치 0.0034
Terminated
/usr/local/lib/python3.12/dist-packages/torch/nn/modules/transformer.py:392: UserWarning: enable_nested_tensor is True, but self.use_nested_tensor is False because encoder_layer.norm_first was True
  warnings.warn(
[tfLIT_n1_bs256] TF L=2 d=128 heads=4 lr=0.0001 opt=adam sched=const bs=256 steps=40000 T=20 n=1 params=416065 (Model1 d=256 = 427,330)  우연=0.1250
  [tfLIT_n1_bs256] step  1000 loss 2.6044 질의 0.1449 전체일치 0.0015
Terminated
=== TF LIT DONE ===
