  [pR1_full] step   500 loss 0.6899 eval_acc 0.4897
  [pR1_full] step  1000 loss 0.6950 eval_acc 0.4912
  [pR1_full] step  1500 loss 0.6929 eval_acc 0.4836
  [pR1_full] step  2000 loss 0.6946 eval_acc 0.4558
  [pR1_full] step  2500 loss 0.6935 eval_acc 0.4990
  [pR1_full] step  3000 loss 0.6922 eval_acc 0.4978
  [pR1_full] step  3500 loss 0.6934 eval_acc 0.4968
  [pR1_full] step  4000 loss 0.6930 eval_acc 0.5054
  [pR1_full] step  4500 loss 0.6928 eval_acc 0.4905
  [pR1_full] step  5000 loss 0.6932 eval_acc 0.5015
  [pR1_full] step  5500 loss 0.6930 eval_acc 0.5022
  [pR1_full] step  6000 loss 0.6929 eval_acc 0.5054
[pR1_full] T=16 freeze_A=False FINAL parity acc = 0.5004  (37s)
  [pR1_frozen] step   500 loss 0.6899 eval_acc 0.4897
  [pR1_frozen] step  1000 loss 0.6943 eval_acc 0.5127
  [pR1_frozen] step  1500 loss 0.6921 eval_acc 0.4829
  [pR1_frozen] step  2000 loss 0.6953 eval_acc 0.4746
  [pR1_frozen] step  2500 loss 0.6936 eval_acc 0.4890
  [pR1_frozen] step  3000 loss 0.6917 eval_acc 0.4878
  [pR1_frozen] step  3500 loss 0.6937 eval_acc 0.4963
  [pR1_frozen] step  4000 loss 0.6929 eval_acc 0.4968
  [pR1_frozen] step  4500 loss 0.6928 eval_acc 0.5054
  [pR1_frozen] step  5000 loss 0.6930 eval_acc 0.4944
  [pR1_frozen] step  5500 loss 0.6931 eval_acc 0.5000
  [pR1_frozen] step  6000 loss 0.6928 eval_acc 0.5046
[pR1_frozen] T=16 freeze_A=True FINAL parity acc = 0.5000  (38s)
  [pR2_full] step   500 loss 0.6906 eval_acc 0.4897
  [pR2_full] step  1000 loss 0.6945 eval_acc 0.4893
  [pR2_full] step  1500 loss 0.6921 eval_acc 0.5173
  [pR2_full] step  2000 loss 0.6957 eval_acc 0.5303
  [pR2_full] step  2500 loss 0.6930 eval_acc 0.5088
  [pR2_full] step  3000 loss 0.6934 eval_acc 0.5068
  [pR2_full] step  3500 loss 0.6941 eval_acc 0.4990
  [pR2_full] step  4000 loss 0.6930 eval_acc 0.5046
  [pR2_full] step  4500 loss 0.0143 eval_acc 0.9985
  [pR2_full] step  5000 loss 0.0009 eval_acc 1.0000
  [pR2_full] step  5500 loss 0.0008 eval_acc 1.0000
  [pR2_full] step  6000 loss 0.0007 eval_acc 1.0000
[pR2_full] T=16 freeze_A=False FINAL parity acc = 1.0000  (67s)
  [pR2_frozen] step   500 loss 0.6912 eval_acc 0.4897
  [pR2_frozen] step  1000 loss 0.6947 eval_acc 0.5090
  [pR2_frozen] step  1500 loss 0.6917 eval_acc 0.4932
  [pR2_frozen] step  2000 loss 0.6932 eval_acc 0.4834
  [pR2_frozen] step  2500 loss 0.6947 eval_acc 0.5024
  [pR2_frozen] step  3000 loss 0.6931 eval_acc 0.5054
  [pR2_frozen] step  3500 loss 0.0737 eval_acc 1.0000
  [pR2_frozen] step  4000 loss 0.0106 eval_acc 1.0000
  [pR2_frozen] step  4500 loss 0.0053 eval_acc 1.0000
  [pR2_frozen] step  5000 loss 0.0044 eval_acc 1.0000
  [pR2_frozen] step  5500 loss 0.0039 eval_acc 1.0000
  [pR2_frozen] step  6000 loss 0.0031 eval_acc 1.0000
[pR2_frozen] T=16 freeze_A=True FINAL parity acc = 1.0000  (46s)
  [pR3_full] step   500 loss 0.6905 eval_acc 0.4897
  [pR3_full] step  1000 loss 0.6927 eval_acc 0.5071
  [pR3_full] step  1500 loss 0.6918 eval_acc 0.4868
  [pR3_full] step  2000 loss 0.6939 eval_acc 0.5061
  [pR3_full] step  2500 loss 0.6941 eval_acc 0.5073
  [pR3_full] step  3000 loss 0.6924 eval_acc 0.4995
  [pR3_full] step  3500 loss 0.6947 eval_acc 0.4937
  [pR3_full] step  4000 loss 0.6929 eval_acc 0.4954
  [pR3_full] step  4500 loss 0.6931 eval_acc 0.4937
  [pR3_full] step  5000 loss 0.0208 eval_acc 0.9839
  [pR3_full] step  5500 loss 0.0167 eval_acc 0.9990
  [pR3_full] step  6000 loss 0.0052 eval_acc 0.9980
[pR3_full] T=16 freeze_A=False FINAL parity acc = 0.9979  (92s)
  [pR3_frozen] step   500 loss 0.6898 eval_acc 0.4897
  [pR3_frozen] step  1000 loss 0.6915 eval_acc 0.5007
  [pR3_frozen] step  1500 loss 0.6923 eval_acc 0.4849
  [pR3_frozen] step  2000 loss 0.6938 eval_acc 0.4832
  [pR3_frozen] step  2500 loss 0.6040 eval_acc 0.6431
  [pR3_frozen] step  3000 loss 0.0248 eval_acc 0.9810
  [pR3_frozen] step  3500 loss 0.0057 eval_acc 0.9966
  [pR3_frozen] step  4000 loss 0.0094 eval_acc 0.9958
  [pR3_frozen] step  4500 loss 0.0096 eval_acc 0.9941
  [pR3_frozen] step  5000 loss 0.0081 eval_acc 0.9954
  [pR3_frozen] step  5500 loss 0.0016 eval_acc 0.9958
  [pR3_frozen] step  6000 loss 0.0066 eval_acc 0.9958
[pR3_frozen] T=16 freeze_A=True FINAL parity acc = 0.9966  (52s)
  [pR4_full] step   500 loss 0.6894 eval_acc 0.4897
  [pR4_full] step  1000 loss 0.6936 eval_acc 0.4937
  [pR4_full] step  1500 loss 0.6923 eval_acc 0.5754
  [pR4_full] step  2000 loss 0.6953 eval_acc 0.5518
  [pR4_full] step  2500 loss 0.6928 eval_acc 0.4751
  [pR4_full] step  3000 loss 0.6926 eval_acc 0.5625
  [pR4_full] step  3500 loss 0.6938 eval_acc 0.4961
  [pR4_full] step  4000 loss 0.6929 eval_acc 0.4570
  [pR4_full] step  4500 loss 0.6930 eval_acc 0.5381
  [pR4_full] step  5000 loss 0.6931 eval_acc 0.5322
  [pR4_full] step  5500 loss 0.6930 eval_acc 0.5525
  [pR4_full] step  6000 loss 0.6930 eval_acc 0.5225
[pR4_full] T=16 freeze_A=False FINAL parity acc = 0.5307  (121s)
  [pR4_frozen] step   500 loss 0.6906 eval_acc 0.4897
  [pR4_frozen] step  1000 loss 0.6955 eval_acc 0.4875
  [pR4_frozen] step  1500 loss 0.6925 eval_acc 0.4856
  [pR4_frozen] step  2000 loss 0.6959 eval_acc 0.4836
  [pR4_frozen] step  2500 loss 0.5523 eval_acc 0.6965
  [pR4_frozen] step  3000 loss 0.0029 eval_acc 0.9988
  [pR4_frozen] step  3500 loss 0.0001 eval_acc 0.9995
  [pR4_frozen] step  4000 loss 0.0001 eval_acc 0.9993
  [pR4_frozen] step  4500 loss 0.0000 eval_acc 0.9988
  [pR4_frozen] step  5000 loss 0.0001 eval_acc 1.0000
  [pR4_frozen] step  5500 loss 0.0000 eval_acc 1.0000
  [pR4_frozen] step  6000 loss 0.0001 eval_acc 1.0000
[pR4_frozen] T=16 freeze_A=True FINAL parity acc = 0.9999  (59s)
  [pR6_full] step   500 loss 0.6909 eval_acc 0.4897
  [pR6_full] step  1000 loss 0.6939 eval_acc 0.4941
  [pR6_full] step  1500 loss 0.6924 eval_acc 0.4871
  [pR6_full] step  2000 loss 0.6942 eval_acc 0.5117
  [pR6_full] step  2500 loss 0.6939 eval_acc 0.5010
  [pR6_full] step  3000 loss 0.6922 eval_acc 0.4934
  [pR6_full] step  3500 loss 0.6939 eval_acc 0.4976
  [pR6_full] step  4000 loss 0.6925 eval_acc 0.4966
  [pR6_full] step  4500 loss 0.6930 eval_acc 0.4939
  [pR6_full] step  5000 loss 0.6933 eval_acc 0.5090
  [pR6_full] step  5500 loss 0.6930 eval_acc 0.5122
  [pR6_full] step  6000 loss 0.6929 eval_acc 0.4861
[pR6_full] T=16 freeze_A=False FINAL parity acc = 0.4960  (180s)
  [pR6_frozen] step   500 loss 0.6904 eval_acc 0.4897
  [pR6_frozen] step  1000 loss 0.6949 eval_acc 0.4912
  [pR6_frozen] step  1500 loss 0.6926 eval_acc 0.4922
  [pR6_frozen] step  2000 loss 0.6924 eval_acc 0.4792
  [pR6_frozen] step  2500 loss 0.6944 eval_acc 0.4939
  [pR6_frozen] step  3000 loss 0.6925 eval_acc 0.4910
  [pR6_frozen] step  3500 loss 0.3718 eval_acc 0.7681
  [pR6_frozen] step  4000 loss 0.0002 eval_acc 0.9993
  [pR6_frozen] step  4500 loss 0.0000 eval_acc 1.0000
  [pR6_frozen] step  5000 loss 0.0000 eval_acc 1.0000
  [pR6_frozen] step  5500 loss 0.0000 eval_acc 1.0000
  [pR6_frozen] step  6000 loss 0.0000 eval_acc 1.0000
[pR6_frozen] T=16 freeze_A=True FINAL parity acc = 0.9999  (77s)
  [pR8_full] step   500 loss 0.6902 eval_acc 0.4897
  [pR8_full] step  1000 loss 0.6927 eval_acc 0.4922
  [pR8_full] step  1500 loss 0.6922 eval_acc 0.4846
  [pR8_full] step  2000 loss 0.6951 eval_acc 0.4336
  [pR8_full] step  2500 loss 0.9335 eval_acc 0.9023
  [pR8_full] step  3000 loss 0.0001 eval_acc 1.0000
  [pR8_full] step  3500 loss 0.0001 eval_acc 1.0000
  [pR8_full] step  4000 loss 0.0000 eval_acc 1.0000
  [pR8_full] step  4500 loss 0.0000 eval_acc 1.0000
  [pR8_full] step  5000 loss 0.0000 eval_acc 1.0000
  [pR8_full] step  5500 loss 0.0000 eval_acc 1.0000
  [pR8_full] step  6000 loss 0.0000 eval_acc 1.0000
[pR8_full] T=16 freeze_A=False FINAL parity acc = 1.0000  (224s)
  [pR8_frozen] step   500 loss 0.6903 eval_acc 0.4897
  [pR8_frozen] step  1000 loss 0.6941 eval_acc 0.4900
  [pR8_frozen] step  1500 loss 0.6929 eval_acc 0.4949
  [pR8_frozen] step  2000 loss 0.4863 eval_acc 0.6919
  [pR8_frozen] step  2500 loss 0.0077 eval_acc 0.9978
  [pR8_frozen] step  3000 loss 0.0001 eval_acc 0.9988
  [pR8_frozen] step  3500 loss 0.0000 eval_acc 1.0000
  [pR8_frozen] step  4000 loss 0.0000 eval_acc 1.0000
  [pR8_frozen] step  4500 loss 0.0000 eval_acc 1.0000
  [pR8_frozen] step  5000 loss 0.0000 eval_acc 1.0000
  [pR8_frozen] step  5500 loss 0.0000 eval_acc 1.0000
  [pR8_frozen] step  6000 loss 0.0000 eval_acc 1.0000
[pR8_frozen] T=16 freeze_A=True FINAL parity acc = 1.0000  (93s)
=== R SWEEP DONE ===
  [pD16_full] step   500 loss 0.6849 eval_acc 0.4973
  [pD16_full] step  1000 loss 0.1300 eval_acc 0.9832
  [pD16_full] step  1500 loss 0.0166 eval_acc 0.9976
  [pD16_full] step  2000 loss 0.0006 eval_acc 1.0000
  [pD16_full] step  2500 loss 0.0002 eval_acc 1.0000
  [pD16_full] step  3000 loss 0.0001 eval_acc 0.9998
  [pD16_full] step  3500 loss 0.0001 eval_acc 1.0000
  [pD16_full] step  4000 loss 0.0000 eval_acc 1.0000
  [pD16_full] step  4500 loss 0.0001 eval_acc 1.0000
  [pD16_full] step  5000 loss 0.0000 eval_acc 1.0000
  [pD16_full] step  5500 loss 0.0000 eval_acc 1.0000
  [pD16_full] step  6000 loss 0.0000 eval_acc 1.0000
[pD16_full] T=16 freeze_A=False FINAL parity acc = 1.0000  (119s)
  [pD16_frozen] step   500 loss 0.6899 eval_acc 0.4897
  [pD16_frozen] step  1000 loss 0.6932 eval_acc 0.4834
  [pD16_frozen] step  1500 loss 0.6938 eval_acc 0.4961
  [pD16_frozen] step  2000 loss 0.6940 eval_acc 0.4827
  [pD16_frozen] step  2500 loss 0.6950 eval_acc 0.4985
  [pD16_frozen] step  3000 loss 0.6917 eval_acc 0.5369
  [pD16_frozen] step  3500 loss 0.6941 eval_acc 0.5073
  [pD16_frozen] step  4000 loss 0.6926 eval_acc 0.4993
  [pD16_frozen] step  4500 loss 0.6923 eval_acc 0.4832
  [pD16_frozen] step  5000 loss 0.6930 eval_acc 0.5000
  [pD16_frozen] step  5500 loss 0.6928 eval_acc 0.5071
  [pD16_frozen] step  6000 loss 0.6930 eval_acc 0.5137
[pD16_frozen] T=16 freeze_A=True FINAL parity acc = 0.5076  (63s)
  [pD32_full] step   500 loss 0.6912 eval_acc 0.4888
  [pD32_full] step  1000 loss 0.6946 eval_acc 0.4963
  [pD32_full] step  1500 loss 0.6921 eval_acc 0.4866
  [pD32_full] step  2000 loss 0.6951 eval_acc 0.4863
  [pD32_full] step  2500 loss 0.6943 eval_acc 0.4995
  [pD32_full] step  3000 loss 0.6919 eval_acc 0.5037
  [pD32_full] step  3500 loss 0.5140 eval_acc 0.7422
  [pD32_full] step  4000 loss 0.0018 eval_acc 0.9995
  [pD32_full] step  4500 loss 0.0009 eval_acc 1.0000
  [pD32_full] step  5000 loss 0.0004 eval_acc 1.0000
  [pD32_full] step  5500 loss 0.0007 eval_acc 1.0000
  [pD32_full] step  6000 loss 0.0002 eval_acc 1.0000
[pD32_full] T=16 freeze_A=False FINAL parity acc = 1.0000  (119s)
  [pD32_frozen] step   500 loss 0.6896 eval_acc 0.4897
  [pD32_frozen] step  1000 loss 0.6937 eval_acc 0.4929
  [pD32_frozen] step  1500 loss 0.6934 eval_acc 0.4844
  [pD32_frozen] step  2000 loss 0.6940 eval_acc 0.4792
  [pD32_frozen] step  2500 loss 0.0011 eval_acc 0.9998
  [pD32_frozen] step  3000 loss 0.0001 eval_acc 1.0000
  [pD32_frozen] step  3500 loss 0.0000 eval_acc 1.0000
  [pD32_frozen] step  4000 loss 0.0000 eval_acc 1.0000
  [pD32_frozen] step  4500 loss 0.0000 eval_acc 1.0000
  [pD32_frozen] step  5000 loss 0.0000 eval_acc 1.0000
  [pD32_frozen] step  5500 loss 0.0000 eval_acc 1.0000
  [pD32_frozen] step  6000 loss 0.0000 eval_acc 1.0000
[pD32_frozen] T=16 freeze_A=True FINAL parity acc = 0.9999  (63s)
=== QUEUE10 DONE ===
