/usr/local/lib/python3.12/dist-packages/torch/nn/modules/transformer.py:392: UserWarning: enable_nested_tensor is True, but self.use_nested_tensor is False because encoder_layer.norm_first was True
  warnings.warn(
[tfV8_n1] TF L=2 d=128 heads=4 lr=0.0001 opt=adam sched=const bs=256 steps=8000 T=20 n=1 params=401673 (Model1 d=256 = 427,330)  우연=0.1250
  [tfV8_n1] step   500 loss 1.9499 질의 0.1454 전체일치 0.0024
  [tfV8_n1] step  1000 loss 1.9526 질의 0.1294 전체일치 0.0024
  [tfV8_n1] step  1500 loss 1.9520 질의 0.1470 전체일치 0.0029
  [tfV8_n1] step  2000 loss 1.9486 질의 0.1388 전체일치 0.0054
  [tfV8_n1] step  2500 loss 1.9477 질의 0.1448 전체일치 0.0015
  [tfV8_n1] step  3000 loss 1.9474 질의 0.1423 전체일치 0.0024
  [tfV8_n1] step  3500 loss 1.9513 질의 0.1366 전체일치 0.0029
  [tfV8_n1] step  4000 loss 1.9470 질의 0.1467 전체일치 0.0029
  [tfV8_n1] step  4500 loss 1.9542 질의 0.1407 전체일치 0.0010
  [tfV8_n1] step  5000 loss 1.9492 질의 0.1438 전체일치 0.0029
  [tfV8_n1] step  5500 loss 1.9489 질의 0.1489 전체일치 0.0049
  [tfV8_n1] step  6000 loss 1.9492 질의 0.1383 전체일치 0.0024
  [tfV8_n1] step  6500 loss 1.9483 질의 0.1364 전체일치 0.0020
  [tfV8_n1] step  7000 loss 1.9498 질의 0.1370 전체일치 0.0015
  [tfV8_n1] step  7500 loss 1.9494 질의 0.1475 전체일치 0.0029
  [tfV8_n1] step  8000 loss 1.9469 질의 0.1503 전체일치 0.0044
[tfV8_n1] TF L=2 d=128 lr=0.0001 n=1 params=401673 FINAL 질의 0.1457 전체일치 0.0032 (최고 0.1503) (85s)
/usr/local/lib/python3.12/dist-packages/torch/nn/modules/transformer.py:392: UserWarning: enable_nested_tensor is True, but self.use_nested_tensor is False because encoder_layer.norm_first was True
  warnings.warn(
[tfV8_n1_hi] TF L=2 d=128 heads=4 lr=0.001 opt=adamw sched=onecycle bs=256 steps=8000 T=20 n=1 params=401673 (Model1 d=256 = 427,330)  우연=0.1250
  [tfV8_n1_hi] step   500 loss 1.9521 질의 0.1355 전체일치 0.0049
  [tfV8_n1_hi] step  1000 loss 1.9580 질의 0.1411 전체일치 0.0054
  [tfV8_n1_hi] step  1500 loss 1.9562 질의 0.1567 전체일치 0.0059
  [tfV8_n1_hi] step  2000 loss 1.9555 질의 0.1434 전체일치 0.0039
  [tfV8_n1_hi] step  2500 loss 1.9452 질의 0.1456 전체일치 0.0029
  [tfV8_n1_hi] step  3000 loss 1.9476 질의 0.1393 전체일치 0.0059
  [tfV8_n1_hi] step  3500 loss 1.9503 질의 0.1354 전체일치 0.0020
  [tfV8_n1_hi] step  4000 loss 1.9458 질의 0.1471 전체일치 0.0068
  [tfV8_n1_hi] step  4500 loss 1.9535 질의 0.1420 전체일치 0.0020
  [tfV8_n1_hi] step  5000 loss 1.9485 질의 0.1454 전체일치 0.0024
  [tfV8_n1_hi] step  5500 loss 1.9472 질의 0.1443 전체일치 0.0005
  [tfV8_n1_hi] step  6000 loss 1.9479 질의 0.1371 전체일치 0.0034
  [tfV8_n1_hi] step  6500 loss 1.9481 질의 0.1411 전체일치 0.0039
  [tfV8_n1_hi] step  7000 loss 1.9474 질의 0.1436 전체일치 0.0024
  [tfV8_n1_hi] step  7500 loss 1.9459 질의 0.1475 전체일치 0.0034
  [tfV8_n1_hi] step  8000 loss 1.9464 질의 0.1427 전체일치 0.0049
[tfV8_n1_hi] TF L=2 d=128 lr=0.001 n=1 params=401673 FINAL 질의 0.1388 전체일치 0.0032 (최고 0.1567) (82s)
[hopV8_n1] T=20 V=8 N=8 Q=4 n=1 tau=1 freeze_A=False noov=False d=256 params=398602 우연=0.1250
  [hopV8_n1] step   250 loss 1.9697 질의 0.1646 전체일치 0.0034
  [hopV8_n1] step   500 loss 1.1200 질의 0.5938 전체일치 0.1738
  [hopV8_n1] step   750 loss 0.5763 질의 0.7579 전체일치 0.4033
  [hopV8_n1] step  1000 loss 0.4110 질의 0.7911 전체일치 0.4717
  [hopV8_n1] step  1250 loss 0.3440 질의 0.8506 전체일치 0.6079
  [hopV8_n1] step  1500 loss 0.2667 질의 0.9015 전체일치 0.7192
  [hopV8_n1] step  1750 loss 0.1028 질의 0.9617 전체일치 0.8745
  [hopV8_n1] step  2000 loss 0.0002 질의 1.0000 전체일치 1.0000
  [hopV8_n1] step  2250 loss 0.0001 질의 1.0000 전체일치 1.0000
  [hopV8_n1] step  2500 loss 0.0002 질의 1.0000 전체일치 1.0000
  [hopV8_n1] step  2750 loss 0.0000 질의 1.0000 전체일치 1.0000
  [hopV8_n1] step  3000 loss 0.0000 질의 1.0000 전체일치 1.0000
  [hopV8_n1] step  3250 loss 0.0000 질의 1.0000 전체일치 1.0000
  [hopV8_n1] step  3500 loss 0.0000 질의 1.0000 전체일치 1.0000
  [hopV8_n1] step  3750 loss 0.0000 질의 1.0000 전체일치 1.0000
  [hopV8_n1] step  4000 loss 0.0000 질의 1.0000 전체일치 1.0000
  [hopV8_n1] step  4250 loss 0.0000 질의 1.0000 전체일치 1.0000
