[L16_n1_frozen] T=20 V=64 N=8 Q=4 n=1 tau=1 freeze_A=True noov=False d=256 params=427330 우연=0.1250
  [L16_n1_frozen] step   250 loss 4.1700 질의 0.0212 전체일치 0.0000
  [L16_n1_frozen] step   500 loss 3.3527 질의 0.1284 전체일치 0.0010
  [L16_n1_frozen] step   750 loss 2.6727 질의 0.1294 전체일치 0.0005
  [L16_n1_frozen] step  1000 loss 2.5582 질의 0.1458 전체일치 0.0010
  [L16_n1_frozen] step  1250 loss 2.4331 질의 0.1505 전체일치 0.0015
  [L16_n1_frozen] step  1500 loss 2.3869 질의 0.1483 전체일치 0.0010
  [L16_n1_frozen] step  1750 loss 2.3446 질의 0.1484 전체일치 0.0010
  [L16_n1_frozen] step  2000 loss 2.3381 질의 0.1544 전체일치 0.0015
  [L16_n1_frozen] step  2250 loss 2.3159 질의 0.1582 전체일치 0.0020
  [L16_n1_frozen] step  2500 loss 2.2673 질의 0.1793 전체일치 0.0020
  [L16_n1_frozen] step  2750 loss 1.2928 질의 0.5454 전체일치 0.1162
  [L16_n1_frozen] step  3000 loss 0.9606 질의 0.6693 전체일치 0.2476
  [L16_n1_frozen] step  3250 loss 0.8103 질의 0.6873 전체일치 0.2612
  [L16_n1_frozen] step  3500 loss 0.7550 질의 0.7098 전체일치 0.2939
  [L16_n1_frozen] step  3750 loss 0.6698 질의 0.7336 전체일치 0.3325
  [L16_n1_frozen] step  4000 loss 0.6410 질의 0.7327 전체일치 0.3228
  [L16_n1_frozen] step  4250 loss 0.6598 질의 0.7500 전체일치 0.3618
  [L16_n1_frozen] step  4500 loss 0.6102 질의 0.7535 전체일치 0.3745
  [L16_n1_frozen] step  4750 loss 0.6272 질의 0.7424 전체일치 0.3545
  [L16_n1_frozen] step  5000 loss 0.5744 질의 0.7532 전체일치 0.3838
  [L16_n1_frozen] step  5250 loss 0.5858 질의 0.7632 전체일치 0.3877
  [L16_n1_frozen] step  5500 loss 0.5310 질의 0.7668 전체일치 0.3887
  [L16_n1_frozen] step  5750 loss 0.5218 질의 0.7672 전체일치 0.3940
  [L16_n1_frozen] step  6000 loss 0.5519 질의 0.7797 전체일치 0.4180
  [L16_n1_frozen] step  6250 loss 0.5175 질의 0.7776 전체일치 0.4102
  [L16_n1_frozen] step  6500 loss 0.5084 질의 0.7792 전체일치 0.4155
  [L16_n1_frozen] step  6750 loss 0.5507 질의 0.7836 전체일치 0.4258
  [L16_n1_frozen] step  7000 loss 0.4535 질의 0.7894 전체일치 0.4414
  [L16_n1_frozen] step  7250 loss 0.0796 질의 0.9781 전체일치 0.9224
  [L16_n1_frozen] step  7500 loss 0.0276 질의 0.9930 전체일치 0.9746
  [L16_n1_frozen] step  7750 loss 0.0126 질의 0.9971 전체일치 0.9883
  [L16_n1_frozen] step  8000 loss 0.0073 질의 0.9979 전체일치 0.9917
  [L16_n1_frozen] step  8250 loss 0.0020 질의 0.9995 전체일치 0.9980
  [L16_n1_frozen] step  8500 loss 0.0029 질의 0.9985 전체일치 0.9951
  [L16_n1_frozen] step  8750 loss 0.0010 질의 0.9995 전체일치 0.9980
  [L16_n1_frozen] step  9000 loss 0.0019 질의 0.9998 전체일치 0.9990
  [L16_n1_frozen] step  9250 loss 0.0022 질의 0.9995 전체일치 0.9980
  [L16_n1_frozen] step  9500 loss 0.0009 질의 1.0000 전체일치 1.0000
  [L16_n1_frozen] step  9750 loss 0.0004 질의 0.9995 전체일치 0.9980
  [L16_n1_frozen] step 10000 loss 0.0021 질의 0.9996 전체일치 0.9985
  [L16_n1_frozen] step 10250 loss 0.0003 질의 0.9998 전체일치 0.9990
  [L16_n1_frozen] step 10500 loss 0.0018 질의 0.9998 전체일치 0.9990
  [L16_n1_frozen] step 10750 loss 0.0001 질의 0.9998 전체일치 0.9990
  [L16_n1_frozen] step 11000 loss 0.0008 질의 0.9998 전체일치 0.9990
  [L16_n1_frozen] step 11250 loss 0.0002 질의 0.9999 전체일치 0.9995
  [L16_n1_frozen] step 11500 loss 0.0001 질의 0.9998 전체일치 0.9990
  [L16_n1_frozen] step 11750 loss 0.0000 질의 1.0000 전체일치 1.0000
  [L16_n1_frozen] step 12000 loss 0.0001 질의 1.0000 전체일치 1.0000
  [L16_n1_frozen] step 12250 loss 0.0000 질의 1.0000 전체일치 1.0000
  [L16_n1_frozen] step 12500 loss 0.0001 질의 1.0000 전체일치 1.0000
  [L16_n1_frozen] step 12750 loss 0.0000 질의 1.0000 전체일치 1.0000
  [L16_n1_frozen] step 13000 loss 0.0000 질의 1.0000 전체일치 1.0000
  [L16_n1_frozen] step 13250 loss 0.0000 질의 1.0000 전체일치 1.0000
  [L16_n1_frozen] step 13500 loss 0.0002 질의 1.0000 전체일치 1.0000
  [L16_n1_frozen] step 13750 loss 0.0000 질의 1.0000 전체일치 1.0000
  [L16_n1_frozen] step 14000 loss 0.0000 질의 1.0000 전체일치 1.0000
  [L16_n1_frozen] step 14250 loss 0.0002 질의 1.0000 전체일치 1.0000
  [L16_n1_frozen] step 14500 loss 0.0000 질의 1.0000 전체일치 1.0000
  [L16_n1_frozen] step 14750 loss 0.0000 질의 1.0000 전체일치 1.0000
  [L16_n1_frozen] step 15000 loss 0.0000 질의 1.0000 전체일치 1.0000
  [L16_n1_frozen] step 15250 loss 0.0000 질의 1.0000 전체일치 1.0000
  [L16_n1_frozen] step 15500 loss 0.0000 질의 1.0000 전체일치 1.0000
  [L16_n1_frozen] step 15750 loss 0.0000 질의 1.0000 전체일치 1.0000
  [L16_n1_frozen] step 16000 loss 0.0000 질의 1.0000 전체일치 1.0000
[L16_n1_frozen] n=1 N=8 T=20 tau=1 freeze_A=True noov=False FINAL 질의 1.0000 전체일치 1.0000 (589s)
[L16_n2_full] T=20 V=64 N=8 Q=4 n=2 tau=1 freeze_A=False noov=False d=256 params=427330 우연=0.1250
  [L16_n2_full] step   250 loss 4.1679 질의 0.0221 전체일치 0.0000
  [L16_n2_full] step   500 loss 3.1371 질의 0.1260 전체일치 0.0000
  [L16_n2_full] step   750 loss 2.6140 질의 0.1245 전체일치 0.0010
  [L16_n2_full] step  1000 loss 2.4393 질의 0.1337 전체일치 0.0005
  [L16_n2_full] step  1250 loss 2.4050 질의 0.1436 전체일치 0.0005
  [L16_n2_full] step  1500 loss 2.3634 질의 0.1400 전체일치 0.0010
  [L16_n2_full] step  1750 loss 2.3201 질의 0.1543 전체일치 0.0024
  [L16_n2_full] step  2000 loss 2.2459 질의 0.1433 전체일치 0.0010
  [L16_n2_full] step  2250 loss 2.2202 질의 0.1434 전체일치 0.0015
  [L16_n2_full] step  2500 loss 2.2457 질의 0.1467 전체일치 0.0005
  [L16_n2_full] step  2750 loss 2.1993 질의 0.1436 전체일치 0.0015
  [L16_n2_full] step  3000 loss 2.1965 질의 0.1418 전체일치 0.0005
  [L16_n2_full] step  3250 loss 2.1027 질의 0.1444 전체일치 0.0005
  [L16_n2_full] step  3500 loss 2.1126 질의 0.1494 전체일치 0.0015
  [L16_n2_full] step  3750 loss 2.1171 질의 0.1461 전체일치 0.0010
  [L16_n2_full] step  4000 loss 2.0779 질의 0.1429 전체일치 0.0005
  [L16_n2_full] step  4250 loss 2.0747 질의 0.1476 전체일치 0.0010
  [L16_n2_full] step  4500 loss 2.0834 질의 0.1443 전체일치 0.0020
  [L16_n2_full] step  4750 loss 2.0917 질의 0.1411 전체일치 0.0020
  [L16_n2_full] step  5000 loss 2.0847 질의 0.1432 전체일치 0.0010
  [L16_n2_full] step  5250 loss 2.0850 질의 0.1411 전체일치 0.0005
  [L16_n2_full] step  5500 loss 2.0711 질의 0.1388 전체일치 0.0005
  [L16_n2_full] step  5750 loss 2.0665 질의 0.1459 전체일치 0.0015
  [L16_n2_full] step  6000 loss 2.0896 질의 0.1450 전체일치 0.0010
  [L16_n2_full] step  6250 loss 2.0364 질의 0.1422 전체일치 0.0000
  [L16_n2_full] step  6500 loss 2.0451 질의 0.1407 전체일치 0.0010
  [L16_n2_full] step  6750 loss 2.0670 질의 0.1377 전체일치 0.0000
  [L16_n2_full] step  7000 loss 2.0553 질의 0.1460 전체일치 0.0015
  [L16_n2_full] step  7250 loss 2.0380 질의 0.1400 전체일치 0.0005
  [L16_n2_full] step  7500 loss 2.0482 질의 0.1394 전체일치 0.0005
  [L16_n2_full] step  7750 loss 2.0310 질의 0.1394 전체일치 0.0005
  [L16_n2_full] step  8000 loss 2.0474 질의 0.1373 전체일치 0.0015
  [L16_n2_full] step  8250 loss 2.0084 질의 0.1415 전체일치 0.0000
  [L16_n2_full] step  8500 loss 2.0396 질의 0.1438 전체일치 0.0000
  [L16_n2_full] step  8750 loss 2.0264 질의 0.1466 전체일치 0.0020
  [L16_n2_full] step  9000 loss 2.0239 질의 0.1466 전체일치 0.0015
  [L16_n2_full] step  9250 loss 2.0127 질의 0.1400 전체일치 0.0015
  [L16_n2_full] step  9500 loss 2.0090 질의 0.1426 전체일치 0.0000
  [L16_n2_full] step  9750 loss 2.0113 질의 0.1416 전체일치 0.0005
  [L16_n2_full] step 10000 loss 2.0112 질의 0.1440 전체일치 0.0010
  [L16_n2_full] step 10250 loss 2.0031 질의 0.1500 전체일치 0.0010
  [L16_n2_full] step 10500 loss 1.9873 질의 0.1475 전체일치 0.0020
  [L16_n2_full] step 10750 loss 1.9890 질의 0.1439 전체일치 0.0015
  [L16_n2_full] step 11000 loss 1.9865 질의 0.1376 전체일치 0.0015
  [L16_n2_full] step 11250 loss 1.9983 질의 0.1490 전체일치 0.0000
  [L16_n2_full] step 11500 loss 2.0068 질의 0.1382 전체일치 0.0015
  [L16_n2_full] step 11750 loss 1.9765 질의 0.1429 전체일치 0.0000
  [L16_n2_full] step 12000 loss 1.9753 질의 0.1401 전체일치 0.0020
  [L16_n2_full] step 12250 loss 1.9834 질의 0.1439 전체일치 0.0005
  [L16_n2_full] step 12500 loss 1.9695 질의 0.1425 전체일치 0.0010
  [L16_n2_full] step 12750 loss 1.9700 질의 0.1437 전체일치 0.0005
  [L16_n2_full] step 13000 loss 1.9756 질의 0.1292 전체일치 0.0010
  [L16_n2_full] step 13250 loss 1.9704 질의 0.1501 전체일치 0.0015
  [L16_n2_full] step 13500 loss 1.9657 질의 0.1437 전체일치 0.0000
  [L16_n2_full] step 13750 loss 1.9686 질의 0.1403 전체일치 0.0010
  [L16_n2_full] step 14000 loss 1.9585 질의 0.1445 전체일치 0.0015
  [L16_n2_full] step 14250 loss 1.9589 질의 0.1439 전체일치 0.0005
  [L16_n2_full] step 14500 loss 1.9571 질의 0.1444 전체일치 0.0029
  [L16_n2_full] step 14750 loss 1.9589 질의 0.1467 전체일치 0.0015
  [L16_n2_full] step 15000 loss 1.9527 질의 0.1465 전체일치 0.0005
  [L16_n2_full] step 15250 loss 1.9546 질의 0.1442 전체일치 0.0000
  [L16_n2_full] step 15500 loss 1.9547 질의 0.1365 전체일치 0.0005
  [L16_n2_full] step 15750 loss 1.9503 질의 0.1409 전체일치 0.0000
  [L16_n2_full] step 16000 loss 1.9539 질의 0.1411 전체일치 0.0015
[L16_n2_full] n=2 N=8 T=20 tau=1 freeze_A=False noov=False FINAL 질의 0.1414 전체일치 0.0004 (931s)
[L16_n2_frozen] T=20 V=64 N=8 Q=4 n=2 tau=1 freeze_A=True noov=False d=256 params=427330 우연=0.1250
  [L16_n2_frozen] step   250 loss 4.1676 질의 0.0201 전체일치 0.0000
  [L16_n2_frozen] step   500 loss 3.3886 질의 0.1272 전체일치 0.0005
  [L16_n2_frozen] step   750 loss 2.7274 질의 0.1324 전체일치 0.0010
  [L16_n2_frozen] step  1000 loss 2.5368 질의 0.1313 전체일치 0.0010
  [L16_n2_frozen] step  1250 loss 2.4944 질의 0.1427 전체일치 0.0010
  [L16_n2_frozen] step  1500 loss 2.4314 질의 0.1440 전체일치 0.0010
  [L16_n2_frozen] step  1750 loss 2.3939 질의 0.1483 전체일치 0.0020
Terminated
[L16_n1_full] T=20 V=64 N=8 Q=4 n=1 tau=1 freeze_A=False noov=False d=256 params=427330 우연=0.1250
  [L16_n1_full] step   250 loss 4.1714 질의 0.0237 전체일치 0.0000
  [L16_n1_full] step   500 loss 3.1189 질의 0.1177 전체일치 0.0000
  [L16_n1_full] step   750 loss 2.5714 질의 0.1301 전체일치 0.0000
  [L16_n1_full] step  1000 loss 2.4471 질의 0.1456 전체일치 0.0010
  [L16_n1_full] step  1250 loss 2.3263 질의 0.1417 전체일치 0.0010
Terminated
=== LADDER16K DONE ===
