[hop256_n1_full] T=20 V=64 N=8 Q=4 n=1 tau=1 freeze_A=False noov=False d=256 params=427330 우연=0.1250
  [hop256_n1_full] step   250 loss 3.0485 질의 0.1244 전체일치 0.0000
  [hop256_n1_full] step   500 loss 2.4877 질의 0.1387 전체일치 0.0010
  [hop256_n1_full] step   750 loss 2.3475 질의 0.1499 전체일치 0.0020
  [hop256_n1_full] step  1000 loss 2.2761 질의 0.1447 전체일치 0.0005
  [hop256_n1_full] step  1250 loss 2.1879 질의 0.1478 전체일치 0.0015
  [hop256_n1_full] step  1500 loss 2.1567 질의 0.1415 전체일치 0.0010
  [hop256_n1_full] step  1750 loss 2.1093 질의 0.1470 전체일치 0.0000
  [hop256_n1_full] step  2000 loss 2.0647 질의 0.1492 전체일치 0.0015
  [hop256_n1_full] step  2250 loss 2.0404 질의 0.1707 전체일치 0.0010
  [hop256_n1_full] step  2500 loss 1.6862 질의 0.3297 전체일치 0.0239
  [hop256_n1_full] step  2750 loss 1.1272 질의 0.5771 전체일치 0.1416
  [hop256_n1_full] step  3000 loss 0.1344 질의 0.9828 전체일치 0.9375
  [hop256_n1_full] step  3250 loss 0.0314 질의 0.9978 전체일치 0.9912
  [hop256_n1_full] step  3500 loss 0.0164 질의 0.9993 전체일치 0.9971
  [hop256_n1_full] step  3750 loss 0.0154 질의 0.9994 전체일치 0.9976
  [hop256_n1_full] step  4000 loss 0.0133 질의 0.9994 전체일치 0.9976
[hop256_n1_full] n=1 N=8 T=20 tau=1 freeze_A=False noov=False FINAL 질의 0.9990 전체일치 0.9962 (246s)
[hop256_n1_frozen] T=20 V=64 N=8 Q=4 n=1 tau=1 freeze_A=True noov=False d=256 params=427330 우연=0.1250
  [hop256_n1_frozen] step   250 loss 3.2363 질의 0.1329 전체일치 0.0015
  [hop256_n1_frozen] step   500 loss 2.5962 질의 0.1436 전체일치 0.0015
  [hop256_n1_frozen] step   750 loss 2.4574 질의 0.1434 전체일치 0.0015
  [hop256_n1_frozen] step  1000 loss 2.3872 질의 0.1493 전체일치 0.0010
  [hop256_n1_frozen] step  1250 loss 2.3103 질의 0.1472 전체일치 0.0015
  [hop256_n1_frozen] step  1500 loss 2.2948 질의 0.1436 전체일치 0.0015
  [hop256_n1_frozen] step  1750 loss 2.2499 질의 0.1477 전체일치 0.0000
  [hop256_n1_frozen] step  2000 loss 2.2139 질의 0.1487 전체일치 0.0005
  [hop256_n1_frozen] step  2250 loss 2.2474 질의 0.1497 전체일치 0.0020
  [hop256_n1_frozen] step  2500 loss 2.1777 질의 0.1415 전체일치 0.0015
  [hop256_n1_frozen] step  2750 loss 2.1654 질의 0.1417 전체일치 0.0029
  [hop256_n1_frozen] step  3000 loss 2.1388 질의 0.1462 전체일치 0.0024
  [hop256_n1_frozen] step  3250 loss 2.1442 질의 0.1543 전체일치 0.0024
  [hop256_n1_frozen] step  3500 loss 2.1191 질의 0.1465 전체일치 0.0020
  [hop256_n1_frozen] step  3750 loss 2.1334 질의 0.1512 전체일치 0.0005
  [hop256_n1_frozen] step  4000 loss 2.1240 질의 0.1436 전체일치 0.0010
[hop256_n1_frozen] n=1 N=8 T=20 tau=1 freeze_A=True noov=False FINAL 질의 0.1466 전체일치 0.0011 (152s)
