[g32.0] params=26506  dev=cuda  steps=2808
[g32.0] epoch 0 test_acc 0.6161  (79s)
  step   600 loss 1.3897 acc 0.625 |h|max 0.50 rho 5.44 gam 32.000 kap 136.0
[g32.0] epoch 1 test_acc 0.8502  (154s)
  step  1200 loss 0.5264 acc 0.906 |h|max 0.50 rho 4.42 gam 32.000 kap 162.0
[g32.0] epoch 2 test_acc 0.8950  (228s)
  step  1800 loss 0.4431 acc 0.938 |h|max 0.50 rho 3.80 gam 32.000 kap 168.5
[g32.0] epoch 3 test_acc 0.9161  (301s)
[g32.0] epoch 4 test_acc 0.9425  (373s)
  step  2400 loss 0.6807 acc 0.969 |h|max 0.50 rho 3.67 gam 32.000 kap 169.6
[g32.0] epoch 5 test_acc 0.9441  (446s)
[g32.0] done. final test_acc=0.9441
max||h|| at r=8/32/64: 0.50/0.50/0.50  (bound 3.3)  판정: 느린 이완
주기성: 0 스텝, 상관 None
refine acc: ['R=2:0.448', 'R=4:0.896', 'R=8:0.934', 'R=12:0.932', 'R=16:0.929', 'R=24:0.914', 'R=32:0.911', 'R=48:0.879', 'R=64:0.828', 'R=96:0.771']
[g32.0] FTLE λ = -1.459 /τ  → 수축  | 자기상관 lag=1 +0.64, lag=3 +0.58
[g128.0] params=26506  dev=cuda  steps=2808
[g128.0] epoch 0 test_acc 0.2115  (75s)
  step   600 loss 1.9368 acc 0.172 |h|max 0.25 rho 5.89 gam 128.000 kap 170.2
[g128.0] epoch 1 test_acc 0.2165  (149s)
  step  1200 loss 1.6909 acc 0.195 |h|max 0.25 rho 6.40 gam 128.000 kap 203.8
[g128.0] epoch 2 test_acc 0.2502  (224s)
  step  1800 loss 1.7815 acc 0.320 |h|max 0.25 rho 7.18 gam 128.000 kap 211.2
[g128.0] epoch 3 test_acc 0.3754  (297s)
[g128.0] epoch 4 test_acc 0.4605  (370s)
  step  2400 loss 1.6567 acc 0.508 |h|max 0.25 rho 6.22 gam 128.000 kap 207.0
[g128.0] epoch 5 test_acc 0.4610  (443s)
[g128.0] done. final test_acc=0.4610
max||h|| at r=8/32/64: 0.25/0.25/0.25  (bound 1.8)  판정: 고정점 수렴
주기성: 0 스텝, 상관 None
refine acc: ['R=2:0.248', 'R=4:0.437', 'R=8:0.473', 'R=12:0.471', 'R=16:0.459', 'R=24:0.438', 'R=32:0.401', 'R=48:0.336', 'R=64:0.326', 'R=96:0.324']
[g128.0] FTLE λ = -3.047 /τ  → 수축  | 자기상관 lag=1 +0.59, lag=3 +0.55
[g0.02  ] clean 0.9668 | acc@σ 0.05:0.965 0.1:0.964 0.2:0.946 0.4:0.880 0.8:0.505 | flip@σ=0.1 0.007 σ=0.4 0.106
[g0.1   ] clean 0.9600 | acc@σ 0.05:0.961 0.1:0.953 0.2:0.948 0.4:0.815 0.8:0.413 | flip@σ=0.1 0.015 σ=0.4 0.172
[g0.5   ] clean 0.9590 | acc@σ 0.05:0.953 0.1:0.944 0.2:0.929 0.4:0.737 0.8:0.277 | flip@σ=0.1 0.029 σ=0.4 0.259
[g2.0   ] clean 0.9609 | acc@σ 0.05:0.954 0.1:0.945 0.2:0.914 0.4:0.667 0.8:0.229 | flip@σ=0.1 0.026 σ=0.4 0.329
[g8.0   ] clean 0.9473 | acc@σ 0.05:0.942 0.1:0.938 0.2:0.881 0.4:0.677 0.8:0.300 | flip@σ=0.1 0.027 σ=0.4 0.319
[g32.0  ] clean 0.9336 | acc@σ 0.05:0.934 0.1:0.914 0.2:0.888 0.4:0.673 0.8:0.288 | flip@σ=0.1 0.041 σ=0.4 0.321
[g128.0 ] clean 0.4727 | acc@σ 0.05:0.472 0.1:0.466 0.2:0.438 0.4:0.372 0.8:0.245 | flip@σ=0.1 0.072 σ=0.4 0.309
[full   ] clean 0.9717 | acc@σ 0.05:0.969 0.1:0.972 0.2:0.960 0.4:0.865 0.8:0.464 | flip@σ=0.1 0.012 σ=0.4 0.120
[randR  ] clean 0.9609 | acc@σ 0.05:0.964 0.1:0.960 0.2:0.955 0.4:0.900 0.8:0.508 | flip@σ=0.1 0.011 σ=0.4 0.088
=== QUEUE5 DONE ===
