  [pR2_full_s1] step   500 loss 0.6941 eval_acc 0.5115
  [pR2_full_s1] step  1000 loss 0.6922 eval_acc 0.3972
  [pR2_full_s1] step  1500 loss 0.6932 eval_acc 0.5996
  [pR2_full_s1] step  2000 loss 0.6940 eval_acc 0.4971
  [pR2_full_s1] step  2500 loss 0.6921 eval_acc 0.4890
  [pR2_full_s1] step  3000 loss 0.1905 eval_acc 0.9744
  [pR2_full_s1] step  3500 loss 0.0014 eval_acc 0.9958
  [pR2_full_s1] step  4000 loss 0.0066 eval_acc 0.9985
  [pR2_full_s1] step  4500 loss 0.0005 eval_acc 0.9990
  [pR2_full_s1] step  5000 loss 0.0186 eval_acc 1.0000
  [pR2_full_s1] step  5500 loss 0.0006 eval_acc 0.9998
  [pR2_full_s1] step  6000 loss 0.0016 eval_acc 0.9998
[pR2_full_s1] T=16 freeze_A=False FINAL parity acc = 0.9995  (71s)
  [pR2_frozen_s1] step   500 loss 0.6949 eval_acc 0.5139
  [pR2_frozen_s1] step  1000 loss 0.6947 eval_acc 0.5024
  [pR2_frozen_s1] step  1500 loss 0.6924 eval_acc 0.5100
  [pR2_frozen_s1] step  2000 loss 0.6931 eval_acc 0.4871
  [pR2_frozen_s1] step  2500 loss 0.6926 eval_acc 0.4543
  [pR2_frozen_s1] step  3000 loss 0.6931 eval_acc 0.4919
  [pR2_frozen_s1] step  3500 loss 0.6934 eval_acc 0.4453
  [pR2_frozen_s1] step  4000 loss 0.6932 eval_acc 0.4993
  [pR2_frozen_s1] step  4500 loss 0.6934 eval_acc 0.6067
  [pR2_frozen_s1] step  5000 loss 0.6933 eval_acc 0.5486
  [pR2_frozen_s1] step  5500 loss 0.6932 eval_acc 0.4900
  [pR2_frozen_s1] step  6000 loss 0.6935 eval_acc 0.4980
[pR2_frozen_s1] T=16 freeze_A=True FINAL parity acc = 0.4936  (49s)
  [pR2_full_s2] step   500 loss 0.6943 eval_acc 0.4973
  [pR2_full_s2] step  1000 loss 0.6940 eval_acc 0.5649
  [pR2_full_s2] step  1500 loss 0.6934 eval_acc 0.5938
  [pR2_full_s2] step  2000 loss 0.6936 eval_acc 0.4927
  [pR2_full_s2] step  2500 loss 0.6933 eval_acc 0.5222
  [pR2_full_s2] step  3000 loss 0.6692 eval_acc 0.6848
  [pR2_full_s2] step  3500 loss 0.0169 eval_acc 0.9985
  [pR2_full_s2] step  4000 loss 0.0012 eval_acc 0.9998
  [pR2_full_s2] step  4500 loss 0.0011 eval_acc 1.0000
  [pR2_full_s2] step  5000 loss 0.0014 eval_acc 0.9993
  [pR2_full_s2] step  5500 loss 0.0010 eval_acc 0.9995
  [pR2_full_s2] step  6000 loss 0.0002 eval_acc 0.9995
[pR2_full_s2] T=16 freeze_A=False FINAL parity acc = 0.9993  (65s)
  [pR2_frozen_s2] step   500 loss 0.6943 eval_acc 0.4944
  [pR2_frozen_s2] step  1000 loss 0.6907 eval_acc 0.5000
  [pR2_frozen_s2] step  1500 loss 0.6918 eval_acc 0.4946
  [pR2_frozen_s2] step  2000 loss 0.6942 eval_acc 0.4922
  [pR2_frozen_s2] step  2500 loss 0.6933 eval_acc 0.5227
  [pR2_frozen_s2] step  3000 loss 0.6941 eval_acc 0.5046
  [pR2_frozen_s2] step  3500 loss 0.2212 eval_acc 0.9326
  [pR2_frozen_s2] step  4000 loss 0.0233 eval_acc 0.9995
  [pR2_frozen_s2] step  4500 loss 0.0088 eval_acc 1.0000
  [pR2_frozen_s2] step  5000 loss 0.0042 eval_acc 1.0000
  [pR2_frozen_s2] step  5500 loss 0.0049 eval_acc 1.0000
  [pR2_frozen_s2] step  6000 loss 0.0050 eval_acc 1.0000
[pR2_frozen_s2] T=16 freeze_A=True FINAL parity acc = 1.0000  (47s)
  [pR2_full_s3] step   500 loss 0.6958 eval_acc 0.4934
  [pR2_full_s3] step  1000 loss 0.6923 eval_acc 0.5068
  [pR2_full_s3] step  1500 loss 0.0105 eval_acc 0.9958
  [pR2_full_s3] step  2000 loss 0.0045 eval_acc 0.9995
  [pR2_full_s3] step  2500 loss 0.0034 eval_acc 0.9998
  [pR2_full_s3] step  3000 loss 0.0006 eval_acc 0.9998
  [pR2_full_s3] step  3500 loss 0.0019 eval_acc 1.0000
  [pR2_full_s3] step  4000 loss 0.0002 eval_acc 0.9993
  [pR2_full_s3] step  4500 loss 0.0005 eval_acc 1.0000
  [pR2_full_s3] step  5000 loss 0.0002 eval_acc 1.0000
  [pR2_full_s3] step  5500 loss 0.0000 eval_acc 1.0000
  [pR2_full_s3] step  6000 loss 0.0001 eval_acc 1.0000
[pR2_full_s3] T=16 freeze_A=False FINAL parity acc = 1.0000  (67s)
  [pR2_frozen_s3] step   500 loss 0.6955 eval_acc 0.4934
  [pR2_frozen_s3] step  1000 loss 0.2039 eval_acc 0.9390
  [pR2_frozen_s3] step  1500 loss 0.0222 eval_acc 0.9958
  [pR2_frozen_s3] step  2000 loss 0.0157 eval_acc 0.9961
  [pR2_frozen_s3] step  2500 loss 0.0367 eval_acc 0.9966
  [pR2_frozen_s3] step  3000 loss 0.0133 eval_acc 0.9961
  [pR2_frozen_s3] step  3500 loss 0.0501 eval_acc 0.9954
  [pR2_frozen_s3] step  4000 loss 0.0022 eval_acc 0.9958
  [pR2_frozen_s3] step  4500 loss 0.0109 eval_acc 0.9954
  [pR2_frozen_s3] step  5000 loss 0.0171 eval_acc 0.9966
  [pR2_frozen_s3] step  5500 loss 0.0032 eval_acc 0.9968
  [pR2_frozen_s3] step  6000 loss 0.0070 eval_acc 0.9968
[pR2_frozen_s3] T=16 freeze_A=True FINAL parity acc = 0.9957  (52s)
  [pR2_full_s4] step   500 loss 0.6911 eval_acc 0.4980
  [pR2_full_s4] step  1000 loss 0.6901 eval_acc 0.4980
  [pR2_full_s4] step  1500 loss 0.0424 eval_acc 0.9636
  [pR2_full_s4] step  2000 loss 0.0001 eval_acc 1.0000
  [pR2_full_s4] step  2500 loss 0.0000 eval_acc 1.0000
  [pR2_full_s4] step  3000 loss 0.0000 eval_acc 1.0000
  [pR2_full_s4] step  3500 loss 0.0000 eval_acc 1.0000
  [pR2_full_s4] step  4000 loss 0.0000 eval_acc 1.0000
  [pR2_full_s4] step  4500 loss 0.0000 eval_acc 1.0000
  [pR2_full_s4] step  5000 loss 0.0000 eval_acc 1.0000
  [pR2_full_s4] step  5500 loss 0.0000 eval_acc 1.0000
  [pR2_full_s4] step  6000 loss 0.0000 eval_acc 1.0000
[pR2_full_s4] T=16 freeze_A=False FINAL parity acc = 1.0000  (70s)
  [pR2_frozen_s4] step   500 loss 0.6911 eval_acc 0.5068
  [pR2_frozen_s4] step  1000 loss 0.6954 eval_acc 0.5022
  [pR2_frozen_s4] step  1500 loss 0.6922 eval_acc 0.4971
  [pR2_frozen_s4] step  2000 loss 0.0816 eval_acc 0.9573
  [pR2_frozen_s4] step  2500 loss 0.0172 eval_acc 0.9949
  [pR2_frozen_s4] step  3000 loss 0.0174 eval_acc 0.9958
  [pR2_frozen_s4] step  3500 loss 0.0038 eval_acc 0.9956
  [pR2_frozen_s4] step  4000 loss 0.0179 eval_acc 0.9966
  [pR2_frozen_s4] step  4500 loss 0.0189 eval_acc 0.9963
  [pR2_frozen_s4] step  5000 loss 0.0057 eval_acc 0.9954
  [pR2_frozen_s4] step  5500 loss 0.0106 eval_acc 0.9954
  [pR2_frozen_s4] step  6000 loss 0.0255 eval_acc 0.9961
[pR2_frozen_s4] T=16 freeze_A=True FINAL parity acc = 0.9959  (50s)
  [pR4_full_s1] step   500 loss 0.6929 eval_acc 0.5046
  [pR4_full_s1] step  1000 loss 0.6935 eval_acc 0.5027
  [pR4_full_s1] step  1500 loss 0.6936 eval_acc 0.5059
  [pR4_full_s1] step  2000 loss 0.0055 eval_acc 0.9990
  [pR4_full_s1] step  2500 loss 0.0001 eval_acc 1.0000
  [pR4_full_s1] step  3000 loss 0.0002 eval_acc 1.0000
  [pR4_full_s1] step  3500 loss 0.0000 eval_acc 1.0000
  [pR4_full_s1] step  4000 loss 0.0001 eval_acc 1.0000
  [pR4_full_s1] step  4500 loss 0.0000 eval_acc 1.0000
  [pR4_full_s1] step  5000 loss 0.0001 eval_acc 1.0000
  [pR4_full_s1] step  5500 loss 0.0000 eval_acc 1.0000
  [pR4_full_s1] step  6000 loss 0.0000 eval_acc 1.0000
[pR4_full_s1] T=16 freeze_A=False FINAL parity acc = 1.0000  (126s)
  [pR4_frozen_s1] step   500 loss 0.6944 eval_acc 0.5134
  [pR4_frozen_s1] step  1000 loss 0.6937 eval_acc 0.4946
  [pR4_frozen_s1] step  1500 loss 0.6920 eval_acc 0.5032
  [pR4_frozen_s1] step  2000 loss 0.6941 eval_acc 0.4963
  [pR4_frozen_s1] step  2500 loss 0.6932 eval_acc 0.4968
  [pR4_frozen_s1] step  3000 loss 0.6933 eval_acc 0.4963
  [pR4_frozen_s1] step  3500 loss 0.6928 eval_acc 0.5125
  [pR4_frozen_s1] step  4000 loss 0.6939 eval_acc 0.5061
  [pR4_frozen_s1] step  4500 loss 0.6931 eval_acc 0.4990
  [pR4_frozen_s1] step  5000 loss 0.6934 eval_acc 0.5071
  [pR4_frozen_s1] step  5500 loss 0.6928 eval_acc 0.4905
  [pR4_frozen_s1] step  6000 loss 0.6936 eval_acc 0.4980
[pR4_frozen_s1] T=16 freeze_A=True FINAL parity acc = 0.4935  (61s)
  [pR4_full_s2] step   500 loss 0.6957 eval_acc 0.4973
  [pR4_full_s2] step  1000 loss 0.6929 eval_acc 0.5129
  [pR4_full_s2] step  1500 loss 0.6933 eval_acc 0.5305
  [pR4_full_s2] step  2000 loss 0.6932 eval_acc 0.4988
  [pR4_full_s2] step  2500 loss 0.6934 eval_acc 0.5190
  [pR4_full_s2] step  3000 loss 0.6908 eval_acc 0.4944
  [pR4_full_s2] step  3500 loss 0.6944 eval_acc 0.5906
  [pR4_full_s2] step  4000 loss 0.6934 eval_acc 0.4221
  [pR4_full_s2] step  4500 loss 0.6935 eval_acc 0.4744
  [pR4_full_s2] step  5000 loss 0.6931 eval_acc 0.5127
  [pR4_full_s2] step  5500 loss 0.6931 eval_acc 0.5020
  [pR4_full_s2] step  6000 loss 0.6932 eval_acc 0.5005
[pR4_full_s2] T=16 freeze_A=False FINAL parity acc = 0.5032  (118s)
  [pR4_frozen_s2] step   500 loss 0.6954 eval_acc 0.4980
  [pR4_frozen_s2] step  1000 loss 0.6931 eval_acc 0.5149
  [pR4_frozen_s2] step  1500 loss 0.6932 eval_acc 0.5068
  [pR4_frozen_s2] step  2000 loss 0.6926 eval_acc 0.4983
  [pR4_frozen_s2] step  2500 loss 0.6955 eval_acc 0.5161
  [pR4_frozen_s2] step  3000 loss 0.6913 eval_acc 0.5022
  [pR4_frozen_s2] step  3500 loss 0.6951 eval_acc 0.5142
  [pR4_frozen_s2] step  4000 loss 0.6925 eval_acc 0.4866
  [pR4_frozen_s2] step  4500 loss 0.6935 eval_acc 0.4995
  [pR4_frozen_s2] step  5000 loss 0.6927 eval_acc 0.5103
  [pR4_frozen_s2] step  5500 loss 0.6892 eval_acc 0.5146
  [pR4_frozen_s2] step  6000 loss 0.6963 eval_acc 0.5188
[pR4_frozen_s2] T=16 freeze_A=True FINAL parity acc = 0.5182  (78s)
  [pR4_full_s3] step   500 loss 0.6958 eval_acc 0.4932
  [pR4_full_s3] step  1000 loss 0.6934 eval_acc 0.5017
  [pR4_full_s3] step  1500 loss 0.6935 eval_acc 0.4968
  [pR4_full_s3] step  2000 loss 0.6930 eval_acc 0.4624
  [pR4_full_s3] step  2500 loss 0.6938 eval_acc 0.5010
  [pR4_full_s3] step  3000 loss 0.6929 eval_acc 0.4990
  [pR4_full_s3] step  3500 loss 0.0068 eval_acc 0.9998
  [pR4_full_s3] step  4000 loss 0.0001 eval_acc 1.0000
  [pR4_full_s3] step  4500 loss 0.0000 eval_acc 1.0000
  [pR4_full_s3] step  5000 loss 0.0000 eval_acc 1.0000
  [pR4_full_s3] step  5500 loss 0.0000 eval_acc 1.0000
  [pR4_full_s3] step  6000 loss 0.0000 eval_acc 1.0000
[pR4_full_s3] T=16 freeze_A=False FINAL parity acc = 1.0000  (117s)
  [pR4_frozen_s3] step   500 loss 0.6949 eval_acc 0.4934
  [pR4_frozen_s3] step  1000 loss 0.6962 eval_acc 0.4919
  [pR4_frozen_s3] step  1500 loss 0.6935 eval_acc 0.4939
  [pR4_frozen_s3] step  2000 loss 0.6923 eval_acc 0.4910
  [pR4_frozen_s3] step  2500 loss 0.6934 eval_acc 0.5090
  [pR4_frozen_s3] step  3000 loss 0.6931 eval_acc 0.4919
  [pR4_frozen_s3] step  3500 loss 0.6929 eval_acc 0.4912
  [pR4_frozen_s3] step  4000 loss 0.6949 eval_acc 0.4988
  [pR4_frozen_s3] step  4500 loss 0.6931 eval_acc 0.5071
  [pR4_frozen_s3] step  5000 loss 0.6922 eval_acc 0.4910
  [pR4_frozen_s3] step  5500 loss 0.6926 eval_acc 0.5112
  [pR4_frozen_s3] step  6000 loss 0.6928 eval_acc 0.4963
[pR4_frozen_s3] T=16 freeze_A=True FINAL parity acc = 0.4969  (60s)
  [pR4_full_s4] step   500 loss 0.6918 eval_acc 0.5061
  [pR4_full_s4] step  1000 loss 0.6848 eval_acc 0.4995
  [pR4_full_s4] step  1500 loss 0.6946 eval_acc 0.4836
  [pR4_full_s4] step  2000 loss 0.1368 eval_acc 0.9734
  [pR4_full_s4] step  2500 loss 0.0002 eval_acc 1.0000
  [pR4_full_s4] step  3000 loss 0.0000 eval_acc 1.0000
  [pR4_full_s4] step  3500 loss 0.0000 eval_acc 1.0000
  [pR4_full_s4] step  4000 loss 0.0000 eval_acc 1.0000
  [pR4_full_s4] step  4500 loss 0.0000 eval_acc 1.0000
  [pR4_full_s4] step  5000 loss 0.0000 eval_acc 1.0000
  [pR4_full_s4] step  5500 loss 0.0000 eval_acc 1.0000
  [pR4_full_s4] step  6000 loss 0.0000 eval_acc 1.0000
[pR4_full_s4] T=16 freeze_A=False FINAL parity acc = 1.0000  (117s)
  [pR4_frozen_s4] step   500 loss 0.6925 eval_acc 0.5017
  [pR4_frozen_s4] step  1000 loss 0.6961 eval_acc 0.4897
  [pR4_frozen_s4] step  1500 loss 0.6902 eval_acc 0.4988
  [pR4_frozen_s4] step  2000 loss 0.6936 eval_acc 0.5007
  [pR4_frozen_s4] step  2500 loss 0.6935 eval_acc 0.4880
  [pR4_frozen_s4] step  3000 loss 0.6928 eval_acc 0.4890
  [pR4_frozen_s4] step  3500 loss 0.6933 eval_acc 0.5037
  [pR4_frozen_s4] step  4000 loss 0.6945 eval_acc 0.4980
  [pR4_frozen_s4] step  4500 loss 0.6934 eval_acc 0.5046
  [pR4_frozen_s4] step  5000 loss 0.5062 eval_acc 0.7756
  [pR4_frozen_s4] step  5500 loss 0.2636 eval_acc 0.8992
  [pR4_frozen_s4] step  6000 loss 0.2439 eval_acc 0.8960
[pR4_frozen_s4] T=16 freeze_A=True FINAL parity acc = 0.9037  (60s)
=== SEEDS DONE ===
