### gradflow : ψ=0, W_OV=I, Λ=0, b=0
[gradflow] params=18219  dev=cuda  steps=3744
  step   400 loss 0.8948 acc 0.719 |h|max 9.69 rho 5.41 gam 0.076 kap 37.2
[gradflow] epoch 0 test_acc 0.7389  (60s)
  step   800 loss 0.4553 acc 0.859 |h|max 11.56 rho 4.35 gam 0.050 kap 39.8
[gradflow] epoch 1 test_acc 0.8706  (130s)
  step  1200 loss 0.3696 acc 0.859 |h|max 13.03 rho 4.60 gam 0.038 kap 42.2
[gradflow] epoch 2 test_acc 0.8911  (189s)
  step  1600 loss 0.2581 acc 0.914 |h|max 14.27 rho 4.84 gam 0.031 kap 42.7
[gradflow] epoch 3 test_acc 0.9239  (248s)
  step  2000 loss 0.2307 acc 0.930 |h|max 15.52 rho 4.54 gam 0.026 kap 42.9
[gradflow] epoch 4 test_acc 0.9231  (307s)
  step  2400 loss 0.3557 acc 0.891 |h|max 16.13 rho 5.03 gam 0.024 kap 43.0
  step  2800 loss 0.1678 acc 0.938 |h|max 16.59 rho 4.71 gam 0.022 kap 43.0
[gradflow] epoch 5 test_acc 0.9390  (366s)
  step  3200 loss 0.0638 acc 0.992 |h|max 17.03 rho 4.80 gam 0.022 kap 43.0
[gradflow] epoch 6 test_acc 0.9447  (425s)
  step  3600 loss 0.2606 acc 0.930 |h|max 17.06 rho 4.79 gam 0.022 kap 43.0
[gradflow] epoch 7 test_acc 0.9463  (483s)
[gradflow] done. final test_acc=0.9463
{
 "tag": "gradflow",
 "pc1_var": 0.33710169792175293,
 "refine": {
  "Rs": [
   2,
   4,
   8,
   12,
   16,
   24,
   32,
   48,
   64,
   96
  ],
  "acc": [
   0.306640625,
   0.890625,
   0.9208984375,
   0.9150390625,
   0.8740234375,
   0.7939453125,
   0.7275390625,
   0.6826171875,
   0.666015625,
   0.6494140625
  ]
 },
 "period": {
  "autocorr": [
   0.9999994039535522,
   0.9623355865478516,
   0.8869902491569519,
   0.7976449131965637,
   0.7050445079803467,
   0.6161674857139587,
   0.5357492566108704,
   0.46639907360076904,
   0.4087732434272766,
   0.36140066385269165,
   0.3219112753868103,
   0.2882537841796875,
   0.25873303413391113,
   0.22883240878582,
   0.200016051530838,
   0.17264321446418762,
   0.14714188873767853,
   0.12485569715499878,
   0.10694973915815353,
   0.09308888763189316,
   0.08269169181585312,
   0.07451950013637543,
   0.0667874813079834,
   0.05502087250351906,
   0.03993415832519531,
   0.02008826658129692,
   -0.006351616699248552,
   -0.03788033127784729,
   -0.07091355323791504,
   -0.10343664884567261,
   -0.13384981453418732,
   -0.1610967516899109,
   -0.18497847020626068,
   -0.2044755220413208,
   -0.21957527101039886,
   -0.23361808061599731,
   -0.24851039052009583,
   -0.26565003395080566,
   -0.28389960527420044,
   -0.30214807391166687
  ],
  "peak_lag": 26,
  "peak_freq": 0.037037037037037035,
  "peak_corr": -0.006351616699248552
 },
 "psi_final_abs_sin": 0.0,
 "psi_init_abs_sin": 0.0
}
anytime acc r=1,2,4,8,16,32,64: 0.082, 0.102, 0.553, 0.918, 0.619, 0.420, 0.363
max||h|| at r=8/32/64: 17.38/17.72/17.68  (bound 63.2)  판정: 느린 이완
주기성: 26 스텝, 상관 -0.006351616699248552
refine acc: ['R=2:0.307', 'R=4:0.891', 'R=8:0.921', 'R=12:0.915', 'R=16:0.874', 'R=24:0.794', 'R=32:0.728', 'R=48:0.683', 'R=64:0.666', 'R=96:0.649']
dt=1/8    τ=1 acc 0.918 | τ=8 acc 0.340 | ‖h‖(8)=15.18 | 후반 상대속도 0.348
dt=1/16   τ=1 acc 0.855 | τ=8 acc 0.332 | ‖h‖(8)=17.43 | 후반 상대속도 0.414
dt=1/32   τ=1 acc 0.699 | τ=8 acc 0.328 | ‖h‖(8)=18.77 | 후반 상대속도 0.460
dt=1/64   τ=1 acc 0.664 | τ=8 acc 0.324 | ‖h‖(8)=19.42 | 후반 상대속도 0.470
dt=1/128  τ=1 acc 0.625 | τ=8 acc 0.348 | ‖h‖(8)=19.80 | 후반 상대속도 0.491
### lamonly  : 위 + Λ(full) 복원
[lamonly] params=22315  dev=cuda  steps=3744
  step   400 loss 0.6449 acc 0.797 |h|max 9.46 rho 5.68 gam 0.078 kap 36.7
[lamonly] epoch 0 test_acc 0.7913  (59s)
  step   800 loss 0.3070 acc 0.898 |h|max 11.01 rho 6.48 gam 0.057 kap 39.4
[lamonly] epoch 1 test_acc 0.9099  (119s)
  step  1200 loss 0.2307 acc 0.914 |h|max 12.06 rho 5.64 gam 0.047 kap 40.6
[lamonly] epoch 2 test_acc 0.9230  (178s)
  step  1600 loss 0.2085 acc 0.938 |h|max 12.76 rho 5.95 gam 0.040 kap 41.3
[lamonly] epoch 3 test_acc 0.9342  (237s)
  step  2000 loss 0.2837 acc 0.891 |h|max 13.43 rho 5.78 gam 0.036 kap 41.8
[lamonly] epoch 4 test_acc 0.9409  (297s)
  step  2400 loss 0.1654 acc 0.961 |h|max 14.00 rho 5.62 gam 0.033 kap 41.9
  step  2800 loss 0.1884 acc 0.945 |h|max 14.49 rho 5.50 gam 0.031 kap 42.1
[lamonly] epoch 5 test_acc 0.9460  (356s)
  step  3200 loss 0.1478 acc 0.953 |h|max 14.79 rho 5.77 gam 0.030 kap 42.1
[lamonly] epoch 6 test_acc 0.9499  (416s)
  step  3600 loss 0.0608 acc 0.984 |h|max 14.83 rho 5.77 gam 0.030 kap 42.2
[lamonly] epoch 7 test_acc 0.9535  (475s)
[lamonly] done. final test_acc=0.9535
{
 "tag": "lamonly",
 "pc1_var": 0.3493219316005707,
 "refine": {
  "Rs": [
   2,
   4,
   8,
   12,
   16,
   24,
   32,
   48,
   64,
   96
  ],
  "acc": [
   0.3447265625,
   0.7548828125,
   0.9404296875,
   0.91015625,
   0.8720703125,
   0.818359375,
   0.7763671875,
   0.7216796875,
   0.7041015625,
   0.6796875
  ]
 },
 "period": {
  "autocorr": [
   1.0,
   0.9913742542266846,
   0.966809093952179,
   0.9293569326400757,
   0.882384181022644,
   0.8289027810096741,
   0.771395206451416,
   0.7118125557899475,
   0.6516051292419434,
   0.5918088555335999,
   0.5331648588180542,
   0.4762169122695923,
   0.4213670492172241,
   0.3689071834087372,
   0.3190331757068634,
   0.27185049653053284,
   0.22739553451538086,
   0.185642808675766,
   0.1465054601430893,
   0.10983499884605408,
   0.07542740553617477,
   0.043006230145692825,
   0.012220448814332485,
   -0.01730511523783207,
   -0.04596531018614769,
   -0.07414999604225159,
   -0.10218475013971329,
   -0.13029392063617706,
   -0.15858963131904602,
   -0.1870785504579544,
   -0.21568197011947632,
   -0.24425512552261353,
   -0.27259254455566406,
   -0.3004712462425232,
   -0.32768258452415466,
   -0.35406163334846497,
   -0.3794536888599396,
   -0.4036628007888794,
   -0.42644891142845154,
   -0.4475957155227661
  ],
  "peak_lag": 23,
  "peak_freq": 0.037037037037037035,
  "peak_corr": -0.01730511523783207
 },
 "psi_final_abs_sin": 0.0,
 "psi_init_abs_sin": 0.0
}
anytime acc r=1,2,4,8,16,32,64: 0.129, 0.270, 0.467, 0.945, 0.787, 0.514, 0.213
max||h|| at r=8/32/64: 14.83/14.98/14.69  (bound 53.4)  판정: 지속 운동(비고정점)
주기성: 23 스텝, 상관 -0.01730511523783207
refine acc: ['R=2:0.345', 'R=4:0.755', 'R=8:0.940', 'R=12:0.910', 'R=16:0.872', 'R=24:0.818', 'R=32:0.776', 'R=48:0.722', 'R=64:0.704', 'R=96:0.680']
dt=1/8    τ=1 acc 0.965 | τ=8 acc 0.203 | ‖h‖(8)=12.54 | 후반 상대속도 0.535
dt=1/16   τ=1 acc 0.875 | τ=8 acc 0.172 | ‖h‖(8)=14.33 | 후반 상대속도 0.598
dt=1/32   τ=1 acc 0.758 | τ=8 acc 0.160 | ‖h‖(8)=15.49 | 후반 상대속도 0.641
dt=1/64   τ=1 acc 0.688 | τ=8 acc 0.105 | ‖h‖(8)=16.19 | 후반 상대속도 0.685
dt=1/128  τ=1 acc 0.641 | τ=8 acc 0.141 | ‖h‖(8)=16.45 | 후반 상대속도 0.687
=== QUEUE3 DONE ===
