### psi0 : ψ≡0 고정 (§2.4 검증)
[psi0] params=26475  dev=cuda  steps=3744
  step   200 loss 1.5364 acc 0.484 |h|max 8.72 rho 6.08 gam 0.094 kap 105.0
  step   400 loss 0.7668 acc 0.750 |h|max 9.28 rho 6.18 gam 0.083 kap 107.7
[psi0] epoch 0 test_acc 0.8589  (61s)
  step   600 loss 0.3848 acc 0.891 |h|max 9.82 rho 5.70 gam 0.074 kap 111.5
  step   800 loss 0.2952 acc 0.898 |h|max 10.29 rho 5.40 gam 0.067 kap 113.7
[psi0] epoch 1 test_acc 0.9188  (121s)
  step  1000 loss 0.2244 acc 0.906 |h|max 10.61 rho 5.18 gam 0.062 kap 117.4
  step  1200 loss 0.2690 acc 0.891 |h|max 11.06 rho 4.97 gam 0.057 kap 118.3
  step  1400 loss 0.1243 acc 0.969 |h|max 11.39 rho 5.33 gam 0.054 kap 121.0
[psi0] epoch 2 test_acc 0.9350  (182s)
  step  1600 loss 0.2118 acc 0.945 |h|max 11.78 rho 5.35 gam 0.051 kap 122.0
  step  1800 loss 0.1461 acc 0.938 |h|max 11.88 rho 5.29 gam 0.049 kap 123.1
[psi0] epoch 3 test_acc 0.9527  (242s)
  step  2000 loss 0.1306 acc 0.953 |h|max 12.11 rho 5.26 gam 0.047 kap 123.6
  step  2200 loss 0.1359 acc 0.938 |h|max 12.20 rho 4.88 gam 0.046 kap 124.6
[psi0] epoch 4 test_acc 0.9608  (302s)
  step  2400 loss 0.1327 acc 0.969 |h|max 12.50 rho 4.88 gam 0.044 kap 125.5
  step  2600 loss 0.0511 acc 0.984 |h|max 12.59 rho 5.27 gam 0.043 kap 125.6
  step  2800 loss 0.1523 acc 0.938 |h|max 12.72 rho 5.15 gam 0.042 kap 125.7
[psi0] epoch 5 test_acc 0.9685  (362s)
  step  3000 loss 0.1050 acc 0.961 |h|max 12.80 rho 5.14 gam 0.042 kap 125.8
  step  3200 loss 0.1096 acc 0.969 |h|max 12.81 rho 5.11 gam 0.042 kap 125.7
[psi0] epoch 6 test_acc 0.9714  (423s)
  step  3400 loss 0.1590 acc 0.953 |h|max 12.88 rho 5.05 gam 0.041 kap 125.8
  step  3600 loss 0.0457 acc 0.984 |h|max 12.89 rho 5.12 gam 0.041 kap 125.8
[psi0] epoch 7 test_acc 0.9725  (483s)
[psi0] done. final test_acc=0.9725
{
 "tag": "psi0",
 "pc1_var": 0.3001472055912018,
 "refine": {
  "Rs": [
   2,
   4,
   8,
   12,
   16,
   24,
   32,
   48,
   64,
   96
  ],
  "acc": [
   0.0791015625,
   0.15625,
   0.9716796875,
   0.8017578125,
   0.525390625,
   0.396484375,
   0.30078125,
   0.208984375,
   0.169921875,
   0.1416015625
  ]
 },
 "period": {
  "autocorr": [
   1.0,
   0.9223512411117554,
   0.734178900718689,
   0.5165130496025085,
   0.32407256960868835,
   0.1762964278459549,
   0.06985095888376236,
   -0.008271457627415657,
   -0.0712200403213501,
   -0.12704135477542877,
   -0.17739468812942505,
   -0.21911165118217468,
   -0.24722647666931152,
   -0.25816282629966736,
   -0.25177767872810364,
   -0.231643944978714,
   -0.2036728411912918,
   -0.1737503856420517,
   -0.14591708779335022,
   -0.12168917059898376,
   -0.10044202953577042,
   -0.08057945966720581,
   -0.0608285628259182,
   -0.041068173944950104,
   -0.022457676008343697,
   -0.0068060304038226604,
   0.004324294626712799,
   0.010240805335342884,
   0.011124687269330025,
   0.007761348970234394,
   0.0012160701444372535,
   -0.007466602139174938,
   -0.017426470294594765,
   -0.02818109095096588,
   -0.03955382853746414,
   -0.05141675844788551,
   -0.06357031315565109,
   -0.07555597275495529,
   -0.08668848127126694,
   -0.09630735218524933
  ],
  "peak_lag": 28,
  "peak_freq": 0.037037037037037035,
  "peak_corr": 0.011124687269330025
 },
 "psi_final_abs_sin": 0.0,
 "psi_init_abs_sin": 0.0
}
anytime acc r=1,2,4,8,16,32,64: 0.086, 0.086, 0.082, 0.979, 0.145, 0.127, 0.102
max||h|| at r=8/32/64: 12.92/12.47/12.49  (bound 78.5)  판정: 지속 운동(비고정점)
주기성: 28 스텝, 상관 0.011124687269330025
refine acc: ['R=2:0.079', 'R=4:0.156', 'R=8:0.972', 'R=12:0.802', 'R=16:0.525', 'R=24:0.396', 'R=32:0.301', 'R=48:0.209', 'R=64:0.170', 'R=96:0.142']
dt=1/8    τ=1 acc 0.996 | τ=8 acc 0.078 | ‖h‖(8)=9.94 | 후반 상대속도 2.931
dt=1/16   τ=1 acc 0.570 | τ=8 acc 0.113 | ‖h‖(8)=11.04 | 후반 상대속도 3.344
dt=1/32   τ=1 acc 0.344 | τ=8 acc 0.109 | ‖h‖(8)=11.57 | 후반 상대속도 3.573
dt=1/64   τ=1 acc 0.203 | τ=8 acc 0.090 | ‖h‖(8)=11.90 | 후반 상대속도 3.779
dt=1/128  τ=1 acc 0.129 | τ=8 acc 0.121 | ‖h‖(8)=12.01 | 후반 상대속도 3.848
### kern : 커널 파라미터 학습률 ×30
[kern] params=26507  dev=cuda  steps=3744
  step   200 loss 1.3566 acc 0.555 |h|max 8.73 rho 2.51 gam 0.094 kap 132.4
  step   400 loss 0.6291 acc 0.805 |h|max 9.55 rho 2.45 gam 0.083 kap 139.3
[kern] epoch 0 test_acc 0.8487  (61s)
  step   600 loss 0.2503 acc 0.914 |h|max 9.94 rho 2.79 gam 0.075 kap 140.2
  step   800 loss 0.1691 acc 0.945 |h|max 10.25 rho 2.57 gam 0.068 kap 141.8
[kern] epoch 1 test_acc 0.9167  (121s)
  step  1000 loss 0.1751 acc 0.961 |h|max 10.54 rho 2.44 gam 0.064 kap 143.4
  step  1200 loss 0.1249 acc 0.953 |h|max 10.79 rho 2.29 gam 0.060 kap 139.4
  step  1400 loss 0.0957 acc 0.961 |h|max 10.96 rho 2.18 gam 0.056 kap 139.0
[kern] epoch 2 test_acc 0.9409  (181s)
  step  1600 loss 0.0996 acc 0.961 |h|max 11.27 rho 2.03 gam 0.053 kap 133.4
  step  1800 loss 0.1449 acc 0.945 |h|max 11.64 rho 1.98 gam 0.050 kap 133.8
[kern] epoch 3 test_acc 0.9545  (241s)
  step  2000 loss 0.1653 acc 0.961 |h|max 11.91 rho 2.06 gam 0.048 kap 140.2
  step  2200 loss 0.1161 acc 0.953 |h|max 12.07 rho 1.88 gam 0.046 kap 132.7
[kern] epoch 4 test_acc 0.9611  (300s)
  step  2400 loss 0.0787 acc 0.984 |h|max 12.29 rho 2.11 gam 0.045 kap 138.3
  step  2600 loss 0.1199 acc 0.953 |h|max 12.37 rho 2.08 gam 0.043 kap 139.4
  step  2800 loss 0.0296 acc 0.992 |h|max 12.50 rho 2.13 gam 0.043 kap 140.0
[kern] epoch 5 test_acc 0.9702  (361s)
  step  3000 loss 0.0705 acc 0.969 |h|max 12.70 rho 2.05 gam 0.042 kap 140.8
  step  3200 loss 0.0190 acc 0.992 |h|max 12.66 rho 2.01 gam 0.042 kap 141.3
[kern] epoch 6 test_acc 0.9753  (421s)
  step  3400 loss 0.1234 acc 0.969 |h|max 12.85 rho 2.05 gam 0.041 kap 141.4
  step  3600 loss 0.0678 acc 0.984 |h|max 12.81 rho 2.05 gam 0.041 kap 141.2
[kern] epoch 7 test_acc 0.9762  (481s)
[kern] done. final test_acc=0.9762
{
 "tag": "kern",
 "pc1_var": 0.2864612638950348,
 "refine": {
  "Rs": [
   2,
   4,
   8,
   12,
   16,
   24,
   32,
   48,
   64,
   96
  ],
  "acc": [
   0.201171875,
   0.552734375,
   0.97265625,
   0.7578125,
   0.4951171875,
   0.3466796875,
   0.3076171875,
   0.2744140625,
   0.265625,
   0.2578125
  ]
 },
 "period": {
  "autocorr": [
   1.0,
   0.9354928731918335,
   0.7759824991226196,
   0.5834733843803406,
   0.4026149809360504,
   0.2538309097290039,
   0.14135797321796417,
   0.0613122433423996,
   0.006773039232939482,
   -0.02952508255839348,
   -0.05377291887998581,
   -0.07044937461614609,
   -0.08242384344339371,
   -0.09142205119132996,
   -0.0984274297952652,
   -0.1038956344127655,
   -0.10806134343147278,
   -0.11118129640817642,
   -0.11356665939092636,
   -0.1154308170080185,
   -0.11689739674329758,
   -0.118027463555336,
   -0.11888972669839859,
   -0.11954735964536667,
   -0.12001844495534897,
   -0.12026441842317581,
   -0.12027718871831894,
   -0.1202215775847435,
   -0.12032748758792877,
   -0.1206970363855362,
   -0.12129651755094528,
   -0.12199198454618454,
   -0.12258489429950714,
   -0.12289553135633469,
   -0.12279322743415833,
   -0.12224484980106354,
   -0.12138818949460983,
   -0.12051486223936081,
   -0.11990848183631897,
   -0.11965758353471756
  ],
  "peak_lag": 9,
  "peak_freq": 0.037037037037037035,
  "peak_corr": -0.02952508255839348
 },
 "psi_final_abs_sin": 0.6341234474440356,
 "psi_init_abs_sin": 0.6888846335681382
}
anytime acc r=1,2,4,8,16,32,64: 0.096, 0.137, 0.324, 0.980, 0.154, 0.107, 0.109
max||h|| at r=8/32/64: 12.92/12.75/12.19  (bound 82.9)  판정: 지속 운동(비고정점)
주기성: 9 스텝, 상관 -0.02952508255839348
refine acc: ['R=2:0.201', 'R=4:0.553', 'R=8:0.973', 'R=12:0.758', 'R=16:0.495', 'R=24:0.347', 'R=32:0.308', 'R=48:0.274', 'R=64:0.266', 'R=96:0.258']
dt=1/8    τ=1 acc 0.984 | τ=8 acc 0.109 | ‖h‖(8)=8.88 | 후반 상대속도 2.668
dt=1/16   τ=1 acc 0.555 | τ=8 acc 0.094 | ‖h‖(8)=9.49 | 후반 상대속도 2.850
dt=1/32   τ=1 acc 0.316 | τ=8 acc 0.078 | ‖h‖(8)=9.98 | 후반 상대속도 2.980
dt=1/64   τ=1 acc 0.285 | τ=8 acc 0.141 | ‖h‖(8)=10.05 | 후반 상대속도 3.040
dt=1/128  τ=1 acc 0.273 | τ=8 acc 0.086 | ‖h‖(8)=10.17 | 후반 상대속도 3.101
### randR: 매 배치 R~U(4,16), τ=1 고정
[randR] params=26507  dev=cuda  steps=3744
  step   200 loss 1.6666 acc 0.523 |h|max 8.32 rho 2.02 gam 0.093 kap 108.4
  step   400 loss 0.7163 acc 0.750 |h|max 9.07 rho 2.60 gam 0.079 kap 109.9
[randR] epoch 0 test_acc 0.8425  (75s)
  step   600 loss 0.4230 acc 0.883 |h|max 9.78 rho 2.92 gam 0.067 kap 114.6
  step   800 loss 0.3604 acc 0.906 |h|max 9.96 rho 2.41 gam 0.058 kap 117.2
[randR] epoch 1 test_acc 0.9222  (150s)
  step  1000 loss 0.2116 acc 0.953 |h|max 10.45 rho 2.30 gam 0.052 kap 120.9
  step  1200 loss 0.1601 acc 0.961 |h|max 10.69 rho 2.28 gam 0.047 kap 122.2
  step  1400 loss 0.3048 acc 0.914 |h|max 10.99 rho 2.30 gam 0.044 kap 123.0
[randR] epoch 2 test_acc 0.9519  (225s)
  step  1600 loss 0.0900 acc 0.961 |h|max 11.08 rho 2.25 gam 0.041 kap 123.6
  step  1800 loss 0.1340 acc 0.969 |h|max 11.65 rho 2.24 gam 0.039 kap 124.4
[randR] epoch 3 test_acc 0.9589  (300s)
  step  2000 loss 0.1396 acc 0.969 |h|max 11.77 rho 2.06 gam 0.037 kap 125.0
  step  2200 loss 0.1106 acc 0.961 |h|max 11.91 rho 2.11 gam 0.035 kap 126.1
[randR] epoch 4 test_acc 0.9621  (373s)
  step  2400 loss 0.1241 acc 0.961 |h|max 11.98 rho 1.99 gam 0.034 kap 126.0
  step  2600 loss 0.2218 acc 0.953 |h|max 12.48 rho 1.99 gam 0.033 kap 126.0
  step  2800 loss 0.0867 acc 0.977 |h|max 12.27 rho 1.96 gam 0.032 kap 125.7
[randR] epoch 5 test_acc 0.9678  (446s)
  step  3000 loss 0.0668 acc 0.977 |h|max 12.60 rho 1.91 gam 0.032 kap 125.7
  step  3200 loss 0.0566 acc 0.969 |h|max 12.68 rho 1.91 gam 0.032 kap 125.8
[randR] epoch 6 test_acc 0.9710  (522s)
  step  3400 loss 0.0105 acc 1.000 |h|max 12.73 rho 1.93 gam 0.031 kap 125.8
  step  3600 loss 0.0923 acc 0.977 |h|max 12.74 rho 1.93 gam 0.031 kap 125.8
[randR] epoch 7 test_acc 0.9713  (598s)
[randR] done. final test_acc=0.9713
{
 "tag": "randR",
 "pc1_var": 0.29087743163108826,
 "refine": {
  "Rs": [
   2,
   4,
   8,
   12,
   16,
   24,
   32,
   48,
   64,
   96
  ],
  "acc": [
   0.27734375,
   0.9521484375,
   0.9609375,
   0.9658203125,
   0.9658203125,
   0.9658203125,
   0.96484375,
   0.9580078125,
   0.953125,
   0.947265625
  ]
 },
 "period": {
  "autocorr": [
   1.0,
   0.9677470922470093,
   0.880183756351471,
   0.7587586641311646,
   0.6255936026573181,
   0.4966343641281128,
   0.38065195083618164,
   0.28099676966667175,
   0.1977369785308838,
   0.12928178906440735,
   0.07340913265943527,
   0.027859723195433617,
   -0.009388414211571217,
   -0.040029048919677734,
   -0.06541476398706436,
   -0.08659172803163528,
   -0.10436306893825531,
   -0.11935365945100784,
   -0.1320471614599228,
   -0.14283430576324463,
   -0.1520451158285141,
   -0.15995121002197266,
   -0.1667751967906952,
   -0.1727113425731659,
   -0.17794907093048096,
   -0.1826680302619934,
   -0.18700386583805084,
   -0.19102342426776886,
   -0.1947297304868698,
   -0.19809454679489136,
   -0.2010917365550995,
   -0.20370347797870636,
   -0.20592913031578064,
   -0.20778407156467438,
   -0.20928612351417542,
   -0.21044489741325378,
   -0.2112865000963211,
   -0.21187566220760345,
   -0.21229298412799835,
   -0.21260423958301544
  ],
  "peak_lag": 12,
  "peak_freq": 0.037037037037037035,
  "peak_corr": -0.009388414211571217
 },
 "psi_final_abs_sin": 0.7136370943883474,
 "psi_init_abs_sin": 0.6965907025922066
}
anytime acc r=1,2,4,8,16,32,64: 0.086, 0.211, 0.756, 0.967, 0.816, 0.230, 0.111
max||h|| at r=8/32/64: 12.88/13.73/13.32  (bound 90.0)  판정: 지속 운동(비고정점)
주기성: 12 스텝, 상관 -0.009388414211571217
refine acc: ['R=2:0.277', 'R=4:0.952', 'R=8:0.961', 'R=12:0.966', 'R=16:0.966', 'R=24:0.966', 'R=32:0.965', 'R=48:0.958', 'R=64:0.953', 'R=96:0.947']
dt=1/8    τ=1 acc 0.984 | τ=8 acc 0.125 | ‖h‖(8)=9.46 | 후반 상대속도 1.757
dt=1/16   τ=1 acc 0.984 | τ=8 acc 0.121 | ‖h‖(8)=10.05 | 후반 상대속도 1.934
dt=1/32   τ=1 acc 0.980 | τ=8 acc 0.086 | ‖h‖(8)=10.55 | 후반 상대속도 2.054
dt=1/64   τ=1 acc 0.977 | τ=8 acc 0.105 | ‖h‖(8)=10.68 | 후반 상대속도 2.117
dt=1/128  τ=1 acc 0.973 | τ=8 acc 0.152 | ‖h‖(8)=10.76 | 후반 상대속도 2.153
=== QUEUE2 DONE ===
