/usr/local/lib/python3.12/dist-packages/torch/nn/modules/transformer.py:392: UserWarning: enable_nested_tensor is True, but self.use_nested_tensor is False because encoder_layer.norm_first was True
  warnings.warn(
[tf425_n1_40k] TF L=4 d=92 heads=4 lr=0.001 T=20 n=1 params=425105 (Model1 d=256 = 427,330)  우연=0.1250
  [tf425_n1_40k] step   250 loss 3.9769 질의 0.0635 전체일치 0.0000
  [tf425_n1_40k] step   500 loss 3.6273 질의 0.1144 전체일치 0.0015
  [tf425_n1_40k] step   750 loss 3.2234 질의 0.1442 전체일치 0.0005
  [tf425_n1_40k] step  1000 loss 2.9800 질의 0.1449 전체일치 0.0020
  [tf425_n1_40k] step  1250 loss 2.8170 질의 0.1359 전체일치 0.0005
  [tf425_n1_40k] step  1500 loss 2.6458 질의 0.1444 전체일치 0.0024
  [tf425_n1_40k] step  1750 loss 2.5177 질의 0.1351 전체일치 0.0010
  [tf425_n1_40k] step  2000 loss 2.3976 질의 0.1434 전체일치 0.0034
  [tf425_n1_40k] step  2250 loss 2.3073 질의 0.1472 전체일치 0.0034
  [tf425_n1_40k] step  2500 loss 2.2462 질의 0.1460 전체일치 0.0024
  [tf425_n1_40k] step  2750 loss 2.2375 질의 0.1455 전체일치 0.0010
  [tf425_n1_40k] step  3000 loss 2.2094 질의 0.1467 전체일치 0.0020
  [tf425_n1_40k] step  3250 loss 2.1427 질의 0.1401 전체일치 0.0029
  [tf425_n1_40k] step  3500 loss 2.1699 질의 0.1431 전체일치 0.0029
  [tf425_n1_40k] step  3750 loss 2.1321 질의 0.1478 전체일치 0.0005
  [tf425_n1_40k] step  4000 loss 2.1322 질의 0.1416 전체일치 0.0020
  [tf425_n1_40k] step  4250 loss 2.1482 질의 0.1461 전체일치 0.0010
  [tf425_n1_40k] step  4500 loss 2.1035 질의 0.1344 전체일치 0.0015
  [tf425_n1_40k] step  4750 loss 2.0904 질의 0.1420 전체일치 0.0015
  [tf425_n1_40k] step  5000 loss 2.1069 질의 0.1456 전체일치 0.0024
  [tf425_n1_40k] step  5250 loss 2.0968 질의 0.1434 전체일치 0.0010
  [tf425_n1_40k] step  5500 loss 2.0474 질의 0.1475 전체일치 0.0010
  [tf425_n1_40k] step  5750 loss 2.0702 질의 0.1335 전체일치 0.0034
  [tf425_n1_40k] step  6000 loss 2.0424 질의 0.1390 전체일치 0.0024
  [tf425_n1_40k] step  6250 loss 2.0476 질의 0.1357 전체일치 0.0020
  [tf425_n1_40k] step  6500 loss 2.0611 질의 0.1378 전체일치 0.0015
  [tf425_n1_40k] step  6750 loss 2.0494 질의 0.1411 전체일치 0.0005
  [tf425_n1_40k] step  7000 loss 2.0214 질의 0.1501 전체일치 0.0015
  [tf425_n1_40k] step  7250 loss 2.0264 질의 0.1398 전체일치 0.0020
  [tf425_n1_40k] step  7500 loss 2.0234 질의 0.1476 전체일치 0.0010
  [tf425_n1_40k] step  7750 loss 2.0537 질의 0.1407 전체일치 0.0024
  [tf425_n1_40k] step  8000 loss 2.0401 질의 0.1412 전체일치 0.0020
  [tf425_n1_40k] step  8250 loss 2.0193 질의 0.1422 전체일치 0.0044
  [tf425_n1_40k] step  8500 loss 2.0197 질의 0.1403 전체일치 0.0005
  [tf425_n1_40k] step  8750 loss 1.9955 질의 0.1510 전체일치 0.0024
  [tf425_n1_40k] step  9000 loss 2.0092 질의 0.1431 전체일치 0.0024
  [tf425_n1_40k] step  9250 loss 1.9928 질의 0.1460 전체일치 0.0005
  [tf425_n1_40k] step  9500 loss 2.0074 질의 0.1409 전체일치 0.0024
  [tf425_n1_40k] step  9750 loss 2.0033 질의 0.1429 전체일치 0.0024
  [tf425_n1_40k] step 10000 loss 2.0072 질의 0.1360 전체일치 0.0029
  [tf425_n1_40k] step 10250 loss 2.0094 질의 0.1416 전체일치 0.0024
  [tf425_n1_40k] step 10500 loss 1.9896 질의 0.1440 전체일치 0.0029
  [tf425_n1_40k] step 10750 loss 2.0142 질의 0.1450 전체일치 0.0005
  [tf425_n1_40k] step 11000 loss 2.0094 질의 0.1407 전체일치 0.0010
  [tf425_n1_40k] step 11250 loss 1.9946 질의 0.1412 전체일치 0.0015
  [tf425_n1_40k] step 11500 loss 2.0086 질의 0.1465 전체일치 0.0020
  [tf425_n1_40k] step 11750 loss 1.9901 질의 0.1388 전체일치 0.0005
  [tf425_n1_40k] step 12000 loss 2.0010 질의 0.1414 전체일치 0.0020
  [tf425_n1_40k] step 12250 loss 2.0080 질의 0.1423 전체일치 0.0010
  [tf425_n1_40k] step 12500 loss 1.9897 질의 0.1376 전체일치 0.0015
  [tf425_n1_40k] step 12750 loss 1.9944 질의 0.1453 전체일치 0.0015
  [tf425_n1_40k] step 13000 loss 1.9889 질의 0.1461 전체일치 0.0029
  [tf425_n1_40k] step 13250 loss 1.9973 질의 0.1432 전체일치 0.0015
  [tf425_n1_40k] step 13500 loss 1.9718 질의 0.1335 전체일치 0.0024
  [tf425_n1_40k] step 13750 loss 1.9839 질의 0.1486 전체일치 0.0015
  [tf425_n1_40k] step 14000 loss 1.9922 질의 0.1420 전체일치 0.0005
  [tf425_n1_40k] step 14250 loss 1.9898 질의 0.1394 전체일치 0.0024
  [tf425_n1_40k] step 14500 loss 1.9796 질의 0.1470 전체일치 0.0015
  [tf425_n1_40k] step 14750 loss 1.9971 질의 0.1442 전체일치 0.0010
  [tf425_n1_40k] step 15000 loss 1.9745 질의 0.1499 전체일치 0.0024
  [tf425_n1_40k] step 15250 loss 1.9851 질의 0.1377 전체일치 0.0020
  [tf425_n1_40k] step 15500 loss 1.9839 질의 0.1418 전체일치 0.0015
  [tf425_n1_40k] step 15750 loss 1.9751 질의 0.1414 전체일치 0.0005
  [tf425_n1_40k] step 16000 loss 1.9770 질의 0.1328 전체일치 0.0020
  [tf425_n1_40k] step 16250 loss 1.9841 질의 0.1411 전체일치 0.0010
  [tf425_n1_40k] step 16500 loss 1.9730 질의 0.1343 전체일치 0.0010
  [tf425_n1_40k] step 16750 loss 1.9740 질의 0.1458 전체일치 0.0010
  [tf425_n1_40k] step 17000 loss 1.9712 질의 0.1486 전체일치 0.0020
  [tf425_n1_40k] step 17250 loss 1.9687 질의 0.1495 전체일치 0.0010
  [tf425_n1_40k] step 17500 loss 1.9782 질의 0.1467 전체일치 0.0029
  [tf425_n1_40k] step 17750 loss 1.9740 질의 0.1407 전체일치 0.0024
  [tf425_n1_40k] step 18000 loss 1.9822 질의 0.1403 전체일치 0.0015
  [tf425_n1_40k] step 18250 loss 1.9678 질의 0.1465 전체일치 0.0020
  [tf425_n1_40k] step 18500 loss 1.9747 질의 0.1368 전체일치 0.0010
  [tf425_n1_40k] step 18750 loss 1.9855 질의 0.1396 전체일치 0.0015
  [tf425_n1_40k] step 19000 loss 1.9805 질의 0.1367 전체일치 0.0010
  [tf425_n1_40k] step 19250 loss 1.9718 질의 0.1423 전체일치 0.0024
  [tf425_n1_40k] step 19500 loss 1.9808 질의 0.1415 전체일치 0.0020
  [tf425_n1_40k] step 19750 loss 1.9724 질의 0.1406 전체일치 0.0010
  [tf425_n1_40k] step 20000 loss 1.9612 질의 0.1399 전체일치 0.0005
  [tf425_n1_40k] step 20250 loss 1.9786 질의 0.1354 전체일치 0.0010
  [tf425_n1_40k] step 20500 loss 1.9714 질의 0.1432 전체일치 0.0024
  [tf425_n1_40k] step 20750 loss 1.9865 질의 0.1378 전체일치 0.0010
  [tf425_n1_40k] step 21000 loss 1.9707 질의 0.1454 전체일치 0.0024
  [tf425_n1_40k] step 21250 loss 1.9589 질의 0.1375 전체일치 0.0015
  [tf425_n1_40k] step 21500 loss 1.9711 질의 0.1422 전체일치 0.0005
  [tf425_n1_40k] step 21750 loss 1.9701 질의 0.1400 전체일치 0.0010
  [tf425_n1_40k] step 22000 loss 1.9675 질의 0.1375 전체일치 0.0005
  [tf425_n1_40k] step 22250 loss 1.9644 질의 0.1455 전체일치 0.0020
  [tf425_n1_40k] step 22500 loss 1.9696 질의 0.1444 전체일치 0.0000
  [tf425_n1_40k] step 22750 loss 1.9577 질의 0.1420 전체일치 0.0015
  [tf425_n1_40k] step 23000 loss 1.9582 질의 0.1520 전체일치 0.0034
  [tf425_n1_40k] step 23250 loss 1.9497 질의 0.1427 전체일치 0.0020
  [tf425_n1_40k] step 23500 loss 1.9602 질의 0.1321 전체일치 0.0020
  [tf425_n1_40k] step 23750 loss 1.9653 질의 0.1372 전체일치 0.0029
  [tf425_n1_40k] step 24000 loss 1.9634 질의 0.1388 전체일치 0.0020
  [tf425_n1_40k] step 24250 loss 1.9647 질의 0.1395 전체일치 0.0015
  [tf425_n1_40k] step 24500 loss 1.9696 질의 0.1442 전체일치 0.0020
  [tf425_n1_40k] step 24750 loss 1.9519 질의 0.1373 전체일치 0.0015
  [tf425_n1_40k] step 25000 loss 1.9612 질의 0.1449 전체일치 0.0015
  [tf425_n1_40k] step 25250 loss 1.9661 질의 0.1405 전체일치 0.0015
  [tf425_n1_40k] step 25500 loss 1.9575 질의 0.1418 전체일치 0.0015
  [tf425_n1_40k] step 25750 loss 1.9632 질의 0.1415 전체일치 0.0010
  [tf425_n1_40k] step 26000 loss 1.9629 질의 0.1387 전체일치 0.0015
  [tf425_n1_40k] step 26250 loss 1.9592 질의 0.1475 전체일치 0.0029
  [tf425_n1_40k] step 26500 loss 1.9573 질의 0.1423 전체일치 0.0015
  [tf425_n1_40k] step 26750 loss 1.9629 질의 0.1405 전체일치 0.0010
  [tf425_n1_40k] step 27000 loss 1.9579 질의 0.1373 전체일치 0.0034
  [tf425_n1_40k] step 27250 loss 1.9549 질의 0.1475 전체일치 0.0024
  [tf425_n1_40k] step 27500 loss 1.9610 질의 0.1461 전체일치 0.0020
  [tf425_n1_40k] step 27750 loss 1.9607 질의 0.1418 전체일치 0.0034
  [tf425_n1_40k] step 28000 loss 1.9586 질의 0.1417 전체일치 0.0020
  [tf425_n1_40k] step 28250 loss 1.9627 질의 0.1476 전체일치 0.0010
  [tf425_n1_40k] step 28500 loss 1.9550 질의 0.1433 전체일치 0.0005
  [tf425_n1_40k] step 28750 loss 1.9577 질의 0.1427 전체일치 0.0010
  [tf425_n1_40k] step 29000 loss 1.9517 질의 0.1373 전체일치 0.0020
  [tf425_n1_40k] step 29250 loss 1.9538 질의 0.1411 전체일치 0.0024
  [tf425_n1_40k] step 29500 loss 1.9484 질의 0.1470 전체일치 0.0020
  [tf425_n1_40k] step 29750 loss 1.9501 질의 0.1338 전체일치 0.0039
  [tf425_n1_40k] step 30000 loss 1.9490 질의 0.1425 전체일치 0.0020
  [tf425_n1_40k] step 30250 loss 1.9469 질의 0.1423 전체일치 0.0034
  [tf425_n1_40k] step 30500 loss 1.9581 질의 0.1395 전체일치 0.0015
  [tf425_n1_40k] step 30750 loss 1.9625 질의 0.1368 전체일치 0.0029
  [tf425_n1_40k] step 31000 loss 1.9558 질의 0.1371 전체일치 0.0010
  [tf425_n1_40k] step 31250 loss 1.9531 질의 0.1423 전체일치 0.0024
  [tf425_n1_40k] step 31500 loss 1.9532 질의 0.1343 전체일치 0.0010
  [tf425_n1_40k] step 31750 loss 1.9507 질의 0.1406 전체일치 0.0005
  [tf425_n1_40k] step 32000 loss 1.9502 질의 0.1505 전체일치 0.0039
  [tf425_n1_40k] step 32250 loss 1.9573 질의 0.1400 전체일치 0.0015
  [tf425_n1_40k] step 32500 loss 1.9572 질의 0.1528 전체일치 0.0044
  [tf425_n1_40k] step 32750 loss 1.9532 질의 0.1418 전체일치 0.0015
  [tf425_n1_40k] step 33000 loss 1.9537 질의 0.1431 전체일치 0.0010
  [tf425_n1_40k] step 33250 loss 1.9540 질의 0.1392 전체일치 0.0034
  [tf425_n1_40k] step 33500 loss 1.9465 질의 0.1415 전체일치 0.0000
  [tf425_n1_40k] step 33750 loss 1.9471 질의 0.1443 전체일치 0.0020
  [tf425_n1_40k] step 34000 loss 1.9536 질의 0.1393 전체일치 0.0010
  [tf425_n1_40k] step 34250 loss 1.9533 질의 0.1464 전체일치 0.0029
  [tf425_n1_40k] step 34500 loss 1.9482 질의 0.1487 전체일치 0.0029
  [tf425_n1_40k] step 34750 loss 1.9474 질의 0.1420 전체일치 0.0020
  [tf425_n1_40k] step 35000 loss 1.9483 질의 0.1462 전체일치 0.0005
  [tf425_n1_40k] step 35250 loss 1.9475 질의 0.1455 전체일치 0.0015
  [tf425_n1_40k] step 35500 loss 1.9467 질의 0.1504 전체일치 0.0039
  [tf425_n1_40k] step 35750 loss 1.9521 질의 0.1334 전체일치 0.0024
  [tf425_n1_40k] step 36000 loss 1.9490 질의 0.1426 전체일치 0.0024
  [tf425_n1_40k] step 36250 loss 1.9531 질의 0.1448 전체일치 0.0020
  [tf425_n1_40k] step 36500 loss 1.9510 질의 0.1422 전체일치 0.0029
  [tf425_n1_40k] step 36750 loss 1.9481 질의 0.1554 전체일치 0.0024
  [tf425_n1_40k] step 37000 loss 1.9474 질의 0.1365 전체일치 0.0029
  [tf425_n1_40k] step 37250 loss 1.9490 질의 0.1356 전체일치 0.0010
  [tf425_n1_40k] step 37500 loss 1.9488 질의 0.1403 전체일치 0.0029
  [tf425_n1_40k] step 37750 loss 1.9487 질의 0.1407 전체일치 0.0020
  [tf425_n1_40k] step 38000 loss 1.9488 질의 0.1399 전체일치 0.0010
  [tf425_n1_40k] step 38250 loss 1.9466 질의 0.1431 전체일치 0.0034
  [tf425_n1_40k] step 38500 loss 1.9502 질의 0.1465 전체일치 0.0015
  [tf425_n1_40k] step 38750 loss 1.9481 질의 0.1501 전체일치 0.0049
  [tf425_n1_40k] step 39000 loss 1.9491 질의 0.1421 전체일치 0.0020
  [tf425_n1_40k] step 39250 loss 1.9512 질의 0.1481 전체일치 0.0029
  [tf425_n1_40k] step 39500 loss 1.9479 질의 0.1542 전체일치 0.0034
  [tf425_n1_40k] step 39750 loss 1.9521 질의 0.1476 전체일치 0.0039
  [tf425_n1_40k] step 40000 loss 1.9457 질의 0.1461 전체일치 0.0020
[tf425_n1_40k] TF L=4 d=92 lr=0.001 n=1 params=425105 FINAL 질의 0.1440 전체일치 0.0031 (최고 0.1554) (797s)
