/usr/local/lib/python3.12/dist-packages/torch/nn/modules/transformer.py:392: UserWarning: enable_nested_tensor is True, but self.use_nested_tensor is False because encoder_layer.norm_first was True
  warnings.warn(
[tf425_n1_16k] TF L=4 d=92 heads=4 lr=0.001 T=20 n=1 params=425105 (Model1 d=256 = 427,330)  우연=0.1250
  [tf425_n1_16k] step   250 loss 3.9208 질의 0.0752 전체일치 0.0000
  [tf425_n1_16k] step   500 loss 3.3372 질의 0.1287 전체일치 0.0015
  [tf425_n1_16k] step   750 loss 2.8584 질의 0.1494 전체일치 0.0010
  [tf425_n1_16k] step  1000 loss 2.5933 질의 0.1475 전체일치 0.0024
  [tf425_n1_16k] step  1250 loss 2.3897 질의 0.1467 전체일치 0.0010
  [tf425_n1_16k] step  1500 loss 2.2622 질의 0.1393 전체일치 0.0015
  [tf425_n1_16k] step  1750 loss 2.2225 질의 0.1481 전체일치 0.0010
  [tf425_n1_16k] step  2000 loss 2.1647 질의 0.1414 전체일치 0.0015
  [tf425_n1_16k] step  2250 loss 2.1311 질의 0.1405 전체일치 0.0000
  [tf425_n1_16k] step  2500 loss 2.1127 질의 0.1456 전체일치 0.0034
  [tf425_n1_16k] step  2750 loss 2.1039 질의 0.1417 전체일치 0.0024
  [tf425_n1_16k] step  3000 loss 2.0884 질의 0.1490 전체일치 0.0029
  [tf425_n1_16k] step  3250 loss 2.0567 질의 0.1351 전체일치 0.0010
  [tf425_n1_16k] step  3500 loss 2.1017 질의 0.1449 전체일치 0.0010
  [tf425_n1_16k] step  3750 loss 2.0671 질의 0.1459 전체일치 0.0000
  [tf425_n1_16k] step  4000 loss 2.0689 질의 0.1479 전체일치 0.0010
  [tf425_n1_16k] step  4250 loss 2.0813 질의 0.1377 전체일치 0.0000
  [tf425_n1_16k] step  4500 loss 2.0461 질의 0.1422 전체일치 0.0015
  [tf425_n1_16k] step  4750 loss 2.0369 질의 0.1394 전체일치 0.0034
  [tf425_n1_16k] step  5000 loss 2.0520 질의 0.1403 전체일치 0.0020
  [tf425_n1_16k] step  5250 loss 2.0470 질의 0.1433 전체일치 0.0020
  [tf425_n1_16k] step  5500 loss 2.0077 질의 0.1427 전체일치 0.0015
  [tf425_n1_16k] step  5750 loss 2.0260 질의 0.1389 전체일치 0.0029
  [tf425_n1_16k] step  6000 loss 2.0199 질의 0.1426 전체일치 0.0020
  [tf425_n1_16k] step  6250 loss 2.0146 질의 0.1384 전체일치 0.0010
  [tf425_n1_16k] step  6500 loss 2.0260 질의 0.1434 전체일치 0.0015
  [tf425_n1_16k] step  6750 loss 2.0158 질의 0.1420 전체일치 0.0024
  [tf425_n1_16k] step  7000 loss 2.0030 질의 0.1461 전체일치 0.0020
  [tf425_n1_16k] step  7250 loss 2.0143 질의 0.1401 전체일치 0.0034
  [tf425_n1_16k] step  7500 loss 1.9927 질의 0.1444 전체일치 0.0010
  [tf425_n1_16k] step  7750 loss 2.0157 질의 0.1411 전체일치 0.0020
  [tf425_n1_16k] step  8000 loss 2.0040 질의 0.1470 전체일치 0.0024
  [tf425_n1_16k] step  8250 loss 2.0035 질의 0.1439 전체일치 0.0034
  [tf425_n1_16k] step  8500 loss 1.9929 질의 0.1448 전체일치 0.0020
  [tf425_n1_16k] step  8750 loss 1.9774 질의 0.1497 전체일치 0.0015
  [tf425_n1_16k] step  9000 loss 1.9925 질의 0.1395 전체일치 0.0005
  [tf425_n1_16k] step  9250 loss 1.9817 질의 0.1421 전체일치 0.0005
  [tf425_n1_16k] step  9500 loss 1.9832 질의 0.1423 전체일치 0.0020
  [tf425_n1_16k] step  9750 loss 1.9843 질의 0.1479 전체일치 0.0024
  [tf425_n1_16k] step 10000 loss 1.9797 질의 0.1368 전체일치 0.0010
  [tf425_n1_16k] step 10250 loss 1.9829 질의 0.1440 전체일치 0.0005
  [tf425_n1_16k] step 10500 loss 1.9703 질의 0.1436 전체일치 0.0044
  [tf425_n1_16k] step 10750 loss 1.9838 질의 0.1469 전체일치 0.0020
  [tf425_n1_16k] step 11000 loss 1.9803 질의 0.1396 전체일치 0.0010
  [tf425_n1_16k] step 11250 loss 1.9726 질의 0.1421 전체일치 0.0020
  [tf425_n1_16k] step 11500 loss 1.9778 질의 0.1425 전체일치 0.0015
  [tf425_n1_16k] step 11750 loss 1.9736 질의 0.1440 전체일치 0.0005
  [tf425_n1_16k] step 12000 loss 1.9674 질의 0.1466 전체일치 0.0020
  [tf425_n1_16k] step 12250 loss 1.9730 질의 0.1425 전체일치 0.0015
  [tf425_n1_16k] step 12500 loss 1.9635 질의 0.1416 전체일치 0.0020
  [tf425_n1_16k] step 12750 loss 1.9681 질의 0.1443 전체일치 0.0010
  [tf425_n1_16k] step 13000 loss 1.9619 질의 0.1528 전체일치 0.0034
  [tf425_n1_16k] step 13250 loss 1.9650 질의 0.1486 전체일치 0.0015
  [tf425_n1_16k] step 13500 loss 1.9549 질의 0.1417 전체일치 0.0010
  [tf425_n1_16k] step 13750 loss 1.9589 질의 0.1428 전체일치 0.0039
  [tf425_n1_16k] step 14000 loss 1.9573 질의 0.1425 전체일치 0.0020
  [tf425_n1_16k] step 14250 loss 1.9578 질의 0.1353 전체일치 0.0034
  [tf425_n1_16k] step 14500 loss 1.9543 질의 0.1486 전체일치 0.0024
  [tf425_n1_16k] step 14750 loss 1.9577 질의 0.1399 전체일치 0.0020
  [tf425_n1_16k] step 15000 loss 1.9634 질의 0.1416 전체일치 0.0044
  [tf425_n1_16k] step 15250 loss 1.9593 질의 0.1339 전체일치 0.0024
  [tf425_n1_16k] step 15500 loss 1.9571 질의 0.1434 전체일치 0.0024
  [tf425_n1_16k] step 15750 loss 1.9565 질의 0.1509 전체일치 0.0039
  [tf425_n1_16k] step 16000 loss 1.9610 질의 0.1390 전체일치 0.0015
[tf425_n1_16k] TF L=4 d=92 lr=0.001 n=1 params=425105 FINAL 질의 0.1432 전체일치 0.0028 (최고 0.1528) (323s)
