  κ=0.0  chunk 1/8  10s  seg16 39/64  seg128 47/64   |S| rms L1 0.0154
  κ=0.0  chunk 2/8  19s  seg16 39/64  seg128 48/64   |S| rms L1 0.0206
  κ=0.0  chunk 3/8  28s  seg16 35/64  seg128 44/64   |S| rms L1 0.0233
  κ=0.0  chunk 4/8  38s  seg16 32/64  seg128 41/64   |S| rms L1 0.0248
  κ=0.0  chunk 5/8  47s  seg16 28/64  seg128 38/64   |S| rms L1 0.0259
  κ=0.0  chunk 6/8  57s  seg16 33/64  seg128 48/64   |S| rms L1 0.0246
  κ=0.0  chunk 7/8  66s  seg16 33/64  seg128 41/64   |S| rms L1 0.0256
  κ=0.0  chunk 8/8  76s  seg16 19/64  seg128 27/64   |S| rms L1 0.0290
  κ=0.3  chunk 1/8  10s  seg16 40/64  seg128 46/64   |S| rms L1 0.0155
  κ=0.3  chunk 2/8  19s  seg16 33/64  seg128 45/64   |S| rms L1 0.0218
  κ=0.3  chunk 3/8  29s  seg16 30/64  seg128 36/64   |S| rms L1 0.0255
  κ=0.3  chunk 4/8  39s  seg16 29/64  seg128 35/64   |S| rms L1 0.0275
  κ=0.3  chunk 5/8  49s  seg16 22/64  seg128 35/64   |S| rms L1 0.0285
  κ=0.3  chunk 6/8  59s  seg16 28/64  seg128 37/64   |S| rms L1 0.0281
  κ=0.3  chunk 7/8  68s  seg16 28/64  seg128 36/64   |S| rms L1 0.0285
  κ=0.3  chunk 8/8  78s  seg16 17/64  seg128 21/64   |S| rms L1 0.0311
  κ=1.0  chunk 1/8  10s  seg16 40/64  seg128 44/64   |S| rms L1 0.0163
  κ=1.0  chunk 2/8  20s  seg16 22/64  seg128 26/64   |S| rms L1 0.0267
  κ=1.0  chunk 3/8  29s  seg16 4/64  seg128 4/64   |S| rms L1 0.0350
  κ=1.0  chunk 4/8  39s  seg16 2/64  seg128 2/64   |S| rms L1 0.0389
  κ=1.0  chunk 5/8  49s  seg16 2/64  seg128 2/64   |S| rms L1 0.0399
  κ=1.0  chunk 6/8  59s  seg16 1/64  seg128 0/64   |S| rms L1 0.0408
  κ=1.0  chunk 7/8  69s  seg16 1/64  seg128 1/64   |S| rms L1 0.0407
  κ=1.0  chunk 8/8  79s  seg16 3/64  seg128 3/64   |S| rms L1 0.0405

청크별 seg128 완답 (64개 중), δ_s=0.001
    κ | c  1 c  2 c  3 c  4 c  5 c  6 c  7 c  8 | 합계 | 전반4 | 후반4
  0.0 |   47   48   44   41   38   48   41   27 |  334 |  180 |  154
  0.3 |   46   45   36   35   35   37   36   21 |  291 |  162 |  129
  1.0 |   44   26    4    2    2    0    1    3 |   82 |   76 |    6
EXIT 0
