사영 반경 R = √d = 28.84; 실제 상태의 칸 노름 중앙값 37.33

===== 가중치 ckpt =====
[2번] 고정점 수렴 (‖Δh‖/‖h‖ < 1e-6, 600스텝 상한)
  η= 0.20:    미수렴(마지막 변화 2.7e-06)   E -88280.6 → -435599.5   단조감소 False
  η= 0.10:    미수렴(마지막 변화 2.2e-05)   E -88280.6 → -435599.4   단조감소 False
  η= 0.05:    미수렴(마지막 변화 2.1e-04)   E -88280.6 → -435594.9   단조감소 False
  η= 0.02:    미수렴(마지막 변화 1.5e-03)   E -88280.6 → -434663.9   단조감소 False
  η= 0.01:    미수렴(마지막 변화 2.4e-03)   E -88280.6 → -423791.2   단조감소 False
[3번] EqProp 경사 검증 (η=0.05). 기준 = 자유 이완을 autograd 로 펼친 dC/dθ (θ = W_sh, W_g)
  펼침 기준: 400스텝, C(h_T) = 22.7026   자유 고정점: 1133스텝, C(h⁰) = 23.1957, ‖ref‖ = 1.796e+02
  β= 1.000: 밀림 위상   81스텝   코사인 +0.8909   상대오차 0.454
  β= 0.300: 밀림 위상   37스텝   코사인 +0.8730   상대오차 0.493
  β= 0.100: 밀림 위상   18스텝   코사인 +0.8381   상대오차 0.566
  β= 0.030: 밀림 위상    8스텝   코사인 +0.7478   상대오차 0.690
  β= 0.010: 밀림 위상    5스텝   코사인 +0.5838   상대오차 0.812
  β= 0.003: 밀림 위상    2스텝   코사인 +0.3423   상대오차 0.979

===== 가중치 random =====
[2번] 고정점 수렴 (‖Δh‖/‖h‖ < 1e-6, 600스텝 상한)
  η= 0.20:    미수렴(마지막 변화 5.8e-05)   E -137823.4 → -836622.3   단조감소 False
  η= 0.10:    미수렴(마지막 변화 6.2e-05)   E -137823.4 → -836621.1   단조감소 False
  η= 0.05:    미수렴(마지막 변화 6.5e-05)   E -137823.4 → -836618.6   단조감소 False
  η= 0.02:    미수렴(마지막 변화 8.4e-05)   E -137823.4 → -836611.0   단조감소 False
  η= 0.01:    미수렴(마지막 변화 1.9e-04)   E -137823.4 → -836571.6   단조감소 False
[3번] EqProp 경사 검증 (η=0.05). 기준 = 자유 이완을 autograd 로 펼친 dC/dθ (θ = W_sh, W_g)
  펼침 기준: 400스텝, C(h_T) = 5.6993   자유 고정점: 2000스텝, C(h⁰) = 5.7213, ‖ref‖ = 1.862e+02
  β= 1.000: 밀림 위상 2000스텝   코사인 +0.2759   상대오차 14.442
  β= 0.300: 밀림 위상 2000스텝   코사인 +0.2304   상대오차 48.840
  β= 0.100: 밀림 위상 2000스텝   코사인 +0.2174   상대오차 147.121
  β= 0.030: 밀림 위상 2000스텝   코사인 +0.2128   상대오차 491.106
  β= 0.010: 밀림 위상 2000스텝   코사인 +0.2115   상대오차 1473.922
  β= 0.003: 밀림 위상 2000스텝   코사인 +0.2110   상대오차 4913.772
EXIT 0
