  퍼즐   0: k=1 제거, 해 491개  (0s)
  퍼즐   1: k=3 제거, 해 722개  (0s)
  퍼즐   2: k=1 제거, 해 431개  (0s)
  퍼즐   3: k=2 제거, 해 1198개  (0s)
  퍼즐   4: k=2 제거, 해 1202개  (1s)
  퍼즐   5: k=1 제거, 해 200개  (1s)
  퍼즐   6: k=2 제거, 해 356개  (1s)
  퍼즐   7: k=2 제거, 해 443개  (1s)
  퍼즐   8: k=3 제거, 해 338개  (1s)
  퍼즐   9: k=2 제거, 해 2455개  (2s)
  퍼즐  10: k=2 제거, 해 1197개  (2s)
  퍼즐  11: k=5 제거, 해 1051개  (2s)
  퍼즐  12: k=10 제거, 해 238개  (2s)
  퍼즐  13: k=3 제거, 해 2602개  (3s)
  퍼즐  14: k=1 제거, 해 241개  (3s)
  퍼즐  15: k=1 제거, 해 609개  (3s)
  퍼즐  16: k=3 제거, 해 816개  (3s)
  퍼즐  17: k=1 제거, 해 348개  (3s)
  퍼즐  18: k=1 제거, 해 3060개  (3s)
  퍼즐  19: k=3 제거, 해 1556개  (3s)
  퍼즐  20: k=3 제거, 해 298개  (3s)
  퍼즐  21: k=2 제거, 해 279개  (4s)
  퍼즐  22: k=2 제거, 해 311개  (4s)
  퍼즐  23: k=2 제거, 해 345개  (4s)
  퍼즐  24: k=2 제거, 해 2146개  (4s)
  퍼즐  25: k=1 제거, 해 1367개  (4s)
  퍼즐  26: k=3 제거, 해 710개  (4s)
  퍼즐  27: k=2 제거, 해 1814개  (4s)
  퍼즐  28: 건너뜀 (k=1 에서 5001+ (직전 k 는 None))  (5s)
  퍼즐  29: k=1 제거, 해 349개  (5s)
  퍼즐  30: k=2 제거, 해 666개  (5s)
  퍼즐  31: k=4 제거, 해 321개  (5s)
  퍼즐  32: k=3 제거, 해 645개  (6s)
  퍼즐  33: k=2 제거, 해 2025개  (6s)
  퍼즐  34: k=3 제거, 해 450개  (6s)
  퍼즐  35: k=1 제거, 해 1858개  (6s)
  퍼즐  36: k=1 제거, 해 1237개  (6s)
  퍼즐  37: k=1 제거, 해 855개  (7s)
  퍼즐  38: k=2 제거, 해 1368개  (7s)
  퍼즐  39: k=2 제거, 해 336개  (7s)
  퍼즐  40: k=1 제거, 해 210개  (7s)
  퍼즐  41: k=3 제거, 해 741개  (7s)
  퍼즐  42: k=1 제거, 해 1208개  (7s)
  퍼즐  43: k=1 제거, 해 756개  (8s)
  퍼즐  44: k=2 제거, 해 427개  (8s)
  퍼즐  45: k=1 제거, 해 1200개  (8s)
  퍼즐  46: k=1 제거, 해 328개  (8s)
  퍼즐  47: k=2 제거, 해 1167개  (9s)
  퍼즐  48: k=2 제거, 해 3274개  (10s)
  퍼즐  49: k=2 제거, 해 1560개  (11s)
  퍼즐  50: k=1 제거, 해 905개  (11s)
  퍼즐  51: k=2 제거, 해 886개  (12s)
  퍼즐  52: k=2 제거, 해 693개  (12s)
  퍼즐  53: k=2 제거, 해 469개  (12s)
  퍼즐  54: k=1 제거, 해 427개  (12s)
  퍼즐  55: k=3 제거, 해 341개  (13s)
  퍼즐  56: k=1 제거, 해 357개  (13s)
  퍼즐  57: k=2 제거, 해 4166개  (14s)
  퍼즐  58: k=1 제거, 해 295개  (14s)
  퍼즐  59: k=2 제거, 해 790개  (14s)
  퍼즐  60: k=3 제거, 해 333개  (14s)
  퍼즐  61: k=1 제거, 해 2309개  (14s)
  퍼즐  62: k=2 제거, 해 295개  (14s)
  퍼즐  63: k=2 제거, 해 1624개  (15s)
완화 퍼즐 63개 확보
MI 계산 완료
  기록: seg 1
  기록: seg 4
  forward seg 4/16 1s
  forward seg 8/16 1s
  forward seg 12/16 2s
  기록: seg 16
  forward seg 16/16 2s

(f) 위치 통제 (비동료 쌍): |w|/|a_eff| vs 쌍-위치별 MI 평균(위치 사전분포)  vs 퍼즐 특이 잔차 (I − 위치평균)
seg |   |w| vs 위치평균  |w| vs 잔차 |   |a| vs 위치평균  |a| vs 잔차 |   동료: |w| vs 잔차
  1 |         0.156     -0.009 |         0.645     -0.105 |           0.071
  4 |         0.160      0.020 |         0.613     -0.095 |           0.137
 16 |         0.146      0.045 |         0.109     -0.010 |           0.152

=== 결과 (퍼즐 평균 스피어만) ===
seg |  |w| vs I 전체      동료     비동료 |   |w|max 비동료 |  |a_eff| 전체      동료     비동료 |    대조 w전체    대조 w비동료    대조 a비동료
  1 |        0.241   0.217   0.059 |        0.103 |       0.353   0.147   0.177 |     0.003      0.005      0.001
  4 |        0.230   0.246   0.089 |        0.108 |       0.346   0.153   0.171 |     0.000      0.002      0.000
 16 |        0.235   0.243   0.105 |        0.125 |       0.243   0.097   0.036 |     0.000     -0.001     -0.003

seg |  |w| I하위25%    I상위25% |  |a| I하위25%    I상위25% |   비대칭 w vs ΔH  a vs ΔH     대조 |    부호w 동료    부호w 비동료
  1 |      0.0060    0.0115 |      0.0410    0.0844 |        -0.004    0.017 -0.000 |    -0.217      0.062
  4 |      0.0051    0.0099 |      0.0405    0.0835 |        -0.001    0.013 -0.003 |    -0.253      0.089
 16 |      0.0031    0.0059 |      0.0388    0.0673 |         0.003    0.002 -0.004 |    -0.251      0.069

모델 끝 상태: 유효 격자 68%, 열거된 해 집합 안 68%, 마지막 세그 churn 0.0188, 평균 위반 3.7
