step=182450  weights=ema  loops=513  bs=256  N=2048
  cfg: d=832 H=8 blocks=8 layers=2 order=post stdp=faithful/psi
  layer0: λ=0.6401  δ=0.0251  G=0.3295
  layer1: λ=0.2863  δ=0.0401  G=0.3730
  batch 1/8  146s  (seg16 누적 exact 145, seg512 191)
  batch 2/8  295s  (seg16 누적 exact 256, seg512 358)
  batch 3/8  444s  (seg16 누적 exact 347, seg512 501)
  batch 4/8  593s  (seg16 누적 exact 516, seg512 723)
  batch 5/8  742s  (seg16 누적 exact 668, seg512 929)
  batch 6/8  890s  (seg16 누적 exact 836, seg512 1142)
  batch 7/8  1039s  (seg16 누적 exact 984, seg512 1342)
  batch 8/8  1188s  (seg16 누적 exact 1127, seg512 1535)

  seg |     acc  exact  exact% |     Δacc |   churn
    1 |  0.7284     53   2.59% |  -0.1080 |  0.0000
    2 |  0.7792    326  15.92% |  -0.0572 |  0.1478
    4 |  0.8079    755  36.87% |  -0.0284 |  0.0554
    8 |  0.8209    969  47.31% |  -0.0155 |  0.0577
   16 |  0.8364   1127  55.03% |  +0.0000 |  0.0537 ←학습
   24 |  0.8464   1225  59.81% |  +0.0100 |  0.0415
   32 |  0.8516   1277  62.35% |  +0.0152 |  0.0342
   48 |  0.8632   1348  65.82% |  +0.0268 |  0.0243
   64 |  0.8707   1387  67.72% |  +0.0343 |  0.0212
   96 |  0.8775   1429  69.78% |  +0.0411 |  0.0194
  128 |  0.8826   1460  71.29% |  +0.0463 |  0.0177
  160 |  0.8850   1475  72.02% |  +0.0487 |  0.0170
  192 |  0.8879   1488  72.66% |  +0.0515 |  0.0167
  224 |  0.8889   1496  73.05% |  +0.0525 |  0.0171
  256 |  0.8899   1502  73.34% |  +0.0535 |  0.0162
  512 |  0.8977   1535  74.95% |  +0.0613 |  0.0156

학습 세그먼트(16): acc 0.8364  완답 1127/2048 (55.03%)
최고 acc:  seg 512  0.8977  (+0.0613)
최고 완답: seg 505  1535/2048 (74.95%)  (+408)
기준(9/1 faithful@310527 seg192): 77.49%  →  미달

저장: /workspace/LinearTuring/2026-09-05/results/json/seg_extrap_kaggle182450_s512.json
EXIT 0
