  [cam_k4_r4] step  1000 loss 0.0000 셀 1.0000 전체일치 1.0000 | r4(c2):1.00
  [cam_k4_r4] step  2000 loss 0.0000 셀 1.0000 전체일치 1.0000 | r4(c2):1.00
  [cam_k4_r4] step  3000 loss 0.0000 셀 1.0000 전체일치 1.0000 | r4(c2):1.00
[cam_k4_r4] rules=[4] k=4 FINAL 셀 1.0000 전체일치 1.0000 (213s)
   rule   4 class 2: 셀 1.0000 전체일치 1.0000
  [cam_k4_r184] step  1000 loss 0.0000 셀 1.0000 전체일치 1.0000 | r184(c2):1.00
  [cam_k4_r184] step  2000 loss 0.0000 셀 1.0000 전체일치 1.0000 | r184(c2):1.00
  [cam_k4_r184] step  3000 loss 0.0000 셀 1.0000 전체일치 1.0000 | r184(c2):1.00
[cam_k4_r184] rules=[184] k=4 FINAL 셀 1.0000 전체일치 1.0000 (157s)
   rule 184 class 2: 셀 1.0000 전체일치 1.0000
  [cam_k4_r232] step  1000 loss 0.0000 셀 1.0000 전체일치 1.0000 | r232(c2):1.00
  [cam_k4_r232] step  2000 loss 0.0000 셀 1.0000 전체일치 1.0000 | r232(c2):1.00
  [cam_k4_r232] step  3000 loss 0.0000 셀 1.0000 전체일치 1.0000 | r232(c2):1.00
[cam_k4_r232] rules=[232] k=4 FINAL 셀 1.0000 전체일치 1.0000 (291s)
   rule 232 class 2: 셀 1.0000 전체일치 1.0000
  [cam_k4_r30] step  1000 loss 0.0006 셀 0.9998 전체일치 0.9941 | r30(c3):0.99
  [cam_k4_r30] step  2000 loss 0.0000 셀 1.0000 전체일치 1.0000 | r30(c3):1.00
  [cam_k4_r30] step  3000 loss 0.0000 셀 1.0000 전체일치 1.0000 | r30(c3):1.00
[cam_k4_r30] rules=[30] k=4 FINAL 셀 1.0000 전체일치 1.0000 (368s)
   rule  30 class 3: 셀 1.0000 전체일치 1.0000
