  0%|          | 400/390625 [01:09<15:09:33,  7.15it/s][LT] step 400  lm_loss 1.9760  acc 0.4451  exact 0.0000 (~0/128)
  0%|          | 800/390625 [02:05<15:03:21,  7.19it/s][LT] step 800  lm_loss 1.7275  acc 0.5105  exact 0.0000 (~0/128)
  0%|          | 1200/390625 [02:58<14:36:02,  7.41it/s][LT] step 1200  lm_loss 1.5248  acc 0.5433  exact 0.0000 (~0/128)
  0%|          | 1600/390625 [03:43<15:05:50,  7.16it/s][LT] step 1600  lm_loss 1.3624  acc 0.5530  exact 0.0000 (~0/128)
[EVAL] step 1953  set all  acc 0.4899  exact 0/2048
[EVAL] step 1953  set all  acc 0.4900  exact 0/2048
  1%|          | 2000/390625 [05:10<15:14:54,  7.08it/s][LT] step 2000  lm_loss 1.2350  acc 0.5611  exact 0.0000 (~0/128)
  1%|          | 2400/390625 [06:05<14:47:59,  7.29it/s][LT] step 2400  lm_loss 1.1287  acc 0.5866  exact 0.0000 (~0/128)
  1%|          | 2800/390625 [07:00<14:48:19,  7.28it/s][LT] step 2800  lm_loss 1.0597  acc 0.5936  exact 0.0000 (~0/128)
  1%|          | 3200/390625 [07:56<14:45:09,  7.29it/s][LT] step 3200  lm_loss 1.0028  acc 0.6067  exact 0.0000 (~0/128)
  1%|          | 3600/390625 [08:51<14:49:33,  7.25it/s][LT] step 3600  lm_loss 0.9211  acc 0.6455  exact 0.0000 (~0/128)
[EVAL] step 3906  set all  acc 0.5597  exact 0/2048
  1%|          | 4000/390625 [10:03<14:55:42,  7.19it/s][LT] step 4000  lm_loss 0.8922  acc 0.6484  exact 0.0000 (~0/128)
  1%|          | 4400/390625 [10:58<14:33:50,  7.37it/s][LT] step 4400  lm_loss 0.8741  acc 0.6481  exact 0.0000 (~0/128)
  1%|          | 4800/390625 [11:53<14:42:53,  7.28it/s][LT] step 4800  lm_loss 0.8465  acc 0.6539  exact 0.0000 (~0/128)
  1%|▏         | 5200/390625 [12:35<14:55:13,  7.18it/s][LT] step 5200  lm_loss 0.8212  acc 0.6668  exact 0.0000 (~0/128)
  1%|▏         | 5600/390625 [13:30<14:39:03,  7.30it/s][LT] step 5600  lm_loss 0.8138  acc 0.6689  exact 0.0000 (~0/128)
[EVAL] step 5859  set all  acc 0.6129  exact 0/2048
  2%|▏         | 6000/390625 [14:44<14:38:04,  7.30it/s][LT] step 6000  lm_loss 0.8142  acc 0.6654  exact 0.0000 (~0/128)
  2%|▏         | 6400/390625 [15:39<14:34:31,  7.32it/s][LT] step 6400  lm_loss 0.7878  acc 0.6692  exact 0.0000 (~0/128)
  2%|▏         | 6800/390625 [16:35<14:35:57,  7.30it/s][LT] step 6800  lm_loss 0.7874  acc 0.6730  exact 0.0000 (~0/128)
  2%|▏         | 7200/390625 [17:30<14:24:19,  7.39it/s][LT] step 7200  lm_loss 0.7875  acc 0.6772  exact 0.0000 (~0/128)
  2%|▏         | 7599/390625 [18:04<6:23:26, 16.65it/s][LT] step 7600  lm_loss 0.7852  acc 0.6739  exact 0.0000 (~0/128)
[EVAL] step 7812  set all  acc 0.6279  exact 0/2048
  2%|▏         | 7999/390625 [18:39<6:31:37, 16.28it/s][LT] step 8000  lm_loss 0.7707  acc 0.6854  exact 0.0000 (~0/128)
  2%|▏         | 8399/390625 [19:04<6:22:14, 16.67it/s][LT] step 8400  lm_loss 0.8020  acc 0.6608  exact 0.0000 (~0/128)
  2%|▏         | 8799/390625 [19:28<6:21:42, 16.67it/s][LT] step 8800  lm_loss 0.7750  acc 0.6806  exact 0.0000 (~0/128)
  2%|▏         | 9199/390625 [19:51<6:21:12, 16.68it/s][LT] step 9200  lm_loss 0.7670  acc 0.6824  exact 0.0000 (~0/128)
  2%|▏         | 9599/390625 [20:16<6:21:31, 16.64it/s][LT] step 9600  lm_loss 0.7862  acc 0.6691  exact 0.0000 (~0/128)
[EVAL] step 9765  set all  acc 0.6316  exact 0/2048
  3%|▎         | 9999/390625 [20:51<6:20:57, 16.65it/s][LT] step 10000  lm_loss 0.7796  acc 0.6755  exact 0.0000 (~0/128)
  3%|▎         | 10399/390625 [21:15<6:18:19, 16.75it/s][LT] step 10400  lm_loss 0.6982  acc 0.7187  exact 0.0000 (~0/128)
  3%|▎         | 10799/390625 [21:39<6:12:11, 17.01it/s][LT] step 10800  lm_loss 0.7547  acc 0.6899  exact 0.0000 (~0/128)
  3%|▎         | 11199/390625 [22:02<6:27:08, 16.33it/s][LT] step 11200  lm_loss 0.7369  acc 0.6949  exact 0.0000 (~0/128)
  3%|▎         | 11599/390625 [22:26<6:10:44, 17.04it/s][LT] step 11600  lm_loss 0.7310  acc 0.7018  exact 0.0000 (~0/128)
[EVAL] step 11718  set all  acc 0.6342  exact 2/2048
Traceback (most recent call last):
