  0%|          | 400/390625 [00:38<6:35:42, 16.44it/s][LT] step 400  lm_loss 1.9700  acc 0.4589  exact 0.0000 (~0/128)
  0%|          | 800/390625 [01:02<6:35:35, 16.42it/s][LT] step 800  lm_loss 1.7170  acc 0.5116  exact 0.0000 (~0/128)
  0%|          | 1200/390625 [01:26<6:31:14, 16.59it/s][LT] step 1200  lm_loss 1.5267  acc 0.5344  exact 0.0000 (~0/128)
  0%|          | 1600/390625 [01:50<6:28:29, 16.69it/s][LT] step 1600  lm_loss 1.3474  acc 0.5631  exact 0.0000 (~0/128)
[EVAL] step 1953  set all  acc 0.4904  exact 0/2048
[EVAL] step 1953  set all  acc 0.4904  exact 0/2048
  1%|          | 2000/390625 [02:30<6:35:24, 16.38it/s][LT] step 2000  lm_loss 1.2190  acc 0.5724  exact 0.0000 (~0/128)
  1%|          | 2400/390625 [02:55<6:36:40, 16.31it/s][LT] step 2400  lm_loss 1.1285  acc 0.5783  exact 0.0000 (~0/128)
  1%|          | 2800/390625 [03:19<6:27:10, 16.69it/s][LT] step 2800  lm_loss 1.0681  acc 0.5852  exact 0.0000 (~0/128)
  1%|          | 3200/390625 [03:43<6:27:38, 16.66it/s][LT] step 3200  lm_loss 1.0422  acc 0.5839  exact 0.0000 (~0/128)
  1%|          | 3600/390625 [04:07<6:35:34, 16.31it/s][LT] step 3600  lm_loss 0.9837  acc 0.6076  exact 0.0000 (~0/128)
[EVAL] step 3906  set all  acc 0.5542  exact 0/2048
  1%|          | 4000/390625 [04:42<6:32:51, 16.40it/s][LT] step 4000  lm_loss 0.9246  acc 0.6323  exact 0.0000 (~0/128)
  1%|          | 4400/390625 [05:06<6:34:45, 16.31it/s][LT] step 4400  lm_loss 0.8684  acc 0.6495  exact 0.0000 (~0/128)
  1%|          | 4800/390625 [05:31<6:34:34, 16.30it/s][LT] step 4800  lm_loss 0.8482  acc 0.6574  exact 0.0000 (~0/128)
  1%|▏         | 5200/390625 [05:55<6:34:23, 16.29it/s][LT] step 5200  lm_loss 0.8274  acc 0.6590  exact 0.0000 (~0/128)
  1%|▏         | 5600/390625 [06:20<6:30:02, 16.45it/s][LT] step 5600  lm_loss 0.8298  acc 0.6555  exact 0.0000 (~0/128)
[EVAL] step 5859  set all  acc 0.6123  exact 0/2048
  2%|▏         | 6000/390625 [06:53<6:20:27, 16.85it/s][LT] step 6000  lm_loss 0.8157  acc 0.6583  exact 0.0000 (~0/128)
  2%|▏         | 6400/390625 [07:18<6:23:13, 16.71it/s][LT] step 6400  lm_loss 0.8247  acc 0.6547  exact 0.0000 (~0/128)
  2%|▏         | 6800/390625 [07:42<6:31:31, 16.34it/s][LT] step 6800  lm_loss 0.8304  acc 0.6511  exact 0.0000 (~0/128)
  2%|▏         | 7200/390625 [08:06<6:28:18, 16.46it/s][LT] step 7200  lm_loss 0.8026  acc 0.6638  exact 0.0000 (~0/128)
  2%|▏         | 7600/390625 [08:31<6:29:57, 16.37it/s][LT] step 7600  lm_loss 0.7605  acc 0.6841  exact 0.0000 (~0/128)
[EVAL] step 7812  set all  acc 0.6285  exact 0/2048
  2%|▏         | 8000/390625 [09:05<6:24:18, 16.59it/s][LT] step 8000  lm_loss 0.7672  acc 0.6716  exact 0.0000 (~0/128)
  2%|▏         | 8400/390625 [09:29<6:21:40, 16.69it/s][LT] step 8400  lm_loss 0.7820  acc 0.6688  exact 0.0000 (~0/128)
  2%|▏         | 8800/390625 [09:53<6:18:27, 16.81it/s][LT] step 8800  lm_loss 0.7868  acc 0.6665  exact 0.0000 (~0/128)
  2%|▏         | 9200/390625 [10:17<6:19:16, 16.76it/s][LT] step 9200  lm_loss 0.7928  acc 0.6613  exact 0.0000 (~0/128)
  2%|▏         | 9600/390625 [10:41<6:22:15, 16.61it/s][LT] step 9600  lm_loss 0.7791  acc 0.6711  exact 0.0000 (~0/128)
[EVAL] step 9765  set all  acc 0.6334  exact 0/2048
  3%|▎         | 10000/390625 [11:28<13:09:44,  8.03it/s][LT] step 10000  lm_loss 0.7688  acc 0.6791  exact 0.0000 (~0/128)
  3%|▎         | 10400/390625 [12:18<13:11:18,  8.01it/s][LT] step 10400  lm_loss 0.7751  acc 0.6781  exact 0.0000 (~0/128)
  3%|▎         | 10800/390625 [13:08<13:08:35,  8.03it/s][LT] step 10800  lm_loss 0.7793  acc 0.6695  exact 0.0000 (~0/128)
  3%|▎         | 11200/390625 [13:58<13:11:01,  7.99it/s][LT] step 11200  lm_loss 0.7518  acc 0.6865  exact 0.0000 (~0/128)
  3%|▎         | 11600/390625 [14:48<13:09:42,  8.00it/s][LT] step 11600  lm_loss 0.7763  acc 0.6731  exact 0.0000 (~0/128)
[EVAL] step 11718  set all  acc 0.6365  exact 0/2048
  3%|▎         | 12000/390625 [15:43<13:08:01,  8.01it/s][LT] step 12000  lm_loss 0.7735  acc 0.6775  exact 0.0000 (~0/128)
  3%|▎         | 12400/390625 [16:33<13:07:13,  8.01it/s][LT] step 12400  lm_loss 0.7343  acc 0.6985  exact 0.0000 (~0/128)
  3%|▎         | 12800/390625 [17:41<20:55:25,  5.02it/s][LT] step 12800  lm_loss 0.7738  acc 0.6708  exact 0.0000 (~0/128)
  3%|▎         | 13200/390625 [19:01<20:47:55,  5.04it/s][LT] step 13200  lm_loss 0.7545  acc 0.6843  exact 0.0000 (~0/128)
  3%|▎         | 13600/390625 [20:20<20:43:24,  5.05it/s][LT] step 13600  lm_loss 0.7592  acc 0.6839  exact 0.0000 (~0/128)
[EVAL] step 13671  set all  acc 0.6391  exact 1/2048
  4%|▎         | 14000/390625 [21:55<20:59:34,  4.98it/s][LT] step 14000  lm_loss 0.7437  acc 0.6893  exact 0.0000 (~0/128)
  4%|▎         | 14400/390625 [23:14<21:03:02,  4.96it/s][LT] step 14400  lm_loss 0.7902  acc 0.6682  exact 0.0000 (~0/128)
  4%|▍         | 14800/390625 [24:34<20:53:04,  5.00it/s][LT] step 14800  lm_loss 0.7610  acc 0.6745  exact 0.0000 (~0/128)
Traceback (most recent call last):
