  0%|          | 400/390625 [00:38<6:42:13, 16.17it/s][LT] step 400  lm_loss 1.9690  acc 0.4609  exact 0.0000 (~0/128)
  0%|          | 800/390625 [01:02<6:38:30, 16.30it/s][LT] step 800  lm_loss 1.7172  acc 0.5106  exact 0.0000 (~0/128)
  0%|          | 1200/390625 [01:26<6:24:41, 16.87it/s][LT] step 1200  lm_loss 1.5288  acc 0.5365  exact 0.0000 (~0/128)
  0%|          | 1600/390625 [01:50<6:26:41, 16.77it/s][LT] step 1600  lm_loss 1.3443  acc 0.5646  exact 0.0000 (~0/128)
[EVAL] step 1953  set all  acc 0.4902  exact 0/2048
[EVAL] step 1953  set all  acc 0.4901  exact 0/2048
  1%|          | 2000/390625 [02:31<6:39:19, 16.22it/s][LT] step 2000  lm_loss 1.2174  acc 0.5768  exact 0.0000 (~0/128)
  1%|          | 2400/390625 [02:55<6:29:43, 16.60it/s][LT] step 2400  lm_loss 1.1278  acc 0.5767  exact 0.0000 (~0/128)
  1%|          | 2800/390625 [03:19<6:26:54, 16.71it/s][LT] step 2800  lm_loss 1.0674  acc 0.5879  exact 0.0000 (~0/128)
  1%|          | 3200/390625 [03:43<6:36:41, 16.28it/s][LT] step 3200  lm_loss 1.0389  acc 0.5862  exact 0.0000 (~0/128)
  1%|          | 3600/390625 [04:07<6:31:16, 16.49it/s][LT] step 3600  lm_loss 0.9864  acc 0.6050  exact 0.0000 (~0/128)
[EVAL] step 3906  set all  acc 0.5542  exact 0/2048
  1%|          | 4000/390625 [04:41<6:31:18, 16.47it/s][LT] step 4000  lm_loss 0.9155  acc 0.6379  exact 0.0000 (~0/128)
  1%|          | 4400/390625 [05:05<6:36:29, 16.24it/s][LT] step 4400  lm_loss 0.8620  acc 0.6571  exact 0.0000 (~0/128)
  1%|          | 4800/390625 [05:30<6:35:09, 16.27it/s][LT] step 4800  lm_loss 0.8499  acc 0.6559  exact 0.0000 (~0/128)
  1%|▏         | 5200/390625 [05:54<6:33:14, 16.34it/s][LT] step 5200  lm_loss 0.8413  acc 0.6609  exact 0.0000 (~0/128)
  1%|▏         | 5600/390625 [06:18<6:25:24, 16.65it/s][LT] step 5600  lm_loss 0.8303  acc 0.6552  exact 0.0000 (~0/128)
[EVAL] step 5859  set all  acc 0.6129  exact 0/2048
  2%|▏         | 6000/390625 [06:51<6:18:37, 16.93it/s][LT] step 6000  lm_loss 0.8127  acc 0.6637  exact 0.0000 (~0/128)
  2%|▏         | 6400/390625 [07:15<6:27:21, 16.53it/s][LT] step 6400  lm_loss 0.8043  acc 0.6637  exact 0.0000 (~0/128)
  2%|▏         | 6800/390625 [07:39<6:26:18, 16.56it/s][LT] step 6800  lm_loss 0.8351  acc 0.6523  exact 0.0000 (~0/128)
  2%|▏         | 7200/390625 [08:03<6:29:44, 16.40it/s][LT] step 7200  lm_loss 0.8300  acc 0.6497  exact 0.0000 (~0/128)
  2%|▏         | 7600/390625 [08:28<6:26:42, 16.51it/s][LT] step 7600  lm_loss 0.7619  acc 0.6892  exact 0.0000 (~0/128)
[EVAL] step 7812  set all  acc 0.6286  exact 0/2048
  2%|▏         | 8000/390625 [09:01<6:26:35, 16.50it/s][LT] step 8000  lm_loss 0.7699  acc 0.6770  exact 0.0000 (~0/128)
  2%|▏         | 8400/390625 [09:25<6:24:10, 16.58it/s][LT] step 8400  lm_loss 0.7609  acc 0.6778  exact 0.0000 (~0/128)
  2%|▏         | 8800/390625 [09:49<6:17:47, 16.84it/s][LT] step 8800  lm_loss 0.7883  acc 0.6698  exact 0.0000 (~0/128)
  2%|▏         | 9200/390625 [10:13<6:22:24, 16.62it/s][LT] step 9200  lm_loss 0.7834  acc 0.6645  exact 0.0000 (~0/128)
  2%|▏         | 9600/390625 [10:37<6:09:13, 17.20it/s][LT] step 9600  lm_loss 0.7826  acc 0.6697  exact 0.0000 (~0/128)
[EVAL] step 9765  set all  acc 0.6336  exact 0/2048
  3%|▎         | 10000/390625 [11:11<6:20:18, 16.68it/s][LT] step 10000  lm_loss 0.7766  acc 0.6684  exact 0.0000 (~0/128)
  3%|▎         | 10400/390625 [11:35<6:20:51, 16.64it/s][LT] step 10400  lm_loss 0.7756  acc 0.6791  exact 0.0000 (~0/128)
  3%|▎         | 10800/390625 [11:59<6:23:22, 16.51it/s][LT] step 10800  lm_loss 0.7723  acc 0.6713  exact 0.0000 (~0/128)
  3%|▎         | 11200/390625 [12:23<6:14:09, 16.90it/s][LT] step 11200  lm_loss 0.7591  acc 0.6845  exact 0.0000 (~0/128)
  3%|▎         | 11600/390625 [12:47<6:11:39, 17.00it/s][LT] step 11600  lm_loss 0.8079  acc 0.6582  exact 0.0000 (~0/128)
[EVAL] step 11718  set all  acc 0.6367  exact 0/2048
  3%|▎         | 12000/390625 [13:21<6:17:44, 16.71it/s][LT] step 12000  lm_loss 0.7487  acc 0.6822  exact 0.0000 (~0/128)
  3%|▎         | 12400/390625 [13:45<6:06:02, 17.22it/s][LT] step 12400  lm_loss 0.7401  acc 0.6914  exact 0.0000 (~0/128)
Traceback (most recent call last):
