[13:35:37] watcher 시작 (train pid=15173)
To https://github.com/zxcyxv/LinearTuring.git
   3a55cc0..41db08e  clean -> clean
[13:35:41] 푸시 성공: v1.6 학습 로그 (자동) (step 8736)
To https://github.com/zxcyxv/LinearTuring.git
   41db08e..bc2d328  clean -> clean
[14:35:44] 푸시 성공: v1.6 학습 로그 (자동) (step 28736)
To https://github.com/zxcyxv/LinearTuring.git
   bc2d328..5dc270a  clean -> clean
[15:35:48] 푸시 성공: v1.6 학습 로그 (자동) (step 48496)
To https://github.com/zxcyxv/LinearTuring.git
   5dc270a..6b2783f  clean -> clean
[16:35:51] 푸시 성공: v1.6 학습 로그 (자동) (step 68496)
To https://github.com/zxcyxv/LinearTuring.git
   6b2783f..32488e3  clean -> clean
[17:35:55] 푸시 성공: v1.6 학습 로그 (자동) (step 88240)
[18:10:55] step_100000 아직 쓰는 중 — 대기
[18:15:55] step_100000 → npz 변환 시작
[18:15:58] step_100000 변환 완료 (13MB)
To https://github.com/zxcyxv/LinearTuring.git
   32488e3..6aebb23  clean -> clean
[18:16:04] 푸시 성공: v1.6 마일스톤 체크포인트(npz)·외삽·로그 (step 101248)
To https://github.com/zxcyxv/LinearTuring.git
   6aebb23..0736b01  clean -> clean
[19:16:08] 푸시 성공: v1.6 학습 로그 (자동) (step 120000)
[19:16:08] 학습 프로세스 종료 감지 — 마지막 처리
To https://github.com/zxcyxv/LinearTuring.git
   0736b01..b1fedf5  clean -> clean
[19:19:11] 푸시 성공: v1.6 학습 종료 — 최종 체크포인트·로그 (step 120000)
[19:19:12] watcher 종료
[23:34:50] watcher 시작 (train pid=36957)
