  0%|          | 200/390625 [01:03<14:10:26,  7.65it/s][LT] step 200  lm_loss 2.2325  acc 0.0000  exact 0.0000 (~0/128)
  0%|          | 400/390625 [01:29<14:16:50,  7.59it/s][LT] step 400  lm_loss 2.0432  acc 0.2769  exact 0.0000 (~0/128)
  0%|          | 600/390625 [01:56<14:17:56,  7.58it/s][LT] step 600  lm_loss 1.9082  acc 0.0000  exact 0.0000 (~0/128)
  0%|          | 800/390625 [02:22<14:10:32,  7.64it/s][LT] step 800  lm_loss 1.7609  acc 0.3630  exact 0.0000 (~0/128)
  0%|          | 1000/390625 [02:49<14:16:45,  7.58it/s][LT] step 1000  lm_loss 1.6843  acc 0.0000  exact 0.0000 (~0/128)
  0%|          | 1200/390625 [03:15<14:19:47,  7.55it/s][LT] step 1200  lm_loss 1.5680  acc 0.4771  exact 0.0000 (~0/128)
  0%|          | 1400/390625 [03:42<14:14:59,  7.59it/s][LT] step 1400  lm_loss 1.5293  acc 0.0000  exact 0.0000 (~0/128)
  0%|          | 1600/390625 [04:08<14:11:15,  7.62it/s][LT] step 1600  lm_loss 1.4438  acc 0.4776  exact 0.0000 (~0/128)
  0%|          | 1800/390625 [04:34<14:28:02,  7.47it/s][LT] step 1800  lm_loss 1.4450  acc 0.0000  exact 0.0000 (~0/128)
[EVAL] step 1953  set all  acc 0.4598  exact 0/2048
  1%|          | 2000/390625 [05:28<14:13:56,  7.58it/s][LT] step 2000  lm_loss 1.3711  acc 0.4832  exact 0.0000 (~0/128)
  1%|          | 2200/390625 [05:55<14:42:58,  7.33it/s][LT] step 2200  lm_loss 1.4019  acc 0.0000  exact 0.0000 (~0/128)
  1%|          | 2400/390625 [06:21<14:12:12,  7.59it/s][LT] step 2400  lm_loss 1.2935  acc 0.5446  exact 0.0000 (~0/128)
  1%|          | 2600/390625 [06:48<14:12:20,  7.59it/s][LT] step 2600  lm_loss 1.2241  acc 0.0000  exact 0.0000 (~0/128)
  1%|          | 2800/390625 [07:14<14:10:16,  7.60it/s][LT] step 2800  lm_loss 0.9924  acc 0.6169  exact 0.0000 (~0/128)
  1%|          | 3000/390625 [07:41<14:14:36,  7.56it/s][LT] step 3000  lm_loss 0.9745  acc 0.0000  exact 0.0000 (~0/128)
  1%|          | 3200/390625 [08:07<14:23:51,  7.47it/s][LT] step 3200  lm_loss 0.8728  acc 0.6431  exact 0.0000 (~0/128)
  1%|          | 3400/390625 [08:33<14:04:01,  7.65it/s][LT] step 3400  lm_loss 0.9142  acc 0.0000  exact 0.0000 (~0/128)
  1%|          | 3600/390625 [09:00<14:16:03,  7.54it/s][LT] step 3600  lm_loss 0.8352  acc 0.6557  exact 0.0000 (~0/128)
  1%|          | 3800/390625 [09:26<14:15:53,  7.53it/s][LT] step 3800  lm_loss 0.8775  acc 0.0000  exact 0.0000 (~0/128)
[EVAL] step 3906  set all  acc 0.5736  exact 0/2048
  1%|          | 4000/390625 [10:18<14:06:54,  7.61it/s][LT] step 4000  lm_loss 0.8052  acc 0.6596  exact 0.0000 (~0/128)
  1%|          | 4200/390625 [10:45<14:05:59,  7.61it/s][LT] step 4200  lm_loss 0.8765  acc 0.0000  exact 0.0000 (~0/128)
  1%|          | 4400/390625 [11:11<14:07:49,  7.59it/s][LT] step 4400  lm_loss 0.8063  acc 0.6562  exact 0.0000 (~0/128)
  1%|          | 4600/390625 [11:38<14:07:17,  7.59it/s][LT] step 4600  lm_loss 0.8561  acc 0.0000  exact 0.0000 (~0/128)
  1%|          | 4800/390625 [12:04<14:07:56,  7.58it/s][LT] step 4800  lm_loss 0.7673  acc 0.6731  exact 0.0078 (~1/128)
  1%|▏         | 5000/390625 [12:30<14:08:02,  7.58it/s][LT] step 5000  lm_loss 0.8582  acc 0.0000  exact 0.0000 (~0/128)
  1%|▏         | 5200/390625 [12:56<14:13:54,  7.52it/s][LT] step 5200  lm_loss 0.7719  acc 0.6705  exact 0.0078 (~1/128)
  1%|▏         | 5400/390625 [13:23<14:02:44,  7.62it/s][LT] step 5400  lm_loss 0.8381  acc 0.0000  exact 0.0000 (~0/128)
  1%|▏         | 5600/390625 [13:49<14:03:15,  7.61it/s][LT] step 5600  lm_loss 0.7695  acc 0.6758  exact 0.0078 (~1/128)
  1%|▏         | 5800/390625 [14:15<13:29:00,  7.93it/s][LT] step 5800  lm_loss 0.8244  acc 0.0000  exact 0.0000 (~0/128)
[EVAL] step 5859  set all  acc 0.6422  exact 21/2048
  2%|▏         | 6000/390625 [15:06<14:08:55,  7.55it/s][LT] step 6000  lm_loss 0.7960  acc 0.6567  exact 0.0000 (~0/128)
  2%|▏         | 6200/390625 [15:33<13:59:22,  7.63it/s][LT] step 6200  lm_loss 0.8318  acc 0.0000  exact 0.0000 (~0/128)
  2%|▏         | 6400/390625 [15:59<14:00:36,  7.62it/s][LT] step 6400  lm_loss 0.7640  acc 0.6710  exact 0.0000 (~0/128)
  2%|▏         | 6600/390625 [16:25<13:55:04,  7.66it/s][LT] step 6600  lm_loss 0.8255  acc 0.0000  exact 0.0000 (~0/128)
  2%|▏         | 6800/390625 [16:51<13:57:51,  7.63it/s][LT] step 6800  lm_loss 0.7626  acc 0.6717  exact 0.0078 (~1/128)
  2%|▏         | 7000/390625 [17:17<13:50:23,  7.70it/s][LT] step 7000  lm_loss 0.8242  acc 0.0000  exact 0.0000 (~0/128)
  2%|▏         | 7200/390625 [17:44<13:58:06,  7.62it/s][LT] step 7200  lm_loss 0.7579  acc 0.6720  exact 0.0391 (~5/128)
  2%|▏         | 7400/390625 [18:10<13:58:11,  7.62it/s][LT] step 7400  lm_loss 0.7933  acc 0.0000  exact 0.0000 (~0/128)
  2%|▏         | 7600/390625 [18:36<13:58:51,  7.61it/s][LT] step 7600  lm_loss 0.7688  acc 0.6694  exact 0.0156 (~2/128)
  2%|▏         | 7800/390625 [19:02<13:54:23,  7.65it/s][LT] step 7800  lm_loss 0.8153  acc 0.0000  exact 0.0000 (~0/128)
[EVAL] step 7812  set all  acc 0.6518  exact 48/2048
  2%|▏         | 8000/390625 [19:55<13:49:45,  7.69it/s][LT] step 8000  lm_loss 0.7597  acc 0.6705  exact 0.0312 (~4/128)
  2%|▏         | 8200/390625 [20:21<13:49:53,  7.68it/s][LT] step 8200  lm_loss 0.8256  acc 0.0000  exact 0.0000 (~0/128)
  2%|▏         | 8400/390625 [20:47<13:50:58,  7.67it/s][LT] step 8400  lm_loss 0.7335  acc 0.6825  exact 0.0391 (~5/128)
  2%|▏         | 8600/390625 [21:13<13:49:44,  7.67it/s][LT] step 8600  lm_loss 0.8086  acc 0.0000  exact 0.0000 (~0/128)
  2%|▏         | 8800/390625 [21:39<14:06:12,  7.52it/s][LT] step 8800  lm_loss 0.7923  acc 0.6571  exact 0.0000 (~0/128)
  2%|▏         | 9000/390625 [22:06<14:00:14,  7.57it/s][LT] step 9000  lm_loss 0.8035  acc 0.0000  exact 0.0000 (~0/128)
  2%|▏         | 9200/390625 [22:32<13:55:08,  7.61it/s][LT] step 9200  lm_loss 0.7495  acc 0.6733  exact 0.0234 (~3/128)
  2%|▏         | 9400/390625 [22:58<13:46:48,  7.68it/s][LT] step 9400  lm_loss 0.8259  acc 0.0000  exact 0.0000 (~0/128)
  2%|▏         | 9600/390625 [23:24<13:47:25,  7.67it/s][LT] step 9600  lm_loss 0.7381  acc 0.6776  exact 0.0156 (~2/128)
[EVAL] step 9765  set all  acc 0.6559  exact 52/2048
  3%|▎         | 9800/390625 [24:16<13:49:27,  7.65it/s][LT] step 9800  lm_loss 0.8220  acc 0.0000  exact 0.0000 (~0/128)
  3%|▎         | 10000/390625 [24:42<13:54:40,  7.60it/s][LT] step 10000  lm_loss 0.7296  acc 0.6786  exact 0.0234 (~3/128)
  3%|▎         | 10200/390625 [25:08<13:48:33,  7.65it/s][LT] step 10200  lm_loss 0.8106  acc 0.0000  exact 0.0000 (~0/128)
  3%|▎         | 10400/390625 [25:34<14:02:48,  7.52it/s][LT] step 10400  lm_loss 0.7433  acc 0.6810  exact 0.0312 (~4/128)
  3%|▎         | 10600/390625 [26:00<13:44:28,  7.68it/s][LT] step 10600  lm_loss 0.8234  acc 0.0000  exact 0.0000 (~0/128)
  3%|▎         | 10800/390625 [26:27<13:52:37,  7.60it/s][LT] step 10800  lm_loss 0.7390  acc 0.6659  exact 0.0234 (~3/128)
  3%|▎         | 11000/390625 [26:53<13:47:48,  7.64it/s][LT] step 11000  lm_loss 0.7938  acc 0.0000  exact 0.0000 (~0/128)
  3%|▎         | 11200/390625 [27:19<13:43:29,  7.68it/s][LT] step 11200  lm_loss 0.7490  acc 0.6659  exact 0.0234 (~3/128)
  3%|▎         | 11400/390625 [27:45<13:41:43,  7.69it/s][LT] step 11400  lm_loss 0.7918  acc 0.0000  exact 0.0000 (~0/128)
  3%|▎         | 11600/390625 [28:11<13:38:58,  7.71it/s][LT] step 11600  lm_loss 0.7578  acc 0.6692  exact 0.0156 (~2/128)
[EVAL] step 11718  set all  acc 0.6586  exact 53/2048
  3%|▎         | 11800/390625 [29:03<13:53:20,  7.58it/s][LT] step 11800  lm_loss 0.7868  acc 0.0000  exact 0.0000 (~0/128)
  3%|▎         | 12000/390625 [30:21<51:02:50,  2.06it/s][LT] step 12000  lm_loss 0.7345  acc 0.6771  exact 0.0156 (~2/128)
  3%|▎         | 12200/390625 [31:58<47:39:33,  2.21it/s][LT] step 12200  lm_loss 0.8012  acc 0.0000  exact 0.0000 (~0/128)
  3%|▎         | 12400/390625 [33:32<51:14:26,  2.05it/s][LT] step 12400  lm_loss 0.7478  acc 0.6667  exact 0.0234 (~3/128)
  3%|▎         | 12600/390625 [35:09<51:29:07,  2.04it/s][LT] step 12600  lm_loss 0.7889  acc 0.0000  exact 0.0000 (~0/128)
  3%|▎         | 12800/390625 [36:45<51:01:07,  2.06it/s][LT] step 12800  lm_loss 0.7045  acc 0.6873  exact 0.0469 (~6/128)
  3%|▎         | 13000/390625 [38:20<50:55:52,  2.06it/s][LT] step 13000  lm_loss 0.8019  acc 0.0000  exact 0.0000 (~0/128)
  3%|▎         | 13200/390625 [39:56<50:37:49,  2.07it/s][LT] step 13200  lm_loss 0.7360  acc 0.6720  exact 0.0078 (~1/128)
  3%|▎         | 13400/390625 [41:32<50:57:29,  2.06it/s][LT] step 13400  lm_loss 0.7877  acc 0.0000  exact 0.0000 (~0/128)
  3%|▎         | 13600/390625 [43:08<50:47:52,  2.06it/s][LT] step 13600  lm_loss 0.7254  acc 0.6812  exact 0.0156 (~2/128)
[EVAL] step 13671  set all  acc 0.6612  exact 53/2048
  4%|▎         | 13800/390625 [45:36<50:56:06,  2.06it/s][LT] step 13800  lm_loss 0.7736  acc 0.0000  exact 0.0000 (~0/128)
  4%|▎         | 14000/390625 [47:11<50:40:53,  2.06it/s][LT] step 14000  lm_loss 0.7530  acc 0.6682  exact 0.0234 (~3/128)
  4%|▎         | 14200/390625 [48:47<42:02:45,  2.49it/s][LT] step 14200  lm_loss 0.7827  acc 0.0000  exact 0.0000 (~0/128)
  4%|▎         | 14400/390625 [50:22<50:28:32,  2.07it/s][LT] step 14400  lm_loss 0.7419  acc 0.6726  exact 0.0234 (~3/128)
  4%|▎         | 14600/390625 [51:59<50:45:41,  2.06it/s][LT] step 14600  lm_loss 0.7754  acc 0.0000  exact 0.0000 (~0/128)
  4%|▍         | 14800/390625 [53:35<50:46:25,  2.06it/s][LT] step 14800  lm_loss 0.7408  acc 0.6800  exact 0.0000 (~0/128)
  4%|▍         | 15000/390625 [55:10<50:54:30,  2.05it/s][LT] step 15000  lm_loss 0.8079  acc 0.0000  exact 0.0000 (~0/128)
