step=292950  weights=ema  loops=65  npi=1
  λ=[0.27815330028533936, 0.22437410056591034, 0.3329055607318878, 0.1862574964761734, 0.22509518265724182, 0.36681997776031494, 0.45875492691993713, 0.37212008237838745]
  δ=0.0872  G=0.7080
  batch 1/8  11s
  batch 2/8  22s
  batch 3/8  32s
  batch 4/8  43s
  batch 5/8  54s
  batch 6/8  65s
  batch 7/8  75s
  batch 8/8  86s

  seg |     acc  exact  exact% |     Δacc |   churn
    1 |  0.6887     53   2.59% |  -0.1353 |  0.0000
    2 |  0.7353     59   2.88% |  -0.0887 |  0.1737
    3 |  0.7658    208  10.16% |  -0.0582 |  0.0997
    4 |  0.7834    434  21.19% |  -0.0406 |  0.0695
    5 |  0.7952    579  28.27% |  -0.0288 |  0.0552
    6 |  0.8027    699  34.13% |  -0.0213 |  0.0512
    7 |  0.8065    757  36.96% |  -0.0175 |  0.0489
    8 |  0.8103    827  40.38% |  -0.0137 |  0.0508
    9 |  0.8124    861  42.04% |  -0.0115 |  0.0510
   10 |  0.8150    892  43.55% |  -0.0090 |  0.0546
   11 |  0.8155    920  44.92% |  -0.0085 |  0.0588
   12 |  0.8164    940  45.90% |  -0.0075 |  0.0613
   13 |  0.8179    957  46.73% |  -0.0061 |  0.0651
   14 |  0.8195    973  47.51% |  -0.0045 |  0.0688
   15 |  0.8223    986  48.14% |  -0.0017 |  0.0709
   16 |  0.8240   1002  48.93% |  +0.0000 |  0.0706 ←학습
   17 |  0.8249   1021  49.85% |  +0.0009 |  0.0725
   18 |  0.8265   1033  50.44% |  +0.0026 |  0.0730
   19 |  0.8284   1048  51.17% |  +0.0045 |  0.0728
   20 |  0.8282   1059  51.71% |  +0.0042 |  0.0735
   21 |  0.8305   1069  52.20% |  +0.0065 |  0.0728
   22 |  0.8321   1085  52.98% |  +0.0081 |  0.0712
   23 |  0.8334   1106  54.00% |  +0.0094 |  0.0703
   24 |  0.8350   1122  54.79% |  +0.0110 |  0.0694
   25 |  0.8353   1135  55.42% |  +0.0113 |  0.0674
   26 |  0.8374   1151  56.20% |  +0.0134 |  0.0651
   27 |  0.8398   1163  56.79% |  +0.0159 |  0.0646
   28 |  0.8404   1180  57.62% |  +0.0165 |  0.0634
   29 |  0.8423   1189  58.06% |  +0.0184 |  0.0609
   30 |  0.8432   1200  58.59% |  +0.0192 |  0.0605
   31 |  0.8446   1210  59.08% |  +0.0206 |  0.0599
   32 |  0.8445   1219  59.52% |  +0.0205 |  0.0595
   33 |  0.8460   1227  59.91% |  +0.0220 |  0.0582
   34 |  0.8477   1235  60.30% |  +0.0238 |  0.0565
   35 |  0.8491   1236  60.35% |  +0.0251 |  0.0576
   36 |  0.8507   1244  60.74% |  +0.0267 |  0.0577
   37 |  0.8510   1258  61.43% |  +0.0271 |  0.0560
   38 |  0.8519   1263  61.67% |  +0.0279 |  0.0559
   39 |  0.8521   1272  62.11% |  +0.0282 |  0.0550
   40 |  0.8536   1284  62.70% |  +0.0296 |  0.0533
   41 |  0.8551   1291  63.04% |  +0.0311 |  0.0531
   42 |  0.8557   1301  63.53% |  +0.0317 |  0.0513
   43 |  0.8571   1310  63.96% |  +0.0332 |  0.0505
   44 |  0.8578   1319  64.40% |  +0.0338 |  0.0499
   45 |  0.8584   1328  64.84% |  +0.0344 |  0.0469
   46 |  0.8594   1329  64.89% |  +0.0354 |  0.0469
   47 |  0.8589   1335  65.19% |  +0.0350 |  0.0471
   48 |  0.8596   1344  65.62% |  +0.0356 |  0.0474
   49 |  0.8613   1353  66.06% |  +0.0373 |  0.0448
   50 |  0.8615   1356  66.21% |  +0.0375 |  0.0438
   51 |  0.8618   1360  66.41% |  +0.0378 |  0.0439
   52 |  0.8632   1364  66.60% |  +0.0392 |  0.0435
   53 |  0.8632   1374  67.09% |  +0.0393 |  0.0434
   54 |  0.8642   1379  67.33% |  +0.0402 |  0.0421
   55 |  0.8654   1385  67.63% |  +0.0414 |  0.0410
   56 |  0.8669   1390  67.87% |  +0.0429 |  0.0400
   57 |  0.8687   1398  68.26% |  +0.0447 |  0.0400
   58 |  0.8686   1402  68.46% |  +0.0447 |  0.0377
   59 |  0.8703   1413  68.99% |  +0.0464 |  0.0382
   60 |  0.8720   1419  69.29% |  +0.0480 |  0.0385
   61 |  0.8722   1424  69.53% |  +0.0482 |  0.0374
   62 |  0.8731   1429  69.78% |  +0.0492 |  0.0362
   63 |  0.8729   1435  70.07% |  +0.0490 |  0.0354
   64 |  0.8743   1439  70.26% |  +0.0503 |  0.0339

학습 세그먼트(16): acc 0.8240  완답 1002/2048 (48.93%)
최고 acc:  seg 64  0.8743  (+0.0503)
최고 완답: seg 64  1439/2048  (+437)

저장: /root/LinearTuring/2026-09-01/results/json/seg_extrap_ladder_292950.json
[ladder] done 292950
step=294903  weights=ema  loops=65  npi=1
  λ=[0.275296688079834, 0.22271543741226196, 0.333781361579895, 0.18611982464790344, 0.22391045093536377, 0.3650783896446228, 0.46115735173225403, 0.3736572265625]
  δ=0.0876  G=0.7078
  batch 1/8  11s
  batch 2/8  22s
  batch 3/8  33s
  batch 4/8  44s
  batch 5/8  55s
  batch 6/8  66s
  batch 7/8  77s
  batch 8/8  88s

  seg |     acc  exact  exact% |     Δacc |   churn
    1 |  0.6911     49   2.39% |  -0.1333 |  0.0000
    2 |  0.7384     61   2.98% |  -0.0861 |  0.1765
    3 |  0.7688    214  10.45% |  -0.0556 |  0.0996
    4 |  0.7852    451  22.02% |  -0.0392 |  0.0708
    5 |  0.7960    611  29.83% |  -0.0284 |  0.0560
    6 |  0.8044    711  34.72% |  -0.0200 |  0.0508
    7 |  0.8094    800  39.06% |  -0.0150 |  0.0488
    8 |  0.8122    854  41.70% |  -0.0122 |  0.0484
    9 |  0.8154    899  43.90% |  -0.0090 |  0.0500
   10 |  0.8160    927  45.26% |  -0.0084 |  0.0527
   11 |  0.8181    948  46.29% |  -0.0063 |  0.0568
   12 |  0.8189    974  47.56% |  -0.0055 |  0.0601
   13 |  0.8209    995  48.58% |  -0.0035 |  0.0625
   14 |  0.8222   1013  49.46% |  -0.0022 |  0.0640
   15 |  0.8239   1028  50.20% |  -0.0005 |  0.0660
   16 |  0.8244   1039  50.73% |  +0.0000 |  0.0684 ←학습
   17 |  0.8271   1050  51.27% |  +0.0027 |  0.0687
   18 |  0.8290   1071  52.29% |  +0.0046 |  0.0692
   19 |  0.8305   1090  53.22% |  +0.0061 |  0.0677
   20 |  0.8321   1106  54.00% |  +0.0077 |  0.0678
   21 |  0.8331   1122  54.79% |  +0.0087 |  0.0671
   22 |  0.8354   1137  55.52% |  +0.0110 |  0.0676
   23 |  0.8373   1149  56.10% |  +0.0129 |  0.0646
   24 |  0.8390   1160  56.64% |  +0.0146 |  0.0656
   25 |  0.8410   1180  57.62% |  +0.0166 |  0.0636
   26 |  0.8437   1192  58.20% |  +0.0193 |  0.0611
   27 |  0.8448   1207  58.94% |  +0.0204 |  0.0613
   28 |  0.8453   1217  59.42% |  +0.0209 |  0.0596
   29 |  0.8456   1228  59.96% |  +0.0212 |  0.0580
   30 |  0.8466   1239  60.50% |  +0.0222 |  0.0577
   31 |  0.8480   1248  60.94% |  +0.0236 |  0.0556
   32 |  0.8488   1258  61.43% |  +0.0244 |  0.0532
   33 |  0.8494   1266  61.82% |  +0.0250 |  0.0526
   34 |  0.8508   1280  62.50% |  +0.0264 |  0.0532
   35 |  0.8532   1286  62.79% |  +0.0288 |  0.0517
   36 |  0.8540   1295  63.23% |  +0.0296 |  0.0516
   37 |  0.8551   1302  63.57% |  +0.0307 |  0.0492
   38 |  0.8572   1314  64.16% |  +0.0328 |  0.0475
   39 |  0.8587   1325  64.70% |  +0.0343 |  0.0469
   40 |  0.8598   1336  65.23% |  +0.0354 |  0.0454
   41 |  0.8603   1347  65.77% |  +0.0359 |  0.0442
   42 |  0.8621   1352  66.02% |  +0.0377 |  0.0437
   43 |  0.8629   1358  66.31% |  +0.0385 |  0.0437
   44 |  0.8632   1364  66.60% |  +0.0388 |  0.0420
   45 |  0.8646   1371  66.94% |  +0.0402 |  0.0409
   46 |  0.8650   1381  67.43% |  +0.0406 |  0.0406
   47 |  0.8647   1385  67.63% |  +0.0403 |  0.0398
   48 |  0.8664   1390  67.87% |  +0.0420 |  0.0392
   49 |  0.8668   1394  68.07% |  +0.0424 |  0.0372
   50 |  0.8679   1400  68.36% |  +0.0435 |  0.0363
   51 |  0.8679   1404  68.55% |  +0.0435 |  0.0359
   52 |  0.8690   1407  68.70% |  +0.0446 |  0.0348
   53 |  0.8704   1410  68.85% |  +0.0460 |  0.0333
   54 |  0.8718   1420  69.34% |  +0.0474 |  0.0315
   55 |  0.8730   1425  69.58% |  +0.0486 |  0.0316
   56 |  0.8729   1427  69.68% |  +0.0485 |  0.0320
   57 |  0.8738   1432  69.92% |  +0.0494 |  0.0309
   58 |  0.8739   1439  70.26% |  +0.0495 |  0.0305
   59 |  0.8742   1446  70.61% |  +0.0498 |  0.0286
   60 |  0.8744   1449  70.75% |  +0.0500 |  0.0283
   61 |  0.8748   1450  70.80% |  +0.0504 |  0.0276
   62 |  0.8754   1455  71.04% |  +0.0510 |  0.0257
   63 |  0.8760   1457  71.14% |  +0.0516 |  0.0255
   64 |  0.8761   1462  71.39% |  +0.0517 |  0.0243

학습 세그먼트(16): acc 0.8244  완답 1039/2048 (50.73%)
최고 acc:  seg 64  0.8761  (+0.0517)
최고 완답: seg 64  1462/2048  (+423)

저장: /root/LinearTuring/2026-09-01/results/json/seg_extrap_ladder_294903.json
[ladder] done 294903
step=296856  weights=ema  loops=65  npi=1
  λ=[0.2732742428779602, 0.22121025621891022, 0.3351452052593231, 0.186374694108963, 0.22277213633060455, 0.3633144497871399, 0.4642808139324188, 0.3755582869052887]
  δ=0.0879  G=0.7077
  batch 1/8  11s
  batch 2/8  22s
  batch 3/8  33s
  batch 4/8  44s
  batch 5/8  55s
  batch 6/8  66s
  batch 7/8  77s
  batch 8/8  88s

  seg |     acc  exact  exact% |     Δacc |   churn
    1 |  0.6920     52   2.54% |  -0.1369 |  0.0000
    2 |  0.7397     63   3.08% |  -0.0892 |  0.1757
    3 |  0.7681    223  10.89% |  -0.0608 |  0.1015
    4 |  0.7852    464  22.66% |  -0.0437 |  0.0731
    5 |  0.7981    601  29.35% |  -0.0308 |  0.0583
    6 |  0.8043    707  34.52% |  -0.0246 |  0.0530
    7 |  0.8077    781  38.13% |  -0.0212 |  0.0533
    8 |  0.8123    842  41.11% |  -0.0166 |  0.0549
    9 |  0.8149    879  42.92% |  -0.0140 |  0.0566
   10 |  0.8169    921  44.97% |  -0.0120 |  0.0600
   11 |  0.8178    957  46.73% |  -0.0111 |  0.0623
   12 |  0.8190    977  47.71% |  -0.0098 |  0.0663
   13 |  0.8232    984  48.05% |  -0.0057 |  0.0705
   14 |  0.8236   1001  48.88% |  -0.0052 |  0.0720
   15 |  0.8264   1026  50.10% |  -0.0025 |  0.0726
   16 |  0.8289   1048  51.17% |  +0.0000 |  0.0714 ←학습
   17 |  0.8301   1072  52.34% |  +0.0012 |  0.0718
   18 |  0.8318   1090  53.22% |  +0.0029 |  0.0708
   19 |  0.8338   1105  53.96% |  +0.0049 |  0.0693
   20 |  0.8352   1122  54.79% |  +0.0063 |  0.0678
   21 |  0.8361   1136  55.47% |  +0.0072 |  0.0664
   22 |  0.8371   1153  56.30% |  +0.0082 |  0.0658
   23 |  0.8392   1165  56.88% |  +0.0103 |  0.0634
   24 |  0.8420   1178  57.52% |  +0.0131 |  0.0621
   25 |  0.8416   1189  58.06% |  +0.0127 |  0.0612
   26 |  0.8427   1205  58.84% |  +0.0139 |  0.0600
   27 |  0.8438   1216  59.38% |  +0.0149 |  0.0584
   28 |  0.8445   1227  59.91% |  +0.0156 |  0.0582
   29 |  0.8455   1238  60.45% |  +0.0166 |  0.0560
   30 |  0.8472   1250  61.04% |  +0.0183 |  0.0548
   31 |  0.8476   1258  61.43% |  +0.0187 |  0.0536
   32 |  0.8486   1266  61.82% |  +0.0198 |  0.0524
   33 |  0.8494   1273  62.16% |  +0.0205 |  0.0506
   34 |  0.8511   1282  62.60% |  +0.0222 |  0.0510
   35 |  0.8521   1291  63.04% |  +0.0233 |  0.0503
   36 |  0.8537   1295  63.23% |  +0.0248 |  0.0507
   37 |  0.8558   1302  63.57% |  +0.0269 |  0.0506
   38 |  0.8577   1310  63.96% |  +0.0288 |  0.0492
   39 |  0.8587   1322  64.55% |  +0.0298 |  0.0472
   40 |  0.8603   1330  64.94% |  +0.0314 |  0.0459
   41 |  0.8609   1339  65.38% |  +0.0321 |  0.0441
   42 |  0.8623   1348  65.82% |  +0.0334 |  0.0445
   43 |  0.8633   1355  66.16% |  +0.0344 |  0.0422
   44 |  0.8645   1364  66.60% |  +0.0356 |  0.0408
   45 |  0.8656   1374  67.09% |  +0.0367 |  0.0406
   46 |  0.8658   1378  67.29% |  +0.0369 |  0.0398
   47 |  0.8663   1385  67.63% |  +0.0374 |  0.0374
   48 |  0.8669   1394  68.07% |  +0.0380 |  0.0371
   49 |  0.8685   1401  68.41% |  +0.0396 |  0.0358
   50 |  0.8686   1406  68.65% |  +0.0397 |  0.0344
   51 |  0.8695   1411  68.90% |  +0.0406 |  0.0337
   52 |  0.8694   1416  69.14% |  +0.0405 |  0.0334
   53 |  0.8700   1417  69.19% |  +0.0411 |  0.0331
   54 |  0.8696   1418  69.24% |  +0.0407 |  0.0311
   55 |  0.8700   1418  69.24% |  +0.0411 |  0.0315
   56 |  0.8709   1420  69.34% |  +0.0420 |  0.0303
   57 |  0.8715   1424  69.53% |  +0.0426 |  0.0295
   58 |  0.8723   1427  69.68% |  +0.0434 |  0.0291
   59 |  0.8727   1430  69.82% |  +0.0438 |  0.0278
   60 |  0.8730   1432  69.92% |  +0.0441 |  0.0268
   61 |  0.8733   1438  70.21% |  +0.0445 |  0.0256
   62 |  0.8736   1444  70.51% |  +0.0447 |  0.0250
   63 |  0.8735   1446  70.61% |  +0.0446 |  0.0246
   64 |  0.8738   1450  70.80% |  +0.0449 |  0.0238

학습 세그먼트(16): acc 0.8289  완답 1048/2048 (51.17%)
최고 acc:  seg 64  0.8738  (+0.0449)
최고 완답: seg 64  1450/2048  (+402)

저장: /root/LinearTuring/2026-09-01/results/json/seg_extrap_ladder_296856.json
[ladder] done 296856
step=298809  weights=ema  loops=65  npi=1
  λ=[0.27051520347595215, 0.21967509388923645, 0.33655694127082825, 0.18630379438400269, 0.22171492874622345, 0.36168307065963745, 0.4668479561805725, 0.37737444043159485]
  δ=0.0883  G=0.7081
  batch 1/8  11s
  batch 2/8  22s
  batch 3/8  33s
  batch 4/8  44s
  batch 5/8  55s
  batch 6/8  66s
  batch 7/8  77s
  batch 8/8  88s

  seg |     acc  exact  exact% |     Δacc |   churn
    1 |  0.6934     51   2.49% |  -0.1334 |  0.0000
    2 |  0.7423     64   3.12% |  -0.0844 |  0.1748
    3 |  0.7711    243  11.87% |  -0.0557 |  0.1000
    4 |  0.7872    458  22.36% |  -0.0396 |  0.0703
    5 |  0.7967    595  29.05% |  -0.0301 |  0.0582
    6 |  0.8034    683  33.35% |  -0.0234 |  0.0523
    7 |  0.8053    756  36.91% |  -0.0214 |  0.0517
    8 |  0.8095    815  39.79% |  -0.0172 |  0.0529
    9 |  0.8131    853  41.65% |  -0.0137 |  0.0557
   10 |  0.8161    884  43.16% |  -0.0106 |  0.0609
   11 |  0.8186    923  45.07% |  -0.0081 |  0.0632
   12 |  0.8202    950  46.39% |  -0.0065 |  0.0643
   13 |  0.8223    981  47.90% |  -0.0045 |  0.0669
   14 |  0.8242   1003  48.97% |  -0.0026 |  0.0696
   15 |  0.8249   1018  49.71% |  -0.0018 |  0.0702
   16 |  0.8268   1032  50.39% |  +0.0000 |  0.0712 ←학습
   17 |  0.8291   1050  51.27% |  +0.0023 |  0.0700
   18 |  0.8297   1061  51.81% |  +0.0030 |  0.0686
   19 |  0.8312   1076  52.54% |  +0.0044 |  0.0688
   20 |  0.8337   1094  53.42% |  +0.0070 |  0.0673
   21 |  0.8349   1112  54.30% |  +0.0082 |  0.0672
   22 |  0.8370   1120  54.69% |  +0.0102 |  0.0661
   23 |  0.8389   1132  55.27% |  +0.0122 |  0.0667
   24 |  0.8404   1147  56.01% |  +0.0137 |  0.0654
   25 |  0.8437   1164  56.84% |  +0.0169 |  0.0639
   26 |  0.8446   1179  57.57% |  +0.0178 |  0.0623
   27 |  0.8456   1188  58.01% |  +0.0188 |  0.0598
   28 |  0.8471   1200  58.59% |  +0.0203 |  0.0599
   29 |  0.8480   1210  59.08% |  +0.0213 |  0.0582
   30 |  0.8493   1220  59.57% |  +0.0226 |  0.0573
   31 |  0.8513   1238  60.45% |  +0.0246 |  0.0567
   32 |  0.8520   1251  61.08% |  +0.0252 |  0.0556
   33 |  0.8532   1263  61.67% |  +0.0265 |  0.0559
   34 |  0.8544   1270  62.01% |  +0.0276 |  0.0541
   35 |  0.8556   1284  62.70% |  +0.0288 |  0.0543
   36 |  0.8573   1297  63.33% |  +0.0306 |  0.0526
   37 |  0.8583   1300  63.48% |  +0.0315 |  0.0528
   38 |  0.8590   1310  63.96% |  +0.0322 |  0.0493
   39 |  0.8591   1317  64.31% |  +0.0323 |  0.0487
   40 |  0.8600   1326  64.75% |  +0.0332 |  0.0490
   41 |  0.8613   1334  65.14% |  +0.0346 |  0.0473
   42 |  0.8626   1339  65.38% |  +0.0359 |  0.0464
   43 |  0.8626   1344  65.62% |  +0.0359 |  0.0458
   44 |  0.8626   1353  66.06% |  +0.0359 |  0.0445
   45 |  0.8628   1357  66.26% |  +0.0361 |  0.0435
   46 |  0.8642   1362  66.50% |  +0.0374 |  0.0443
   47 |  0.8647   1369  66.85% |  +0.0380 |  0.0433
   48 |  0.8653   1374  67.09% |  +0.0386 |  0.0409
   49 |  0.8658   1379  67.33% |  +0.0391 |  0.0415
   50 |  0.8655   1384  67.58% |  +0.0388 |  0.0402
   51 |  0.8661   1387  67.72% |  +0.0394 |  0.0388
   52 |  0.8674   1391  67.92% |  +0.0407 |  0.0376
   53 |  0.8689   1399  68.31% |  +0.0422 |  0.0362
   54 |  0.8696   1407  68.70% |  +0.0428 |  0.0350
   55 |  0.8703   1410  68.85% |  +0.0436 |  0.0342
   56 |  0.8712   1415  69.09% |  +0.0445 |  0.0333
   57 |  0.8714   1417  69.19% |  +0.0447 |  0.0338
   58 |  0.8717   1419  69.29% |  +0.0450 |  0.0345
   59 |  0.8731   1426  69.63% |  +0.0464 |  0.0339
   60 |  0.8739   1429  69.78% |  +0.0472 |  0.0324
   61 |  0.8749   1434  70.02% |  +0.0481 |  0.0323
   62 |  0.8758   1438  70.21% |  +0.0490 |  0.0312
   63 |  0.8760   1441  70.36% |  +0.0492 |  0.0307
   64 |  0.8773   1443  70.46% |  +0.0506 |  0.0295

학습 세그먼트(16): acc 0.8268  완답 1032/2048 (50.39%)
최고 acc:  seg 64  0.8773  (+0.0506)
최고 완답: seg 64  1443/2048  (+411)

저장: /root/LinearTuring/2026-09-01/results/json/seg_extrap_ladder_298809.json
[ladder] done 298809
step=300762  weights=ema  loops=65  npi=1
  λ=[0.2675149440765381, 0.21838845312595367, 0.3381233215332031, 0.18605059385299683, 0.22060014307498932, 0.3600115180015564, 0.4688977599143982, 0.37923464179039]
  δ=0.0886  G=0.7088
  batch 1/8  11s
  batch 2/8  22s
  batch 3/8  33s
  batch 4/8  44s
  batch 5/8  55s
  batch 6/8  67s
  batch 7/8  86s
  batch 8/8  97s

  seg |     acc  exact  exact% |     Δacc |   churn
    1 |  0.6919     50   2.44% |  -0.1376 |  0.0000
    2 |  0.7416     61   2.98% |  -0.0878 |  0.1787
    3 |  0.7717    241  11.77% |  -0.0577 |  0.1045
    4 |  0.7894    460  22.46% |  -0.0400 |  0.0755
    5 |  0.7989    622  30.37% |  -0.0306 |  0.0601
    6 |  0.8068    714  34.86% |  -0.0226 |  0.0552
    7 |  0.8105    786  38.38% |  -0.0190 |  0.0544
    8 |  0.8129    822  40.14% |  -0.0166 |  0.0558
    9 |  0.8155    868  42.38% |  -0.0139 |  0.0580
   10 |  0.8168    894  43.65% |  -0.0126 |  0.0598
   11 |  0.8193    921  44.97% |  -0.0102 |  0.0653
   12 |  0.8205    939  45.85% |  -0.0089 |  0.0677
   13 |  0.8237    964  47.07% |  -0.0057 |  0.0695
   14 |  0.8256    984  48.05% |  -0.0039 |  0.0705
   15 |  0.8263   1001  48.88% |  -0.0032 |  0.0716
   16 |  0.8294   1024  50.00% |  +0.0000 |  0.0741 ←학습
   17 |  0.8303   1038  50.68% |  +0.0009 |  0.0730
   18 |  0.8320   1062  51.86% |  +0.0026 |  0.0732
   19 |  0.8339   1079  52.69% |  +0.0045 |  0.0723
   20 |  0.8339   1094  53.42% |  +0.0045 |  0.0708
   21 |  0.8342   1110  54.20% |  +0.0047 |  0.0707
   22 |  0.8366   1118  54.59% |  +0.0071 |  0.0708
   23 |  0.8383   1130  55.18% |  +0.0088 |  0.0695
   24 |  0.8394   1141  55.71% |  +0.0100 |  0.0700
   25 |  0.8405   1157  56.49% |  +0.0111 |  0.0684
   26 |  0.8425   1170  57.13% |  +0.0131 |  0.0679
   27 |  0.8444   1189  58.06% |  +0.0150 |  0.0658
   28 |  0.8466   1198  58.50% |  +0.0172 |  0.0648
   29 |  0.8474   1209  59.03% |  +0.0180 |  0.0633
   30 |  0.8483   1218  59.47% |  +0.0188 |  0.0621
   31 |  0.8478   1227  59.91% |  +0.0183 |  0.0603
   32 |  0.8497   1242  60.64% |  +0.0202 |  0.0597
   33 |  0.8519   1256  61.33% |  +0.0225 |  0.0575
   34 |  0.8522   1266  61.82% |  +0.0227 |  0.0571
   35 |  0.8543   1276  62.30% |  +0.0249 |  0.0563
   36 |  0.8556   1288  62.89% |  +0.0262 |  0.0560
   37 |  0.8578   1300  63.48% |  +0.0284 |  0.0550
   38 |  0.8589   1308  63.87% |  +0.0295 |  0.0534
   39 |  0.8595   1321  64.50% |  +0.0301 |  0.0524
   40 |  0.8609   1330  64.94% |  +0.0315 |  0.0523
   41 |  0.8628   1338  65.33% |  +0.0334 |  0.0509
   42 |  0.8637   1351  65.97% |  +0.0343 |  0.0494
   43 |  0.8646   1357  66.26% |  +0.0351 |  0.0496
   44 |  0.8663   1366  66.70% |  +0.0368 |  0.0480
   45 |  0.8658   1371  66.94% |  +0.0363 |  0.0463
   46 |  0.8670   1380  67.38% |  +0.0375 |  0.0462
   47 |  0.8688   1388  67.77% |  +0.0394 |  0.0447
   48 |  0.8700   1394  68.07% |  +0.0406 |  0.0444
   49 |  0.8720   1405  68.60% |  +0.0425 |  0.0445
   50 |  0.8734   1410  68.85% |  +0.0440 |  0.0441
   51 |  0.8748   1415  69.09% |  +0.0454 |  0.0405
   52 |  0.8748   1422  69.43% |  +0.0454 |  0.0403
   53 |  0.8757   1425  69.58% |  +0.0462 |  0.0408
   54 |  0.8754   1430  69.82% |  +0.0460 |  0.0387
   55 |  0.8769   1434  70.02% |  +0.0475 |  0.0389
   56 |  0.8777   1438  70.21% |  +0.0483 |  0.0387
   57 |  0.8779   1438  70.21% |  +0.0485 |  0.0381
   58 |  0.8789   1444  70.51% |  +0.0494 |  0.0361
   59 |  0.8804   1451  70.85% |  +0.0510 |  0.0352
   60 |  0.8801   1454  71.00% |  +0.0506 |  0.0356
   61 |  0.8804   1458  71.19% |  +0.0510 |  0.0339
   62 |  0.8804   1460  71.29% |  +0.0510 |  0.0334
   63 |  0.8811   1465  71.53% |  +0.0517 |  0.0334
   64 |  0.8823   1468  71.68% |  +0.0528 |  0.0324

학습 세그먼트(16): acc 0.8294  완답 1024/2048 (50.00%)
최고 acc:  seg 64  0.8823  (+0.0528)
최고 완답: seg 64  1468/2048  (+444)

저장: /root/LinearTuring/2026-09-01/results/json/seg_extrap_ladder_300762.json
[ladder] done 300762
step=302715  weights=ema  loops=65  npi=1
  λ=[0.26634472608566284, 0.2167346030473709, 0.3396068215370178, 0.18587836623191833, 0.2194775640964508, 0.3583945333957672, 0.4712958335876465, 0.38102439045906067]
  δ=0.0888  G=0.7088
  batch 1/8  11s
  batch 2/8  22s
  batch 3/8  33s
  batch 4/8  44s
  batch 5/8  55s
  batch 6/8  66s
  batch 7/8  77s
  batch 8/8  89s

  seg |     acc  exact  exact% |     Δacc |   churn
    1 |  0.6929     52   2.54% |  -0.1418 |  0.0000
    2 |  0.7426     62   3.03% |  -0.0921 |  0.1748
    3 |  0.7731    249  12.16% |  -0.0616 |  0.0999
    4 |  0.7902    484  23.63% |  -0.0445 |  0.0685
    5 |  0.8015    633  30.91% |  -0.0332 |  0.0537
    6 |  0.8104    739  36.08% |  -0.0243 |  0.0477
    7 |  0.8150    825  40.28% |  -0.0197 |  0.0453
    8 |  0.8183    880  42.97% |  -0.0164 |  0.0452
    9 |  0.8209    923  45.07% |  -0.0138 |  0.0474
   10 |  0.8227    954  46.58% |  -0.0120 |  0.0499
   11 |  0.8243    974  47.56% |  -0.0104 |  0.0533
   12 |  0.8277    996  48.63% |  -0.0070 |  0.0573
   13 |  0.8295   1018  49.71% |  -0.0052 |  0.0607
   14 |  0.8310   1042  50.88% |  -0.0037 |  0.0644
   15 |  0.8332   1057  51.61% |  -0.0015 |  0.0641
   16 |  0.8347   1074  52.44% |  +0.0000 |  0.0656 ←학습
   17 |  0.8364   1089  53.17% |  +0.0017 |  0.0668
   18 |  0.8377   1099  53.66% |  +0.0030 |  0.0675
   19 |  0.8385   1115  54.44% |  +0.0038 |  0.0682
   20 |  0.8393   1131  55.22% |  +0.0046 |  0.0670
   21 |  0.8420   1150  56.15% |  +0.0073 |  0.0661
   22 |  0.8428   1163  56.79% |  +0.0081 |  0.0652
   23 |  0.8449   1177  57.47% |  +0.0102 |  0.0642
   24 |  0.8453   1187  57.96% |  +0.0106 |  0.0645
   25 |  0.8471   1201  58.64% |  +0.0124 |  0.0613
   26 |  0.8488   1211  59.13% |  +0.0141 |  0.0603
   27 |  0.8491   1225  59.81% |  +0.0144 |  0.0600
   28 |  0.8516   1232  60.16% |  +0.0169 |  0.0588
   29 |  0.8524   1241  60.60% |  +0.0177 |  0.0589
   30 |  0.8534   1252  61.13% |  +0.0187 |  0.0579
   31 |  0.8568   1262  61.62% |  +0.0221 |  0.0585
   32 |  0.8578   1276  62.30% |  +0.0231 |  0.0571
   33 |  0.8579   1287  62.84% |  +0.0232 |  0.0558
   34 |  0.8591   1294  63.18% |  +0.0244 |  0.0545
   35 |  0.8608   1303  63.62% |  +0.0261 |  0.0537
   36 |  0.8617   1309  63.92% |  +0.0270 |  0.0549
   37 |  0.8633   1316  64.26% |  +0.0286 |  0.0537
   38 |  0.8639   1334  65.14% |  +0.0292 |  0.0509
   39 |  0.8656   1343  65.58% |  +0.0309 |  0.0499
   40 |  0.8660   1348  65.82% |  +0.0312 |  0.0501
   41 |  0.8669   1354  66.11% |  +0.0322 |  0.0493
   42 |  0.8679   1363  66.55% |  +0.0332 |  0.0483
   43 |  0.8688   1370  66.89% |  +0.0341 |  0.0485
   44 |  0.8697   1377  67.24% |  +0.0350 |  0.0468
   45 |  0.8698   1380  67.38% |  +0.0351 |  0.0455
   46 |  0.8706   1388  67.77% |  +0.0359 |  0.0447
   47 |  0.8721   1392  67.97% |  +0.0374 |  0.0439
   48 |  0.8725   1397  68.21% |  +0.0378 |  0.0438
   49 |  0.8747   1407  68.70% |  +0.0400 |  0.0438
   50 |  0.8748   1411  68.90% |  +0.0401 |  0.0426
   51 |  0.8757   1414  69.04% |  +0.0410 |  0.0417
   52 |  0.8760   1421  69.38% |  +0.0413 |  0.0410
   53 |  0.8783   1432  69.92% |  +0.0436 |  0.0397
   54 |  0.8784   1436  70.12% |  +0.0437 |  0.0392
   55 |  0.8789   1447  70.65% |  +0.0442 |  0.0383
   56 |  0.8798   1448  70.70% |  +0.0450 |  0.0375
   57 |  0.8799   1454  71.00% |  +0.0452 |  0.0373
   58 |  0.8819   1457  71.14% |  +0.0472 |  0.0374
   59 |  0.8815   1463  71.44% |  +0.0468 |  0.0367
   60 |  0.8818   1463  71.44% |  +0.0470 |  0.0372
   61 |  0.8822   1467  71.63% |  +0.0475 |  0.0370
   62 |  0.8825   1471  71.83% |  +0.0478 |  0.0357
   63 |  0.8838   1476  72.07% |  +0.0491 |  0.0345
   64 |  0.8842   1482  72.36% |  +0.0495 |  0.0327

학습 세그먼트(16): acc 0.8347  완답 1074/2048 (52.44%)
최고 acc:  seg 64  0.8842  (+0.0495)
최고 완답: seg 64  1482/2048  (+408)

저장: /root/LinearTuring/2026-09-01/results/json/seg_extrap_ladder_302715.json
[ladder] done 302715
step=304668  weights=ema  loops=65  npi=1
  λ=[0.2649635076522827, 0.21550345420837402, 0.34072446823120117, 0.18575052917003632, 0.2183944135904312, 0.35703808069229126, 0.4741552174091339, 0.38300830125808716]
  δ=0.0892  G=0.7091
  batch 1/8  11s
  batch 2/8  22s
  batch 3/8  33s
  batch 4/8  44s
  batch 5/8  55s
  batch 6/8  67s
  batch 7/8  78s
  batch 8/8  89s

  seg |     acc  exact  exact% |     Δacc |   churn
    1 |  0.6925     51   2.49% |  -0.1352 |  0.0000
    2 |  0.7421     65   3.17% |  -0.0856 |  0.1754
    3 |  0.7703    247  12.06% |  -0.0575 |  0.0977
    4 |  0.7870    451  22.02% |  -0.0408 |  0.0704
    5 |  0.7981    602  29.39% |  -0.0297 |  0.0562
    6 |  0.8055    690  33.69% |  -0.0223 |  0.0513
    7 |  0.8100    770  37.60% |  -0.0178 |  0.0506
    8 |  0.8138    819  39.99% |  -0.0140 |  0.0504
    9 |  0.8172    873  42.63% |  -0.0105 |  0.0524
   10 |  0.8196    912  44.53% |  -0.0082 |  0.0565
   11 |  0.8215    938  45.80% |  -0.0063 |  0.0593
   12 |  0.8230    961  46.92% |  -0.0047 |  0.0631
   13 |  0.8241    990  48.34% |  -0.0037 |  0.0659
   14 |  0.8244   1004  49.02% |  -0.0034 |  0.0691
   15 |  0.8251   1018  49.71% |  -0.0027 |  0.0709
   16 |  0.8278   1035  50.54% |  +0.0000 |  0.0719 ←학습
   17 |  0.8300   1055  51.51% |  +0.0023 |  0.0710
   18 |  0.8313   1073  52.39% |  +0.0035 |  0.0693
   19 |  0.8340   1091  53.27% |  +0.0063 |  0.0692
   20 |  0.8351   1103  53.86% |  +0.0073 |  0.0699
   21 |  0.8377   1121  54.74% |  +0.0099 |  0.0689
   22 |  0.8385   1136  55.47% |  +0.0108 |  0.0683
   23 |  0.8403   1153  56.30% |  +0.0125 |  0.0650
   24 |  0.8430   1162  56.74% |  +0.0152 |  0.0647
   25 |  0.8435   1180  57.62% |  +0.0158 |  0.0630
   26 |  0.8447   1188  58.01% |  +0.0170 |  0.0620
   27 |  0.8472   1203  58.74% |  +0.0194 |  0.0609
   28 |  0.8484   1210  59.08% |  +0.0206 |  0.0598
   29 |  0.8502   1224  59.77% |  +0.0224 |  0.0608
   30 |  0.8514   1234  60.25% |  +0.0236 |  0.0584
   31 |  0.8523   1244  60.74% |  +0.0245 |  0.0577
   32 |  0.8545   1257  61.38% |  +0.0268 |  0.0569
   33 |  0.8550   1267  61.87% |  +0.0273 |  0.0557
   34 |  0.8564   1279  62.45% |  +0.0286 |  0.0545
   35 |  0.8579   1293  63.13% |  +0.0301 |  0.0534
   36 |  0.8592   1304  63.67% |  +0.0314 |  0.0529
   37 |  0.8601   1316  64.26% |  +0.0324 |  0.0511
   38 |  0.8613   1326  64.75% |  +0.0336 |  0.0502
   39 |  0.8629   1337  65.28% |  +0.0352 |  0.0483
   40 |  0.8651   1347  65.77% |  +0.0374 |  0.0470
   41 |  0.8675   1357  66.26% |  +0.0397 |  0.0460
   42 |  0.8680   1369  66.85% |  +0.0402 |  0.0446
   43 |  0.8687   1379  67.33% |  +0.0409 |  0.0432
   44 |  0.8699   1387  67.72% |  +0.0421 |  0.0419
   45 |  0.8718   1395  68.12% |  +0.0440 |  0.0404
   46 |  0.8725   1405  68.60% |  +0.0447 |  0.0415
   47 |  0.8726   1412  68.95% |  +0.0448 |  0.0398
   48 |  0.8737   1419  69.29% |  +0.0459 |  0.0398
   49 |  0.8738   1425  69.58% |  +0.0461 |  0.0388
   50 |  0.8747   1436  70.12% |  +0.0469 |  0.0382
   51 |  0.8749   1440  70.31% |  +0.0472 |  0.0354
   52 |  0.8758   1443  70.46% |  +0.0481 |  0.0347
   53 |  0.8767   1451  70.85% |  +0.0489 |  0.0340
   54 |  0.8770   1457  71.14% |  +0.0492 |  0.0338
   55 |  0.8781   1460  71.29% |  +0.0503 |  0.0338
   56 |  0.8781   1463  71.44% |  +0.0503 |  0.0324
   57 |  0.8790   1466  71.58% |  +0.0512 |  0.0322
   58 |  0.8801   1467  71.63% |  +0.0523 |  0.0318
   59 |  0.8806   1470  71.78% |  +0.0529 |  0.0303
   60 |  0.8813   1472  71.88% |  +0.0536 |  0.0312
   61 |  0.8823   1478  72.17% |  +0.0545 |  0.0304
   62 |  0.8827   1481  72.31% |  +0.0549 |  0.0291
   63 |  0.8822   1484  72.46% |  +0.0544 |  0.0286
   64 |  0.8826   1485  72.51% |  +0.0548 |  0.0281

학습 세그먼트(16): acc 0.8278  완답 1035/2048 (50.54%)
최고 acc:  seg 62  0.8827  (+0.0549)
최고 완답: seg 64  1485/2048  (+450)

저장: /root/LinearTuring/2026-09-01/results/json/seg_extrap_ladder_304668.json
[ladder] done 304668
step=306621  weights=ema  loops=65  npi=1
  λ=[0.2636670172214508, 0.2144850492477417, 0.3424987494945526, 0.18547266721725464, 0.21731427311897278, 0.3555292785167694, 0.4761333167552948, 0.38469064235687256]
  δ=0.0895  G=0.7097
  batch 1/8  11s
  batch 2/8  22s
  batch 3/8  33s
  batch 4/8  44s
  batch 5/8  55s
  batch 6/8  66s
  batch 7/8  78s
  batch 8/8  89s

  seg |     acc  exact  exact% |     Δacc |   churn
    1 |  0.6899     51   2.49% |  -0.1362 |  0.0000
    2 |  0.7412     67   3.27% |  -0.0848 |  0.1759
    3 |  0.7688    247  12.06% |  -0.0572 |  0.0960
    4 |  0.7850    445  21.73% |  -0.0410 |  0.0688
    5 |  0.7960    608  29.69% |  -0.0300 |  0.0562
    6 |  0.8031    709  34.62% |  -0.0230 |  0.0509
    7 |  0.8068    788  38.48% |  -0.0192 |  0.0491
    8 |  0.8102    837  40.87% |  -0.0159 |  0.0500
    9 |  0.8126    873  42.63% |  -0.0134 |  0.0529
   10 |  0.8148    903  44.09% |  -0.0113 |  0.0572
   11 |  0.8166    938  45.80% |  -0.0094 |  0.0626
   12 |  0.8191    960  46.88% |  -0.0069 |  0.0654
   13 |  0.8216    983  48.00% |  -0.0044 |  0.0668
   14 |  0.8228   1002  48.93% |  -0.0033 |  0.0695
   15 |  0.8246   1015  49.56% |  -0.0014 |  0.0699
   16 |  0.8260   1029  50.24% |  +0.0000 |  0.0704 ←학습
   17 |  0.8272   1044  50.98% |  +0.0012 |  0.0695
   18 |  0.8286   1056  51.56% |  +0.0025 |  0.0689
   19 |  0.8307   1075  52.49% |  +0.0046 |  0.0701
   20 |  0.8321   1087  53.08% |  +0.0061 |  0.0690
   21 |  0.8335   1107  54.05% |  +0.0074 |  0.0674
   22 |  0.8342   1117  54.54% |  +0.0081 |  0.0670
   23 |  0.8351   1129  55.13% |  +0.0090 |  0.0666
   24 |  0.8354   1138  55.57% |  +0.0094 |  0.0652
   25 |  0.8366   1147  56.01% |  +0.0105 |  0.0626
   26 |  0.8387   1156  56.45% |  +0.0127 |  0.0626
   27 |  0.8403   1169  57.08% |  +0.0142 |  0.0615
   28 |  0.8420   1181  57.67% |  +0.0159 |  0.0601
   29 |  0.8432   1194  58.30% |  +0.0172 |  0.0592
   30 |  0.8454   1200  58.59% |  +0.0194 |  0.0594
   31 |  0.8467   1215  59.33% |  +0.0206 |  0.0580
   32 |  0.8477   1226  59.86% |  +0.0217 |  0.0569
   33 |  0.8489   1238  60.45% |  +0.0228 |  0.0561
   34 |  0.8496   1248  60.94% |  +0.0236 |  0.0562
   35 |  0.8502   1261  61.57% |  +0.0241 |  0.0542
   36 |  0.8515   1267  61.87% |  +0.0255 |  0.0527
   37 |  0.8522   1276  62.30% |  +0.0262 |  0.0522
   38 |  0.8531   1283  62.65% |  +0.0271 |  0.0517
   39 |  0.8534   1295  63.23% |  +0.0273 |  0.0507
   40 |  0.8543   1299  63.43% |  +0.0282 |  0.0497
   41 |  0.8560   1307  63.82% |  +0.0299 |  0.0489
   42 |  0.8571   1316  64.26% |  +0.0311 |  0.0469
   43 |  0.8581   1321  64.50% |  +0.0321 |  0.0460
   44 |  0.8598   1331  64.99% |  +0.0338 |  0.0460
   45 |  0.8599   1337  65.28% |  +0.0339 |  0.0446
   46 |  0.8607   1341  65.48% |  +0.0347 |  0.0444
   47 |  0.8614   1346  65.72% |  +0.0353 |  0.0442
   48 |  0.8624   1354  66.11% |  +0.0364 |  0.0435
   49 |  0.8627   1357  66.26% |  +0.0367 |  0.0435
   50 |  0.8637   1367  66.75% |  +0.0376 |  0.0421
   51 |  0.8646   1372  66.99% |  +0.0385 |  0.0407
   52 |  0.8653   1374  67.09% |  +0.0393 |  0.0400
   53 |  0.8667   1377  67.24% |  +0.0407 |  0.0399
   54 |  0.8678   1379  67.33% |  +0.0417 |  0.0388
   55 |  0.8681   1386  67.68% |  +0.0420 |  0.0383
   56 |  0.8687   1392  67.97% |  +0.0427 |  0.0375
   57 |  0.8694   1399  68.31% |  +0.0434 |  0.0365
   58 |  0.8706   1404  68.55% |  +0.0445 |  0.0356
   59 |  0.8717   1409  68.80% |  +0.0457 |  0.0366
   60 |  0.8735   1418  69.24% |  +0.0475 |  0.0349
   61 |  0.8744   1426  69.63% |  +0.0483 |  0.0329
   62 |  0.8747   1428  69.73% |  +0.0487 |  0.0338
   63 |  0.8762   1434  70.02% |  +0.0501 |  0.0335
   64 |  0.8756   1440  70.31% |  +0.0495 |  0.0329

학습 세그먼트(16): acc 0.8260  완답 1029/2048 (50.24%)
최고 acc:  seg 63  0.8762  (+0.0501)
최고 완답: seg 64  1440/2048  (+411)

저장: /root/LinearTuring/2026-09-01/results/json/seg_extrap_ladder_306621.json
[ladder] done 306621
step=308574  weights=ema  loops=65  npi=1
  λ=[0.2627895176410675, 0.21310704946517944, 0.3437099754810333, 0.185403972864151, 0.21632680296897888, 0.35373449325561523, 0.4782066345214844, 0.38610711693763733]
  δ=0.0899  G=0.7109
  batch 1/8  11s
  batch 2/8  22s
  batch 3/8  33s
  batch 4/8  44s
  batch 5/8  55s
  batch 6/8  67s
  batch 7/8  78s
  batch 8/8  89s

  seg |     acc  exact  exact% |     Δacc |   churn
    1 |  0.6920     50   2.44% |  -0.1389 |  0.0000
    2 |  0.7429     61   2.98% |  -0.0881 |  0.1732
    3 |  0.7741    251  12.26% |  -0.0569 |  0.0968
    4 |  0.7907    483  23.58% |  -0.0403 |  0.0683
    5 |  0.8027    631  30.81% |  -0.0282 |  0.0540
    6 |  0.8095    730  35.64% |  -0.0214 |  0.0481
    7 |  0.8143    801  39.11% |  -0.0166 |  0.0454
    8 |  0.8171    848  41.41% |  -0.0139 |  0.0456
    9 |  0.8193    897  43.80% |  -0.0117 |  0.0483
   10 |  0.8225    938  45.80% |  -0.0084 |  0.0506
   11 |  0.8242    973  47.51% |  -0.0068 |  0.0538
   12 |  0.8268    995  48.58% |  -0.0041 |  0.0577
   13 |  0.8277   1016  49.61% |  -0.0032 |  0.0602
   14 |  0.8290   1033  50.44% |  -0.0019 |  0.0623
   15 |  0.8310   1056  51.56% |  +0.0001 |  0.0624
   16 |  0.8310   1071  52.29% |  +0.0000 |  0.0635 ←학습
   17 |  0.8326   1090  53.22% |  +0.0017 |  0.0647
   18 |  0.8339   1105  53.96% |  +0.0029 |  0.0627
   19 |  0.8356   1119  54.64% |  +0.0047 |  0.0628
   20 |  0.8375   1129  55.13% |  +0.0065 |  0.0622
   21 |  0.8390   1144  55.86% |  +0.0081 |  0.0612
   22 |  0.8396   1156  56.45% |  +0.0086 |  0.0591
   23 |  0.8409   1168  57.03% |  +0.0099 |  0.0585
   24 |  0.8417   1183  57.76% |  +0.0107 |  0.0586
   25 |  0.8440   1192  58.20% |  +0.0130 |  0.0566
   26 |  0.8455   1202  58.69% |  +0.0146 |  0.0570
   27 |  0.8473   1214  59.28% |  +0.0164 |  0.0544
   28 |  0.8498   1232  60.16% |  +0.0188 |  0.0528
   29 |  0.8511   1248  60.94% |  +0.0201 |  0.0525
   30 |  0.8525   1257  61.38% |  +0.0215 |  0.0506
   31 |  0.8538   1264  61.72% |  +0.0229 |  0.0501
   32 |  0.8544   1276  62.30% |  +0.0235 |  0.0495
   33 |  0.8548   1280  62.50% |  +0.0239 |  0.0497
   34 |  0.8562   1287  62.84% |  +0.0253 |  0.0478
   35 |  0.8576   1300  63.48% |  +0.0267 |  0.0466
   36 |  0.8603   1315  64.21% |  +0.0294 |  0.0463
   37 |  0.8607   1322  64.55% |  +0.0298 |  0.0465
   38 |  0.8609   1329  64.89% |  +0.0300 |  0.0441
   39 |  0.8612   1335  65.19% |  +0.0303 |  0.0438
   40 |  0.8630   1343  65.58% |  +0.0321 |  0.0427
   41 |  0.8643   1356  66.21% |  +0.0333 |  0.0409
   42 |  0.8645   1364  66.60% |  +0.0335 |  0.0404
   43 |  0.8655   1371  66.94% |  +0.0346 |  0.0399
   44 |  0.8665   1380  67.38% |  +0.0356 |  0.0394
   45 |  0.8666   1385  67.63% |  +0.0357 |  0.0380
   46 |  0.8673   1388  67.77% |  +0.0364 |  0.0383
   47 |  0.8686   1395  68.12% |  +0.0377 |  0.0385
   48 |  0.8704   1399  68.31% |  +0.0395 |  0.0365
   49 |  0.8716   1407  68.70% |  +0.0406 |  0.0349
   50 |  0.8721   1408  68.75% |  +0.0411 |  0.0352
   51 |  0.8724   1413  68.99% |  +0.0415 |  0.0340
   52 |  0.8723   1419  69.29% |  +0.0413 |  0.0336
   53 |  0.8734   1422  69.43% |  +0.0424 |  0.0336
   54 |  0.8739   1429  69.78% |  +0.0430 |  0.0331
   55 |  0.8741   1433  69.97% |  +0.0432 |  0.0333
   56 |  0.8751   1439  70.26% |  +0.0441 |  0.0324
   57 |  0.8762   1448  70.70% |  +0.0453 |  0.0311
   58 |  0.8767   1452  70.90% |  +0.0457 |  0.0302
   59 |  0.8768   1454  71.00% |  +0.0459 |  0.0287
   60 |  0.8778   1456  71.09% |  +0.0468 |  0.0290
   61 |  0.8786   1461  71.34% |  +0.0477 |  0.0289
   62 |  0.8790   1463  71.44% |  +0.0480 |  0.0288
   63 |  0.8794   1468  71.68% |  +0.0485 |  0.0290
   64 |  0.8809   1473  71.92% |  +0.0499 |  0.0274

학습 세그먼트(16): acc 0.8310  완답 1071/2048 (52.29%)
최고 acc:  seg 64  0.8809  (+0.0499)
최고 완답: seg 64  1473/2048  (+402)

저장: /root/LinearTuring/2026-09-01/results/json/seg_extrap_ladder_308574.json
[ladder] done 308574
step=310527  weights=ema  loops=65  npi=1
  λ=[0.26121583580970764, 0.2119082808494568, 0.3452630937099457, 0.18517149984836578, 0.215340718626976, 0.3521755635738373, 0.4800223708152771, 0.3880845308303833]
  δ=0.0903  G=0.7118
  batch 1/8  11s
  batch 2/8  22s
  batch 3/8  33s
  batch 4/8  44s
  batch 5/8  55s
  batch 6/8  66s
  batch 7/8  78s
  batch 8/8  89s

  seg |     acc  exact  exact% |     Δacc |   churn
    1 |  0.6912     50   2.44% |  -0.1389 |  0.0000
    2 |  0.7406     60   2.93% |  -0.0895 |  0.1716
    3 |  0.7697    233  11.38% |  -0.0604 |  0.0970
    4 |  0.7857    447  21.83% |  -0.0443 |  0.0692
    5 |  0.7958    587  28.66% |  -0.0342 |  0.0555
    6 |  0.8030    691  33.74% |  -0.0270 |  0.0504
    7 |  0.8083    754  36.82% |  -0.0217 |  0.0517
    8 |  0.8123    804  39.26% |  -0.0178 |  0.0511
    9 |  0.8168    861  42.04% |  -0.0132 |  0.0525
   10 |  0.8196    898  43.85% |  -0.0105 |  0.0541
   11 |  0.8220    931  45.46% |  -0.0081 |  0.0579
   12 |  0.8236    959  46.83% |  -0.0064 |  0.0614
   13 |  0.8266    980  47.85% |  -0.0034 |  0.0635
   14 |  0.8279   1006  49.12% |  -0.0022 |  0.0681
   15 |  0.8284   1023  49.95% |  -0.0017 |  0.0680
   16 |  0.8301   1043  50.93% |  +0.0000 |  0.0695 ←학습
   17 |  0.8323   1058  51.66% |  +0.0022 |  0.0686
   18 |  0.8328   1070  52.25% |  +0.0028 |  0.0684
   19 |  0.8342   1089  53.17% |  +0.0042 |  0.0682
   20 |  0.8354   1099  53.66% |  +0.0054 |  0.0673
   21 |  0.8364   1113  54.35% |  +0.0063 |  0.0666
   22 |  0.8379   1120  54.69% |  +0.0078 |  0.0663
   23 |  0.8398   1131  55.22% |  +0.0097 |  0.0659
   24 |  0.8414   1147  56.01% |  +0.0113 |  0.0657
   25 |  0.8434   1160  56.64% |  +0.0133 |  0.0640
   26 |  0.8443   1174  57.32% |  +0.0142 |  0.0621
   27 |  0.8458   1183  57.76% |  +0.0157 |  0.0607
   28 |  0.8470   1198  58.50% |  +0.0169 |  0.0607
   29 |  0.8475   1208  58.98% |  +0.0175 |  0.0589
   30 |  0.8482   1222  59.67% |  +0.0181 |  0.0584
   31 |  0.8486   1226  59.86% |  +0.0186 |  0.0566
   32 |  0.8505   1234  60.25% |  +0.0204 |  0.0560
   33 |  0.8513   1247  60.89% |  +0.0212 |  0.0543
   34 |  0.8528   1259  61.47% |  +0.0228 |  0.0537
   35 |  0.8548   1264  61.72% |  +0.0247 |  0.0534
   36 |  0.8560   1274  62.21% |  +0.0259 |  0.0530
   37 |  0.8573   1286  62.79% |  +0.0272 |  0.0525
   38 |  0.8573   1297  63.33% |  +0.0273 |  0.0504
   39 |  0.8575   1303  63.62% |  +0.0275 |  0.0496
   40 |  0.8593   1309  63.92% |  +0.0292 |  0.0484
   41 |  0.8609   1317  64.31% |  +0.0308 |  0.0482
   42 |  0.8615   1326  64.75% |  +0.0314 |  0.0470
   43 |  0.8644   1340  65.43% |  +0.0343 |  0.0460
   44 |  0.8669   1352  66.02% |  +0.0368 |  0.0448
   45 |  0.8683   1363  66.55% |  +0.0383 |  0.0442
   46 |  0.8692   1378  67.29% |  +0.0391 |  0.0433
   47 |  0.8702   1385  67.63% |  +0.0401 |  0.0407
   48 |  0.8703   1393  68.02% |  +0.0403 |  0.0382
   49 |  0.8706   1396  68.16% |  +0.0405 |  0.0382
   50 |  0.8704   1404  68.55% |  +0.0403 |  0.0386
   51 |  0.8711   1406  68.65% |  +0.0411 |  0.0374
   52 |  0.8716   1411  68.90% |  +0.0415 |  0.0359
   53 |  0.8726   1413  68.99% |  +0.0425 |  0.0357
   54 |  0.8733   1423  69.48% |  +0.0432 |  0.0356
   55 |  0.8732   1425  69.58% |  +0.0431 |  0.0357
   56 |  0.8739   1432  69.92% |  +0.0439 |  0.0338
   57 |  0.8747   1435  70.07% |  +0.0446 |  0.0327
   58 |  0.8747   1438  70.21% |  +0.0446 |  0.0326
   59 |  0.8746   1442  70.41% |  +0.0445 |  0.0328
   60 |  0.8746   1446  70.61% |  +0.0445 |  0.0326
   61 |  0.8753   1450  70.80% |  +0.0453 |  0.0309
   62 |  0.8766   1453  70.95% |  +0.0465 |  0.0306
   63 |  0.8764   1456  71.09% |  +0.0463 |  0.0306
   64 |  0.8773   1458  71.19% |  +0.0473 |  0.0287

학습 세그먼트(16): acc 0.8301  완답 1043/2048 (50.93%)
최고 acc:  seg 64  0.8773  (+0.0473)
최고 완답: seg 64  1458/2048  (+415)

저장: /root/LinearTuring/2026-09-01/results/json/seg_extrap_ladder_310527.json
[ladder] done 310527
