step=310527  weights=ema  loops=257  npi=1
  λ=[0.26121583580970764, 0.2119082808494568, 0.3452630937099457, 0.18517149984836578, 0.215340718626976, 0.3521755635738373, 0.4800223708152771, 0.3880845308303833]
  diag=zero
  δ=0.0903  G=0.7118
  batch 1/8  44s
  batch 2/8  88s
  batch 3/8  132s
  batch 4/8  176s
  batch 5/8  221s
  batch 6/8  265s
  batch 7/8  310s
  batch 8/8  354s

  seg |     acc  exact  exact% |     Δacc |   churn
    1 |  0.5948      0   0.00% |  +0.2205 |  0.0000
    2 |  0.4657      0   0.00% |  +0.0915 |  0.3717
    3 |  0.4421      0   0.00% |  +0.0678 |  0.3126
    4 |  0.4276      0   0.00% |  +0.0534 |  0.2842
    5 |  0.4160      0   0.00% |  +0.0418 |  0.2683
    6 |  0.4103      0   0.00% |  +0.0361 |  0.2588
    7 |  0.4065      0   0.00% |  +0.0323 |  0.2576
    8 |  0.4018      0   0.00% |  +0.0276 |  0.2554
    9 |  0.3975      0   0.00% |  +0.0233 |  0.2584
   10 |  0.3921      0   0.00% |  +0.0179 |  0.2610
   11 |  0.3891      0   0.00% |  +0.0149 |  0.2677
   12 |  0.3855      0   0.00% |  +0.0113 |  0.2717
   13 |  0.3824      0   0.00% |  +0.0082 |  0.2773
   14 |  0.3794      0   0.00% |  +0.0052 |  0.2824
   15 |  0.3765      0   0.00% |  +0.0022 |  0.2843
   16 |  0.3742      0   0.00% |  +0.0000 |  0.2906 ←학습
   17 |  0.3703      0   0.00% |  -0.0040 |  0.2985
   18 |  0.3686      0   0.00% |  -0.0056 |  0.3052
   19 |  0.3651      0   0.00% |  -0.0091 |  0.3115
   20 |  0.3622      0   0.00% |  -0.0120 |  0.3150
   21 |  0.3591      0   0.00% |  -0.0151 |  0.3166
   22 |  0.3582      0   0.00% |  -0.0161 |  0.3242
   23 |  0.3553      0   0.00% |  -0.0189 |  0.3276
   24 |  0.3524      0   0.00% |  -0.0218 |  0.3302
   25 |  0.3499      0   0.00% |  -0.0243 |  0.3331
   26 |  0.3463      0   0.00% |  -0.0279 |  0.3382
   27 |  0.3448      0   0.00% |  -0.0294 |  0.3452
   28 |  0.3415      0   0.00% |  -0.0328 |  0.3479
   29 |  0.3374      0   0.00% |  -0.0369 |  0.3546
   30 |  0.3348      0   0.00% |  -0.0394 |  0.3563
   31 |  0.3326      0   0.00% |  -0.0416 |  0.3585
   32 |  0.3287      0   0.00% |  -0.0455 |  0.3639
   33 |  0.3277      0   0.00% |  -0.0465 |  0.3691
   34 |  0.3243      0   0.00% |  -0.0500 |  0.3735
   35 |  0.3223      0   0.00% |  -0.0519 |  0.3731
   36 |  0.3223      0   0.00% |  -0.0520 |  0.3800
   37 |  0.3175      0   0.00% |  -0.0567 |  0.3841
   38 |  0.3133      0   0.00% |  -0.0609 |  0.3886
   39 |  0.3098      0   0.00% |  -0.0644 |  0.3945
   40 |  0.3067      0   0.00% |  -0.0675 |  0.3979
   41 |  0.3026      0   0.00% |  -0.0716 |  0.4050
   42 |  0.2981      0   0.00% |  -0.0762 |  0.4069
   43 |  0.2953      0   0.00% |  -0.0790 |  0.4122
   44 |  0.2932      0   0.00% |  -0.0810 |  0.4177
   45 |  0.2878      0   0.00% |  -0.0865 |  0.4190
   46 |  0.2863      0   0.00% |  -0.0880 |  0.4222
   47 |  0.2819      0   0.00% |  -0.0923 |  0.4281
   48 |  0.2786      0   0.00% |  -0.0956 |  0.4360
   49 |  0.2745      0   0.00% |  -0.0998 |  0.4402
   50 |  0.2702      0   0.00% |  -0.1041 |  0.4443
   51 |  0.2674      0   0.00% |  -0.1069 |  0.4471
   52 |  0.2644      0   0.00% |  -0.1098 |  0.4526
   53 |  0.2624      0   0.00% |  -0.1118 |  0.4565
   54 |  0.2584      0   0.00% |  -0.1158 |  0.4569
   55 |  0.2561      0   0.00% |  -0.1182 |  0.4611
   56 |  0.2516      0   0.00% |  -0.1226 |  0.4675
   57 |  0.2482      0   0.00% |  -0.1260 |  0.4685
   58 |  0.2437      0   0.00% |  -0.1305 |  0.4733
   59 |  0.2428      0   0.00% |  -0.1314 |  0.4803
   60 |  0.2390      0   0.00% |  -0.1352 |  0.4830
   61 |  0.2366      0   0.00% |  -0.1377 |  0.4863
   62 |  0.2338      0   0.00% |  -0.1404 |  0.4861
   63 |  0.2323      0   0.00% |  -0.1419 |  0.4909
   64 |  0.2292      0   0.00% |  -0.1451 |  0.4937
   65 |  0.2252      0   0.00% |  -0.1490 |  0.4995
   66 |  0.2235      0   0.00% |  -0.1507 |  0.5007
   67 |  0.2206      0   0.00% |  -0.1537 |  0.5040
   68 |  0.2174      0   0.00% |  -0.1569 |  0.5074
   69 |  0.2154      0   0.00% |  -0.1588 |  0.5085
   70 |  0.2132      0   0.00% |  -0.1610 |  0.5118
   71 |  0.2094      0   0.00% |  -0.1648 |  0.5163
   72 |  0.2080      0   0.00% |  -0.1663 |  0.5190
   73 |  0.2037      0   0.00% |  -0.1705 |  0.5261
   74 |  0.2014      0   0.00% |  -0.1728 |  0.5235
   75 |  0.1988      0   0.00% |  -0.1754 |  0.5258
   76 |  0.1961      0   0.00% |  -0.1781 |  0.5281
   77 |  0.1955      0   0.00% |  -0.1788 |  0.5307
   78 |  0.1932      0   0.00% |  -0.1811 |  0.5351
   79 |  0.1904      0   0.00% |  -0.1839 |  0.5369
   80 |  0.1877      0   0.00% |  -0.1866 |  0.5353
   81 |  0.1834      0   0.00% |  -0.1909 |  0.5411
   82 |  0.1824      0   0.00% |  -0.1919 |  0.5481
   83 |  0.1808      0   0.00% |  -0.1934 |  0.5469
   84 |  0.1790      0   0.00% |  -0.1952 |  0.5484
   85 |  0.1775      0   0.00% |  -0.1967 |  0.5541
   86 |  0.1746      0   0.00% |  -0.1996 |  0.5530
   87 |  0.1717      0   0.00% |  -0.2025 |  0.5566
   88 |  0.1697      0   0.00% |  -0.2045 |  0.5583
   89 |  0.1678      0   0.00% |  -0.2064 |  0.5584
   90 |  0.1667      0   0.00% |  -0.2075 |  0.5622
   91 |  0.1642      0   0.00% |  -0.2101 |  0.5662
   92 |  0.1642      0   0.00% |  -0.2100 |  0.5686
   93 |  0.1616      0   0.00% |  -0.2127 |  0.5689
   94 |  0.1617      0   0.00% |  -0.2125 |  0.5688
   95 |  0.1592      0   0.00% |  -0.2151 |  0.5711
   96 |  0.1577      0   0.00% |  -0.2165 |  0.5700
   97 |  0.1558      0   0.00% |  -0.2184 |  0.5722
   98 |  0.1547      0   0.00% |  -0.2195 |  0.5737
   99 |  0.1526      0   0.00% |  -0.2216 |  0.5739
  100 |  0.1519      0   0.00% |  -0.2223 |  0.5743
  101 |  0.1513      0   0.00% |  -0.2229 |  0.5794
  102 |  0.1508      0   0.00% |  -0.2234 |  0.5786
  103 |  0.1485      0   0.00% |  -0.2257 |  0.5782
  104 |  0.1496      0   0.00% |  -0.2246 |  0.5804
  105 |  0.1474      0   0.00% |  -0.2269 |  0.5808
  106 |  0.1477      0   0.00% |  -0.2266 |  0.5810
  107 |  0.1460      0   0.00% |  -0.2282 |  0.5797
  108 |  0.1444      0   0.00% |  -0.2298 |  0.5811
  109 |  0.1453      0   0.00% |  -0.2289 |  0.5824
  110 |  0.1441      0   0.00% |  -0.2302 |  0.5868
  111 |  0.1432      0   0.00% |  -0.2310 |  0.5863
  112 |  0.1415      0   0.00% |  -0.2327 |  0.5852
  113 |  0.1413      0   0.00% |  -0.2329 |  0.5863
  114 |  0.1412      0   0.00% |  -0.2330 |  0.5871
  115 |  0.1387      0   0.00% |  -0.2355 |  0.5856
  116 |  0.1395      0   0.00% |  -0.2347 |  0.5850
  117 |  0.1376      0   0.00% |  -0.2367 |  0.5853
  118 |  0.1371      0   0.00% |  -0.2371 |  0.5844
  119 |  0.1375      0   0.00% |  -0.2367 |  0.5877
  120 |  0.1366      0   0.00% |  -0.2376 |  0.5856
  121 |  0.1366      0   0.00% |  -0.2377 |  0.5859
  122 |  0.1363      0   0.00% |  -0.2380 |  0.5886
  123 |  0.1340      0   0.00% |  -0.2402 |  0.5914
  124 |  0.1337      0   0.00% |  -0.2405 |  0.5890
  125 |  0.1341      0   0.00% |  -0.2402 |  0.5899
  126 |  0.1337      0   0.00% |  -0.2405 |  0.5898
  127 |  0.1326      0   0.00% |  -0.2416 |  0.5875
  128 |  0.1323      0   0.00% |  -0.2419 |  0.5907
  129 |  0.1323      0   0.00% |  -0.2420 |  0.5897
  130 |  0.1315      0   0.00% |  -0.2428 |  0.5913
  131 |  0.1311      0   0.00% |  -0.2431 |  0.5891
  132 |  0.1308      0   0.00% |  -0.2434 |  0.5906
  133 |  0.1300      0   0.00% |  -0.2443 |  0.5901
  134 |  0.1304      0   0.00% |  -0.2439 |  0.5866
  135 |  0.1307      0   0.00% |  -0.2435 |  0.5887
  136 |  0.1307      0   0.00% |  -0.2436 |  0.5907
  137 |  0.1296      0   0.00% |  -0.2446 |  0.5908
  138 |  0.1298      0   0.00% |  -0.2445 |  0.5879
  139 |  0.1294      0   0.00% |  -0.2449 |  0.5870
  140 |  0.1292      0   0.00% |  -0.2450 |  0.5891
  141 |  0.1276      0   0.00% |  -0.2467 |  0.5882
  142 |  0.1282      0   0.00% |  -0.2460 |  0.5916
  143 |  0.1272      0   0.00% |  -0.2470 |  0.5894
  144 |  0.1273      0   0.00% |  -0.2469 |  0.5911
  145 |  0.1274      0   0.00% |  -0.2468 |  0.5914
  146 |  0.1266      0   0.00% |  -0.2476 |  0.5941
  147 |  0.1263      0   0.00% |  -0.2479 |  0.5866
  148 |  0.1265      0   0.00% |  -0.2477 |  0.5888
  149 |  0.1259      0   0.00% |  -0.2483 |  0.5892
  150 |  0.1265      0   0.00% |  -0.2477 |  0.5891
  151 |  0.1259      0   0.00% |  -0.2484 |  0.5888
  152 |  0.1260      0   0.00% |  -0.2482 |  0.5884
  153 |  0.1243      0   0.00% |  -0.2499 |  0.5930
  154 |  0.1248      0   0.00% |  -0.2494 |  0.5919
  155 |  0.1257      0   0.00% |  -0.2485 |  0.5910
  156 |  0.1245      0   0.00% |  -0.2497 |  0.5921
  157 |  0.1254      0   0.00% |  -0.2488 |  0.5919
  158 |  0.1248      0   0.00% |  -0.2495 |  0.5927
  159 |  0.1240      0   0.00% |  -0.2502 |  0.5925
  160 |  0.1235      0   0.00% |  -0.2507 |  0.5906
  161 |  0.1233      0   0.00% |  -0.2509 |  0.5875
  162 |  0.1231      0   0.00% |  -0.2511 |  0.5915
  163 |  0.1241      0   0.00% |  -0.2501 |  0.5938
  164 |  0.1241      0   0.00% |  -0.2501 |  0.5921
  165 |  0.1252      0   0.00% |  -0.2490 |  0.5937
  166 |  0.1227      0   0.00% |  -0.2515 |  0.5910
  167 |  0.1234      0   0.00% |  -0.2508 |  0.5911
  168 |  0.1239      0   0.00% |  -0.2504 |  0.5916
  169 |  0.1235      0   0.00% |  -0.2507 |  0.5937
  170 |  0.1234      0   0.00% |  -0.2508 |  0.5930
  171 |  0.1242      0   0.00% |  -0.2501 |  0.5953
  172 |  0.1233      0   0.00% |  -0.2509 |  0.5930
  173 |  0.1225      0   0.00% |  -0.2517 |  0.5895
  174 |  0.1232      0   0.00% |  -0.2511 |  0.5938
  175 |  0.1220      0   0.00% |  -0.2523 |  0.5932
  176 |  0.1228      0   0.00% |  -0.2514 |  0.5932
  177 |  0.1220      0   0.00% |  -0.2522 |  0.5904
  178 |  0.1223      0   0.00% |  -0.2519 |  0.5909
  179 |  0.1218      0   0.00% |  -0.2524 |  0.5934
  180 |  0.1223      0   0.00% |  -0.2519 |  0.5933
  181 |  0.1217      0   0.00% |  -0.2525 |  0.5900
  182 |  0.1223      0   0.00% |  -0.2519 |  0.5924
  183 |  0.1228      0   0.00% |  -0.2514 |  0.5946
  184 |  0.1230      0   0.00% |  -0.2513 |  0.5956
  185 |  0.1219      0   0.00% |  -0.2524 |  0.5948
  186 |  0.1217      0   0.00% |  -0.2526 |  0.5923
  187 |  0.1220      0   0.00% |  -0.2522 |  0.5921
  188 |  0.1219      0   0.00% |  -0.2523 |  0.5911
  189 |  0.1213      0   0.00% |  -0.2529 |  0.5924
  190 |  0.1215      0   0.00% |  -0.2527 |  0.5932
  191 |  0.1213      0   0.00% |  -0.2529 |  0.5921
  192 |  0.1216      0   0.00% |  -0.2526 |  0.5937
  193 |  0.1221      0   0.00% |  -0.2521 |  0.5912
  194 |  0.1216      0   0.00% |  -0.2526 |  0.5937
  195 |  0.1204      0   0.00% |  -0.2538 |  0.5911
  196 |  0.1215      0   0.00% |  -0.2528 |  0.5918
  197 |  0.1210      0   0.00% |  -0.2533 |  0.5933
  198 |  0.1204      0   0.00% |  -0.2538 |  0.5920
  199 |  0.1199      0   0.00% |  -0.2544 |  0.5907
  200 |  0.1210      0   0.00% |  -0.2532 |  0.5919
  201 |  0.1220      0   0.00% |  -0.2522 |  0.5929
  202 |  0.1206      0   0.00% |  -0.2537 |  0.5900
  203 |  0.1198      0   0.00% |  -0.2545 |  0.5917
  204 |  0.1196      0   0.00% |  -0.2547 |  0.5899
  205 |  0.1224      0   0.00% |  -0.2519 |  0.5934
  206 |  0.1205      0   0.00% |  -0.2537 |  0.5929
  207 |  0.1209      0   0.00% |  -0.2533 |  0.5920
  208 |  0.1208      0   0.00% |  -0.2534 |  0.5916
  209 |  0.1211      0   0.00% |  -0.2531 |  0.5908
  210 |  0.1205      0   0.00% |  -0.2537 |  0.5950
  211 |  0.1207      0   0.00% |  -0.2535 |  0.5926
  212 |  0.1205      0   0.00% |  -0.2538 |  0.5922
  213 |  0.1209      0   0.00% |  -0.2533 |  0.5919
  214 |  0.1205      0   0.00% |  -0.2537 |  0.5953
  215 |  0.1207      0   0.00% |  -0.2535 |  0.5951
  216 |  0.1207      0   0.00% |  -0.2536 |  0.5962
  217 |  0.1199      0   0.00% |  -0.2543 |  0.5929
  218 |  0.1206      0   0.00% |  -0.2537 |  0.5905
  219 |  0.1203      0   0.00% |  -0.2539 |  0.5937
  220 |  0.1208      0   0.00% |  -0.2534 |  0.5928
  221 |  0.1202      0   0.00% |  -0.2540 |  0.5909
  222 |  0.1202      0   0.00% |  -0.2541 |  0.5920
  223 |  0.1197      0   0.00% |  -0.2546 |  0.5908
  224 |  0.1197      0   0.00% |  -0.2545 |  0.5922
  225 |  0.1202      0   0.00% |  -0.2540 |  0.5944
  226 |  0.1212      0   0.00% |  -0.2530 |  0.5916
  227 |  0.1195      0   0.00% |  -0.2547 |  0.5915
  228 |  0.1203      0   0.00% |  -0.2539 |  0.5945
  229 |  0.1205      0   0.00% |  -0.2537 |  0.5963
  230 |  0.1200      0   0.00% |  -0.2542 |  0.5901
  231 |  0.1201      0   0.00% |  -0.2541 |  0.5912
  232 |  0.1193      0   0.00% |  -0.2549 |  0.5928
  233 |  0.1186      0   0.00% |  -0.2557 |  0.5898
  234 |  0.1211      0   0.00% |  -0.2531 |  0.5935
  235 |  0.1211      0   0.00% |  -0.2531 |  0.5936
  236 |  0.1198      0   0.00% |  -0.2544 |  0.5944
  237 |  0.1195      0   0.00% |  -0.2547 |  0.5916
  238 |  0.1199      0   0.00% |  -0.2543 |  0.5931
  239 |  0.1202      0   0.00% |  -0.2541 |  0.5957
  240 |  0.1197      0   0.00% |  -0.2545 |  0.5915
  241 |  0.1202      0   0.00% |  -0.2540 |  0.5943
  242 |  0.1195      0   0.00% |  -0.2547 |  0.5942
  243 |  0.1194      0   0.00% |  -0.2548 |  0.5932
  244 |  0.1190      0   0.00% |  -0.2552 |  0.5930
  245 |  0.1212      0   0.00% |  -0.2530 |  0.5916
  246 |  0.1208      0   0.00% |  -0.2534 |  0.5947
  247 |  0.1195      0   0.00% |  -0.2547 |  0.5934
  248 |  0.1189      0   0.00% |  -0.2554 |  0.5929
  249 |  0.1192      0   0.00% |  -0.2550 |  0.5936
  250 |  0.1198      0   0.00% |  -0.2544 |  0.5919
  251 |  0.1195      0   0.00% |  -0.2547 |  0.5917
  252 |  0.1190      0   0.00% |  -0.2552 |  0.5933
  253 |  0.1203      0   0.00% |  -0.2539 |  0.5950
  254 |  0.1206      0   0.00% |  -0.2537 |  0.5953
  255 |  0.1193      0   0.00% |  -0.2549 |  0.5926
  256 |  0.1203      0   0.00% |  -0.2539 |  0.5900

학습 세그먼트(16): acc 0.3742  완답 0/2048 (0.00%)
최고 acc:  seg 1  0.5948  (+0.2205)
최고 완답: seg 1  0/2048  (+0)

저장: /root/LinearTuring/2026-09-01/results/json/seg_extrap_diag_zero.json
