  누락(기본값 사용): ['inner.gain_raw']
step=228501  weights=ema  loops=257  npi=1
  λ=1.0
  δ=0.4906  G=1.0000
  batch 1/8  37s
  batch 2/8  74s
  batch 3/8  110s
  batch 4/8  147s
  batch 5/8  184s
  batch 6/8  220s
  batch 7/8  257s
  batch 8/8  293s

  seg |     acc  exact  exact% |     Δacc |   churn
    1 |  0.6692     46   2.25% |  -0.1514 |  0.0000
    2 |  0.7205     53   2.59% |  -0.1001 |  0.1809
    3 |  0.7516     95   4.64% |  -0.0690 |  0.1122
    4 |  0.7774    287  14.01% |  -0.0432 |  0.0760
    5 |  0.7925    501  24.46% |  -0.0280 |  0.0541
    6 |  0.7997    629  30.71% |  -0.0209 |  0.0439
    7 |  0.8054    722  35.25% |  -0.0151 |  0.0388
    8 |  0.8096    783  38.23% |  -0.0110 |  0.0358
    9 |  0.8123    825  40.28% |  -0.0082 |  0.0340
   10 |  0.8139    864  42.19% |  -0.0067 |  0.0339
   11 |  0.8153    890  43.46% |  -0.0053 |  0.0329
   12 |  0.8166    912  44.53% |  -0.0040 |  0.0331
   13 |  0.8168    925  45.17% |  -0.0037 |  0.0337
   14 |  0.8177    949  46.34% |  -0.0029 |  0.0352
   15 |  0.8184    956  46.68% |  -0.0021 |  0.0358
   16 |  0.8206    969  47.31% |  +0.0000 |  0.0374 ←학습
   17 |  0.8207    981  47.90% |  +0.0002 |  0.0381
   18 |  0.8222    986  48.14% |  +0.0017 |  0.0393
   19 |  0.8233    994  48.54% |  +0.0028 |  0.0394
   20 |  0.8215    997  48.68% |  +0.0009 |  0.0393
   21 |  0.8222   1004  49.02% |  +0.0016 |  0.0401
   22 |  0.8226   1011  49.37% |  +0.0020 |  0.0410
   23 |  0.8236   1015  49.56% |  +0.0030 |  0.0407
   24 |  0.8243   1021  49.85% |  +0.0038 |  0.0405
   25 |  0.8252   1027  50.15% |  +0.0046 |  0.0410
   26 |  0.8242   1030  50.29% |  +0.0037 |  0.0406
   27 |  0.8251   1032  50.39% |  +0.0045 |  0.0418
   28 |  0.8257   1036  50.59% |  +0.0051 |  0.0408
   29 |  0.8251   1036  50.59% |  +0.0046 |  0.0411
   30 |  0.8260   1038  50.68% |  +0.0054 |  0.0421
   31 |  0.8263   1041  50.83% |  +0.0057 |  0.0414
   32 |  0.8255   1042  50.88% |  +0.0049 |  0.0414
   33 |  0.8260   1045  51.03% |  +0.0054 |  0.0407
   34 |  0.8259   1047  51.12% |  +0.0053 |  0.0415
   35 |  0.8267   1048  51.17% |  +0.0062 |  0.0418
   36 |  0.8268   1049  51.22% |  +0.0062 |  0.0421
   37 |  0.8259   1049  51.22% |  +0.0053 |  0.0420
   38 |  0.8261   1050  51.27% |  +0.0055 |  0.0409
   39 |  0.8266   1052  51.37% |  +0.0061 |  0.0423
   40 |  0.8269   1052  51.37% |  +0.0063 |  0.0415
   41 |  0.8273   1053  51.42% |  +0.0067 |  0.0414
   42 |  0.8272   1053  51.42% |  +0.0066 |  0.0425
   43 |  0.8269   1054  51.46% |  +0.0064 |  0.0425
   44 |  0.8276   1054  51.46% |  +0.0070 |  0.0417
   45 |  0.8271   1054  51.46% |  +0.0065 |  0.0414
   46 |  0.8278   1055  51.51% |  +0.0072 |  0.0411
   47 |  0.8276   1057  51.61% |  +0.0070 |  0.0416
   48 |  0.8271   1058  51.66% |  +0.0065 |  0.0420
   49 |  0.8275   1058  51.66% |  +0.0070 |  0.0415
   50 |  0.8275   1059  51.71% |  +0.0069 |  0.0411
   51 |  0.8277   1060  51.76% |  +0.0071 |  0.0416
   52 |  0.8289   1061  51.81% |  +0.0084 |  0.0411
   53 |  0.8283   1062  51.86% |  +0.0078 |  0.0420
   54 |  0.8281   1062  51.86% |  +0.0075 |  0.0416
   55 |  0.8285   1065  52.00% |  +0.0080 |  0.0409
   56 |  0.8292   1065  52.00% |  +0.0086 |  0.0417
   57 |  0.8287   1066  52.05% |  +0.0082 |  0.0411
   58 |  0.8292   1066  52.05% |  +0.0086 |  0.0423
   59 |  0.8287   1067  52.10% |  +0.0082 |  0.0420
   60 |  0.8290   1068  52.15% |  +0.0084 |  0.0415
   61 |  0.8292   1068  52.15% |  +0.0086 |  0.0410
   62 |  0.8288   1068  52.15% |  +0.0082 |  0.0413
   63 |  0.8294   1070  52.25% |  +0.0088 |  0.0406
   64 |  0.8291   1070  52.25% |  +0.0085 |  0.0410
   65 |  0.8287   1070  52.25% |  +0.0082 |  0.0414
   66 |  0.8293   1070  52.25% |  +0.0087 |  0.0427
   67 |  0.8299   1072  52.34% |  +0.0094 |  0.0424
   68 |  0.8293   1072  52.34% |  +0.0088 |  0.0415
   69 |  0.8293   1073  52.39% |  +0.0087 |  0.0412
   70 |  0.8289   1073  52.39% |  +0.0083 |  0.0402
   71 |  0.8291   1073  52.39% |  +0.0086 |  0.0411
   72 |  0.8293   1073  52.39% |  +0.0087 |  0.0415
   73 |  0.8295   1074  52.44% |  +0.0090 |  0.0417
   74 |  0.8293   1074  52.44% |  +0.0088 |  0.0412
   75 |  0.8296   1076  52.54% |  +0.0091 |  0.0411
   76 |  0.8304   1076  52.54% |  +0.0098 |  0.0409
   77 |  0.8299   1076  52.54% |  +0.0094 |  0.0408
   78 |  0.8297   1076  52.54% |  +0.0091 |  0.0418
   79 |  0.8301   1078  52.64% |  +0.0095 |  0.0422
   80 |  0.8302   1078  52.64% |  +0.0096 |  0.0408
   81 |  0.8297   1078  52.64% |  +0.0091 |  0.0410
   82 |  0.8307   1078  52.64% |  +0.0102 |  0.0398
   83 |  0.8307   1079  52.69% |  +0.0102 |  0.0404
   84 |  0.8310   1079  52.69% |  +0.0105 |  0.0397
   85 |  0.8293   1079  52.69% |  +0.0088 |  0.0400
   86 |  0.8305   1080  52.73% |  +0.0099 |  0.0405
   87 |  0.8302   1080  52.73% |  +0.0097 |  0.0395
   88 |  0.8304   1080  52.73% |  +0.0098 |  0.0392
   89 |  0.8304   1080  52.73% |  +0.0098 |  0.0395
   90 |  0.8300   1080  52.73% |  +0.0094 |  0.0406
   91 |  0.8299   1080  52.73% |  +0.0094 |  0.0408
   92 |  0.8308   1080  52.73% |  +0.0102 |  0.0397
   93 |  0.8309   1080  52.73% |  +0.0103 |  0.0398
   94 |  0.8305   1080  52.73% |  +0.0099 |  0.0401
   95 |  0.8304   1080  52.73% |  +0.0099 |  0.0406
   96 |  0.8301   1080  52.73% |  +0.0096 |  0.0406
   97 |  0.8301   1081  52.78% |  +0.0096 |  0.0400
   98 |  0.8305   1081  52.78% |  +0.0100 |  0.0404
   99 |  0.8306   1081  52.78% |  +0.0101 |  0.0410
  100 |  0.8309   1081  52.78% |  +0.0104 |  0.0411
  101 |  0.8317   1081  52.78% |  +0.0111 |  0.0410
  102 |  0.8308   1082  52.83% |  +0.0102 |  0.0397
  103 |  0.8307   1082  52.83% |  +0.0102 |  0.0403
  104 |  0.8300   1082  52.83% |  +0.0094 |  0.0412
  105 |  0.8301   1083  52.88% |  +0.0096 |  0.0414
  106 |  0.8308   1083  52.88% |  +0.0102 |  0.0411
  107 |  0.8306   1083  52.88% |  +0.0101 |  0.0408
  108 |  0.8312   1083  52.88% |  +0.0106 |  0.0408
  109 |  0.8318   1084  52.93% |  +0.0113 |  0.0410
  110 |  0.8307   1084  52.93% |  +0.0101 |  0.0416
  111 |  0.8298   1084  52.93% |  +0.0093 |  0.0413
  112 |  0.8305   1084  52.93% |  +0.0099 |  0.0413
  113 |  0.8308   1084  52.93% |  +0.0103 |  0.0398
  114 |  0.8310   1084  52.93% |  +0.0104 |  0.0407
  115 |  0.8311   1084  52.93% |  +0.0105 |  0.0407
  116 |  0.8303   1084  52.93% |  +0.0098 |  0.0406
  117 |  0.8310   1084  52.93% |  +0.0105 |  0.0406
  118 |  0.8310   1084  52.93% |  +0.0104 |  0.0398
  119 |  0.8309   1086  53.03% |  +0.0103 |  0.0394
  120 |  0.8304   1086  53.03% |  +0.0098 |  0.0400
  121 |  0.8308   1086  53.03% |  +0.0103 |  0.0399
  122 |  0.8310   1086  53.03% |  +0.0104 |  0.0406
  123 |  0.8306   1086  53.03% |  +0.0100 |  0.0403
  124 |  0.8311   1086  53.03% |  +0.0106 |  0.0392
  125 |  0.8301   1086  53.03% |  +0.0095 |  0.0404
  126 |  0.8309   1086  53.03% |  +0.0104 |  0.0399
  127 |  0.8302   1086  53.03% |  +0.0096 |  0.0407
  128 |  0.8312   1086  53.03% |  +0.0106 |  0.0404
  129 |  0.8310   1086  53.03% |  +0.0105 |  0.0403
  130 |  0.8315   1086  53.03% |  +0.0109 |  0.0391
  131 |  0.8309   1086  53.03% |  +0.0103 |  0.0386
  132 |  0.8307   1086  53.03% |  +0.0102 |  0.0408
  133 |  0.8305   1086  53.03% |  +0.0099 |  0.0402
  134 |  0.8306   1086  53.03% |  +0.0101 |  0.0404
  135 |  0.8302   1086  53.03% |  +0.0096 |  0.0395
  136 |  0.8307   1086  53.03% |  +0.0101 |  0.0398
  137 |  0.8307   1086  53.03% |  +0.0101 |  0.0397
  138 |  0.8310   1086  53.03% |  +0.0104 |  0.0407
  139 |  0.8313   1086  53.03% |  +0.0107 |  0.0400
  140 |  0.8310   1086  53.03% |  +0.0104 |  0.0388
  141 |  0.8310   1086  53.03% |  +0.0104 |  0.0405
  142 |  0.8303   1087  53.08% |  +0.0097 |  0.0398
  143 |  0.8307   1087  53.08% |  +0.0101 |  0.0398
  144 |  0.8310   1087  53.08% |  +0.0104 |  0.0400
  145 |  0.8305   1087  53.08% |  +0.0099 |  0.0402
  146 |  0.8308   1087  53.08% |  +0.0103 |  0.0395
  147 |  0.8310   1087  53.08% |  +0.0104 |  0.0400
  148 |  0.8308   1087  53.08% |  +0.0103 |  0.0410
  149 |  0.8309   1087  53.08% |  +0.0103 |  0.0409
  150 |  0.8316   1087  53.08% |  +0.0111 |  0.0411
  151 |  0.8309   1087  53.08% |  +0.0103 |  0.0398
  152 |  0.8304   1087  53.08% |  +0.0098 |  0.0401
  153 |  0.8314   1088  53.12% |  +0.0109 |  0.0396
  154 |  0.8310   1088  53.12% |  +0.0105 |  0.0409
  155 |  0.8319   1088  53.12% |  +0.0113 |  0.0405
  156 |  0.8314   1088  53.12% |  +0.0108 |  0.0397
  157 |  0.8312   1089  53.17% |  +0.0107 |  0.0398
  158 |  0.8314   1089  53.17% |  +0.0109 |  0.0393
  159 |  0.8305   1089  53.17% |  +0.0099 |  0.0400
  160 |  0.8308   1089  53.17% |  +0.0102 |  0.0406
  161 |  0.8314   1090  53.22% |  +0.0108 |  0.0397
  162 |  0.8303   1090  53.22% |  +0.0097 |  0.0397
  163 |  0.8307   1090  53.22% |  +0.0101 |  0.0409
  164 |  0.8306   1090  53.22% |  +0.0101 |  0.0406
  165 |  0.8311   1090  53.22% |  +0.0105 |  0.0405
  166 |  0.8313   1091  53.27% |  +0.0107 |  0.0406
  167 |  0.8319   1091  53.27% |  +0.0113 |  0.0394
  168 |  0.8313   1091  53.27% |  +0.0107 |  0.0392
  169 |  0.8312   1091  53.27% |  +0.0106 |  0.0400
  170 |  0.8317   1092  53.32% |  +0.0112 |  0.0403
  171 |  0.8314   1092  53.32% |  +0.0108 |  0.0399
  172 |  0.8314   1092  53.32% |  +0.0108 |  0.0393
  173 |  0.8316   1092  53.32% |  +0.0110 |  0.0396
  174 |  0.8313   1092  53.32% |  +0.0108 |  0.0394
  175 |  0.8316   1092  53.32% |  +0.0111 |  0.0391
  176 |  0.8313   1092  53.32% |  +0.0107 |  0.0388
  177 |  0.8311   1092  53.32% |  +0.0106 |  0.0409
  178 |  0.8316   1092  53.32% |  +0.0110 |  0.0405
  179 |  0.8315   1092  53.32% |  +0.0110 |  0.0401
  180 |  0.8312   1093  53.37% |  +0.0107 |  0.0408
  181 |  0.8315   1093  53.37% |  +0.0109 |  0.0397
  182 |  0.8310   1093  53.37% |  +0.0104 |  0.0401
  183 |  0.8317   1093  53.37% |  +0.0112 |  0.0407
  184 |  0.8319   1093  53.37% |  +0.0113 |  0.0399
  185 |  0.8314   1093  53.37% |  +0.0109 |  0.0395
  186 |  0.8321   1094  53.42% |  +0.0115 |  0.0406
  187 |  0.8319   1094  53.42% |  +0.0114 |  0.0404
  188 |  0.8315   1094  53.42% |  +0.0109 |  0.0400
  189 |  0.8314   1094  53.42% |  +0.0109 |  0.0411
  190 |  0.8321   1094  53.42% |  +0.0115 |  0.0409
  191 |  0.8316   1094  53.42% |  +0.0110 |  0.0402
  192 |  0.8319   1094  53.42% |  +0.0113 |  0.0389
  193 |  0.8314   1094  53.42% |  +0.0108 |  0.0389
  194 |  0.8321   1094  53.42% |  +0.0115 |  0.0396
  195 |  0.8313   1094  53.42% |  +0.0107 |  0.0398
  196 |  0.8320   1094  53.42% |  +0.0114 |  0.0394
  197 |  0.8317   1094  53.42% |  +0.0111 |  0.0397
  198 |  0.8313   1094  53.42% |  +0.0108 |  0.0396
  199 |  0.8311   1094  53.42% |  +0.0106 |  0.0403
  200 |  0.8315   1094  53.42% |  +0.0110 |  0.0396
  201 |  0.8316   1094  53.42% |  +0.0111 |  0.0390
  202 |  0.8323   1094  53.42% |  +0.0118 |  0.0401
  203 |  0.8317   1094  53.42% |  +0.0111 |  0.0395
  204 |  0.8311   1094  53.42% |  +0.0106 |  0.0393
  205 |  0.8318   1094  53.42% |  +0.0112 |  0.0396
  206 |  0.8320   1094  53.42% |  +0.0115 |  0.0401
  207 |  0.8321   1094  53.42% |  +0.0115 |  0.0411
  208 |  0.8323   1094  53.42% |  +0.0118 |  0.0405
  209 |  0.8323   1094  53.42% |  +0.0117 |  0.0395
  210 |  0.8308   1094  53.42% |  +0.0103 |  0.0398
  211 |  0.8315   1094  53.42% |  +0.0109 |  0.0404
  212 |  0.8315   1094  53.42% |  +0.0109 |  0.0401
  213 |  0.8314   1094  53.42% |  +0.0108 |  0.0409
  214 |  0.8320   1094  53.42% |  +0.0114 |  0.0411
  215 |  0.8312   1094  53.42% |  +0.0106 |  0.0401
  216 |  0.8310   1094  53.42% |  +0.0104 |  0.0393
  217 |  0.8315   1094  53.42% |  +0.0110 |  0.0396
  218 |  0.8311   1094  53.42% |  +0.0105 |  0.0404
  219 |  0.8313   1094  53.42% |  +0.0108 |  0.0406
  220 |  0.8314   1094  53.42% |  +0.0109 |  0.0404
  221 |  0.8319   1094  53.42% |  +0.0113 |  0.0402
  222 |  0.8321   1094  53.42% |  +0.0115 |  0.0397
  223 |  0.8320   1095  53.47% |  +0.0114 |  0.0396
  224 |  0.8319   1095  53.47% |  +0.0114 |  0.0404
  225 |  0.8319   1095  53.47% |  +0.0114 |  0.0403
  226 |  0.8318   1095  53.47% |  +0.0112 |  0.0400
  227 |  0.8315   1095  53.47% |  +0.0109 |  0.0403
  228 |  0.8320   1095  53.47% |  +0.0114 |  0.0395
  229 |  0.8316   1095  53.47% |  +0.0111 |  0.0397
  230 |  0.8323   1095  53.47% |  +0.0117 |  0.0383
  231 |  0.8316   1095  53.47% |  +0.0111 |  0.0384
  232 |  0.8325   1095  53.47% |  +0.0119 |  0.0404
  233 |  0.8322   1095  53.47% |  +0.0116 |  0.0400
  234 |  0.8319   1096  53.52% |  +0.0113 |  0.0405
  235 |  0.8322   1096  53.52% |  +0.0117 |  0.0400
  236 |  0.8313   1096  53.52% |  +0.0107 |  0.0394
  237 |  0.8324   1096  53.52% |  +0.0118 |  0.0408
  238 |  0.8324   1096  53.52% |  +0.0119 |  0.0393
  239 |  0.8324   1096  53.52% |  +0.0118 |  0.0391
  240 |  0.8316   1096  53.52% |  +0.0110 |  0.0391
  241 |  0.8322   1096  53.52% |  +0.0116 |  0.0404
  242 |  0.8318   1096  53.52% |  +0.0112 |  0.0393
  243 |  0.8327   1096  53.52% |  +0.0122 |  0.0395
  244 |  0.8322   1096  53.52% |  +0.0116 |  0.0393
  245 |  0.8323   1096  53.52% |  +0.0118 |  0.0397
  246 |  0.8313   1096  53.52% |  +0.0107 |  0.0401
  247 |  0.8319   1096  53.52% |  +0.0113 |  0.0398
  248 |  0.8317   1096  53.52% |  +0.0111 |  0.0397
  249 |  0.8316   1096  53.52% |  +0.0110 |  0.0400
  250 |  0.8316   1096  53.52% |  +0.0111 |  0.0406
  251 |  0.8318   1096  53.52% |  +0.0113 |  0.0406
  252 |  0.8316   1096  53.52% |  +0.0111 |  0.0389
  253 |  0.8324   1096  53.52% |  +0.0118 |  0.0395
  254 |  0.8318   1096  53.52% |  +0.0113 |  0.0393
  255 |  0.8328   1096  53.52% |  +0.0122 |  0.0401
  256 |  0.8317   1096  53.52% |  +0.0111 |  0.0398

학습 세그먼트(16): acc 0.8206  완답 969/2048 (47.31%)
최고 acc:  seg 255  0.8328  (+0.0122)
최고 완답: seg 234  1096/2048  (+127)

저장: /root/LinearTuring/2026-09-01/results/json/seg_extrap_stdp1.json
