HRM  파라미터 27.28M  halt_max_steps=257  ACT=off  N=2048
  H_cycles=2 L_cycles=2 H_layers=4 L_layers=4 hidden=512
  batch 1/8  42s
  batch 2/8  84s
  batch 3/8  127s
  batch 4/8  169s
  batch 5/8  211s
  batch 6/8  254s
  batch 7/8  296s
  batch 8/8  338s

  seg |     acc    완답     완답% |     Δ%p |    churn | halted
    1 |  0.6804    35   1.71% | -52.39 |  0.00000 |  0.000
    4 |  0.7951   694  33.89% | -20.21 |  0.10029 |  0.000
    8 |  0.8239   991  48.39% |  -5.71 |  0.06341 |  0.000
   16 |  0.8365  1108  54.10% |  +0.00 |  0.05519 |  0.000
   24 |  0.8430  1159  56.59% |  +2.49 |  0.05169 |  0.000
   32 |  0.8466  1183  57.76% |  +3.66 |  0.05024 |  0.000
   48 |  0.8498  1213  59.23% |  +5.13 |  0.04827 |  0.000
   64 |  0.8519  1229  60.01% |  +5.91 |  0.04675 |  0.000
   96 |  0.8545  1246  60.84% |  +6.74 |  0.04709 |  0.000
  128 |  0.8562  1258  61.43% |  +7.32 |  0.04493 |  0.000
  192 |  0.8576  1277  62.35% |  +8.25 |  0.04475 |  0.000
  256 |  0.8598  1284  62.70% |  +8.59 |  0.04315 |  0.000

학습 세그먼트(16): acc 0.8365  완답 1108/2048 (54.10%)
최고 acc  : seg 253  0.8604 (+0.0239)
최고 완답 : seg 247  1284 (62.70%, +8.59%p)

저장: /root/LinearTuring/2026-09-01/results/json/seg_extrap_hrm.json
