step=310527  N=256  최종 완답 81.64%

[대각의 균일성]  칸 간 표준편차 / 평균 = 변동계수
  seg |       평균      칸간 표준편차      변동계수 |      헤드간 표준편차
    1 |   0.6471       0.0081    0.0124 |        0.1189
    8 |   0.6610       0.0079    0.0120 |        0.0975
   16 |   0.6642       0.0084    0.0126 |        0.0970
   32 |   0.6639       0.0087    0.0131 |        0.0983
   64 |   0.6625       0.0082    0.0124 |        0.1007
  128 |   0.6620       0.0078    0.0118 |        0.1024
  192 |   0.6618       0.0077    0.0116 |        0.1029

[칸 범주별 대각 평균]  선택기라면 '빈칸-정답' 이 '빈칸-오답' 보다 커야 한다
  seg |       단서칸      빈칸-정답      빈칸-오답 |      정답−오답      (표준편차 대비)
    1 |    0.6480     0.6466     0.6470 |    -0.0004         -0.052σ
    8 |    0.6627     0.6601     0.6619 |    -0.0018         -0.229σ
   16 |    0.6658     0.6633     0.6651 |    -0.0018         -0.217σ
   32 |    0.6651     0.6631     0.6645 |    -0.0013         -0.154σ
   64 |    0.6630     0.6623     0.6629 |    -0.0007         -0.084σ
  128 |    0.6616     0.6621     0.6622 |    -0.0001         -0.010σ
  192 |    0.6612     0.6621     0.6621 |    +0.0000         +0.001σ

[참고] 커널 대각 a_tt: 평균 -0.4582  칸간 표준편차 0.0618  변동계수 0.1350
[상관] w_tt 와 최종 정답 여부의 헤드별 피어슨 r: -0.088 -0.029 -0.211 -0.022 +0.010 +0.087 +0.001 -0.037
       |r| 최대 0.211
