  0%|          | 200/390625 [01:52<40:47:52,  2.66it/s][LT] step 200  lm_loss 2.2161  acc 0.0000  exact 0.0000 (~0/128)
  0%|          | 400/390625 [03:08<40:59:32,  2.64it/s][LT] step 400  lm_loss 1.9668  acc 0.4679  exact 0.0000 (~0/128)
  0%|          | 600/390625 [04:23<40:53:48,  2.65it/s][LT] step 600  lm_loss 1.8317  acc 0.0000  exact 0.0000 (~0/128)
  0%|          | 800/390625 [05:39<40:57:25,  2.64it/s][LT] step 800  lm_loss 1.7006  acc 0.5490  exact 0.0000 (~0/128)
  0%|          | 1000/390625 [06:55<40:47:05,  2.65it/s][LT] step 1000  lm_loss 1.6301  acc 0.0000  exact 0.0000 (~0/128)
  0%|          | 1200/390625 [08:10<40:51:32,  2.65it/s][LT] step 1200  lm_loss 1.5030  acc 0.5769  exact 0.0000 (~0/128)
  0%|          | 1400/390625 [09:26<40:44:17,  2.65it/s][LT] step 1400  lm_loss 1.4473  acc 0.0000  exact 0.0000 (~0/128)
  0%|          | 1600/390625 [10:41<40:42:19,  2.65it/s][LT] step 1600  lm_loss 1.3091  acc 0.5997  exact 0.0000 (~0/128)
  0%|          | 1800/390625 [11:57<40:46:14,  2.65it/s][LT] step 1800  lm_loss 1.2839  acc 0.0000  exact 0.0000 (~0/128)
[EVAL] step 1953  set all  acc 0.5096  exact 0/2048
  1%|          | 2000/390625 [14:00<40:43:48,  2.65it/s][LT] step 2000  lm_loss 1.1476  acc 0.6305  exact 0.0000 (~0/128)
  1%|          | 2200/390625 [15:15<40:56:36,  2.64it/s][LT] step 2200  lm_loss 1.1767  acc 0.0000  exact 0.0000 (~0/128)
  1%|          | 2400/390625 [16:31<40:45:04,  2.65it/s][LT] step 2400  lm_loss 1.0182  acc 0.6595  exact 0.0000 (~0/128)
  1%|          | 2600/390625 [17:46<40:48:23,  2.64it/s][LT] step 2600  lm_loss 1.0646  acc 0.0000  exact 0.0000 (~0/128)
  1%|          | 2800/390625 [19:02<40:39:46,  2.65it/s][LT] step 2800  lm_loss 0.9023  acc 0.6992  exact 0.0000 (~0/128)
  1%|          | 3000/390625 [20:18<40:42:55,  2.64it/s][LT] step 3000  lm_loss 0.9789  acc 0.0000  exact 0.0000 (~0/128)
  1%|          | 3200/390625 [21:33<40:44:56,  2.64it/s][LT] step 3200  lm_loss 0.8337  acc 0.7183  exact 0.0000 (~0/128)
  1%|          | 3400/390625 [22:49<40:35:53,  2.65it/s][LT] step 3400  lm_loss 0.9151  acc 0.0000  exact 0.0000 (~0/128)
  1%|          | 3600/390625 [24:04<40:28:11,  2.66it/s][LT] step 3600  lm_loss 0.7493  acc 0.7529  exact 0.0391 (~5/128)
  1%|          | 3800/390625 [25:20<40:35:40,  2.65it/s][LT] step 3800  lm_loss 0.8970  acc 0.0000  exact 0.0000 (~0/128)
[EVAL] step 3906  set all  acc 0.6049  exact 0/2048
  1%|          | 4000/390625 [27:23<40:26:47,  2.66it/s][LT] step 4000  lm_loss 0.8165  acc 0.7102  exact 0.0078 (~1/128)
  1%|          | 4200/390625 [28:38<40:25:57,  2.65it/s][LT] step 4200  lm_loss 0.8702  acc 0.0000  exact 0.0000 (~0/128)
  1%|          | 4400/390625 [29:54<40:33:55,  2.64it/s][LT] step 4400  lm_loss 0.7177  acc 0.7520  exact 0.0156 (~2/128)
  1%|          | 4600/390625 [31:09<40:25:42,  2.65it/s][LT] step 4600  lm_loss 0.8333  acc 0.0000  exact 0.0000 (~0/128)
  1%|          | 4800/390625 [32:25<40:25:02,  2.65it/s][LT] step 4800  lm_loss 0.6636  acc 0.7840  exact 0.0312 (~4/128)
  1%|▏         | 5000/390625 [33:40<40:20:23,  2.66it/s][LT] step 5000  lm_loss 0.8401  acc 0.0000  exact 0.0000 (~0/128)
  1%|▏         | 5200/390625 [34:56<40:40:29,  2.63it/s][LT] step 5200  lm_loss 0.6573  acc 0.7760  exact 0.0391 (~5/128)
  1%|▏         | 5400/390625 [36:12<40:25:41,  2.65it/s][LT] step 5400  lm_loss 0.8156  acc 0.0000  exact 0.0000 (~0/128)
  1%|▏         | 5600/390625 [37:27<40:20:20,  2.65it/s][LT] step 5600  lm_loss 0.6503  acc 0.7796  exact 0.0391 (~5/128)
  1%|▏         | 5800/390625 [38:43<40:23:21,  2.65it/s][LT] step 5800  lm_loss 0.7936  acc 0.0000  exact 0.0000 (~0/128)
[EVAL] step 5859  set all  acc 0.6645  exact 48/2048
  2%|▏         | 6000/390625 [40:46<40:15:44,  2.65it/s][LT] step 6000  lm_loss 0.6377  acc 0.7866  exact 0.0156 (~2/128)
  2%|▏         | 6200/390625 [42:01<40:14:51,  2.65it/s][LT] step 6200  lm_loss 0.8164  acc 0.0000  exact 0.0000 (~0/128)
  2%|▏         | 6400/390625 [43:17<40:20:10,  2.65it/s][LT] step 6400  lm_loss 0.7005  acc 0.7575  exact 0.0078 (~1/128)
  2%|▏         | 6600/390625 [44:33<40:08:46,  2.66it/s][LT] step 6600  lm_loss 0.7538  acc 0.0000  exact 0.0000 (~0/128)
  2%|▏         | 6800/390625 [45:48<40:08:03,  2.66it/s][LT] step 6800  lm_loss 0.6891  acc 0.7553  exact 0.0234 (~3/128)
  2%|▏         | 7000/390625 [47:03<40:16:32,  2.65it/s][LT] step 7000  lm_loss 0.7812  acc 0.0000  exact 0.0000 (~0/128)
  2%|▏         | 7200/390625 [48:19<40:11:30,  2.65it/s][LT] step 7200  lm_loss 0.5894  acc 0.8108  exact 0.1641 (~21/128)
  2%|▏         | 7400/390625 [49:34<40:03:52,  2.66it/s][LT] step 7400  lm_loss 0.7354  acc 0.0000  exact 0.0000 (~0/128)
  2%|▏         | 7600/390625 [50:50<40:12:56,  2.65it/s][LT] step 7600  lm_loss 0.7380  acc 0.7333  exact 0.0234 (~3/128)
  2%|▏         | 7800/390625 [52:06<40:20:40,  2.64it/s][LT] step 7800  lm_loss 0.7586  acc 0.0000  exact 0.0000 (~0/128)
[EVAL] step 7812  set all  acc 0.6787  exact 53/2048
  2%|▏         | 8000/390625 [54:09<40:04:33,  2.65it/s][LT] step 8000  lm_loss 0.6195  acc 0.7948  exact 0.0469 (~6/128)
  2%|▏         | 8200/390625 [55:24<40:02:57,  2.65it/s][LT] step 8200  lm_loss 0.7434  acc 0.0000  exact 0.0000 (~0/128)
  2%|▏         | 8400/390625 [56:40<40:02:33,  2.65it/s][LT] step 8400  lm_loss 0.5530  acc 0.8246  exact 0.2266 (~29/128)
  2%|▏         | 8600/390625 [57:55<39:55:58,  2.66it/s][LT] step 8600  lm_loss 0.7938  acc 0.0000  exact 0.0000 (~0/128)
  2%|▏         | 8800/390625 [59:11<40:05:54,  2.65it/s][LT] step 8800  lm_loss 0.7129  acc 0.7361  exact 0.0234 (~3/128)
  2%|▏         | 9000/390625 [1:00:26<39:43:41,  2.67it/s][LT] step 9000  lm_loss 0.8135  acc 0.0000  exact 0.0000 (~0/128)
  2%|▏         | 9200/390625 [1:01:41<40:00:38,  2.65it/s][LT] step 9200  lm_loss 0.6696  acc 0.7749  exact 0.2422 (~31/128)
  2%|▏         | 9400/390625 [1:02:57<39:58:37,  2.65it/s][LT] step 9400  lm_loss 0.7525  acc 0.0000  exact 0.0000 (~0/128)
  2%|▏         | 9600/390625 [1:04:12<39:53:44,  2.65it/s][LT] step 9600  lm_loss 0.6642  acc 0.7755  exact 0.2109 (~27/128)
[EVAL] step 9765  set all  acc 0.6889  exact 86/2048
  3%|▎         | 9800/390625 [1:06:16<39:39:24,  2.67it/s][LT] step 9800  lm_loss 0.8044  acc 0.0000  exact 0.0000 (~0/128)
  3%|▎         | 10000/390625 [1:07:31<39:59:49,  2.64it/s][LT] step 10000  lm_loss 0.7559  acc 0.7172  exact 0.0312 (~4/128)
  3%|▎         | 10200/390625 [1:08:47<39:46:01,  2.66it/s][LT] step 10200  lm_loss 0.7630  acc 0.0000  exact 0.0000 (~0/128)
  3%|▎         | 10400/390625 [1:10:02<39:44:50,  2.66it/s][LT] step 10400  lm_loss 0.6358  acc 0.7739  exact 0.1953 (~25/128)
  3%|▎         | 10600/390625 [1:11:18<39:41:59,  2.66it/s][LT] step 10600  lm_loss 0.7711  acc 0.0000  exact 0.0000 (~0/128)
  3%|▎         | 10800/390625 [1:12:33<39:35:29,  2.66it/s][LT] step 10800  lm_loss 0.6953  acc 0.7492  exact 0.0547 (~7/128)
  3%|▎         | 11000/390625 [1:13:48<39:51:38,  2.65it/s][LT] step 11000  lm_loss 0.7676  acc 0.0000  exact 0.0000 (~0/128)
  3%|▎         | 11200/390625 [1:15:04<39:38:50,  2.66it/s][LT] step 11200  lm_loss 0.5799  acc 0.7946  exact 0.2734 (~35/128)
  3%|▎         | 11400/390625 [1:16:19<39:50:17,  2.64it/s][LT] step 11400  lm_loss 0.6958  acc 0.0000  exact 0.0000 (~0/128)
  3%|▎         | 11600/390625 [1:17:35<39:37:12,  2.66it/s][LT] step 11600  lm_loss 0.6662  acc 0.7492  exact 0.1250 (~16/128)
[EVAL] step 11718  set all  acc 0.7004  exact 266/2048
  3%|▎         | 11800/390625 [1:19:37<39:37:28,  2.66it/s][LT] step 11800  lm_loss 0.7287  acc 0.0000  exact 0.0000 (~0/128)
  3%|▎         | 12000/390625 [1:20:53<39:41:18,  2.65it/s][LT] step 12000  lm_loss 0.7113  acc 0.7317  exact 0.0391 (~5/128)
  3%|▎         | 12200/390625 [1:22:08<39:41:27,  2.65it/s][LT] step 12200  lm_loss 0.7486  acc 0.0000  exact 0.0000 (~0/128)
  3%|▎         | 12400/390625 [1:23:24<39:45:43,  2.64it/s][LT] step 12400  lm_loss 0.6814  acc 0.7358  exact 0.1406 (~18/128)
  3%|▎         | 12600/390625 [1:24:39<39:32:27,  2.66it/s][LT] step 12600  lm_loss 0.6680  acc 0.0000  exact 0.0000 (~0/128)
  3%|▎         | 12800/390625 [1:25:54<39:37:19,  2.65it/s][LT] step 12800  lm_loss 0.6768  acc 0.7350  exact 0.1250 (~16/128)
  3%|▎         | 13000/390625 [1:27:10<39:27:33,  2.66it/s][LT] step 13000  lm_loss 0.7705  acc 0.0000  exact 0.0000 (~0/128)
  3%|▎         | 13200/390625 [1:28:25<39:15:34,  2.67it/s][LT] step 13200  lm_loss 0.6532  acc 0.7541  exact 0.2344 (~30/128)
  3%|▎         | 13400/390625 [1:29:40<39:29:25,  2.65it/s][LT] step 13400  lm_loss 0.7435  acc 0.0000  exact 0.0000 (~0/128)
  3%|▎         | 13600/390625 [1:30:56<39:16:34,  2.67it/s][LT] step 13600  lm_loss 0.5903  acc 0.7814  exact 0.2266 (~29/128)
[EVAL] step 13671  set all  acc 0.7049  exact 341/2048
  4%|▎         | 13800/390625 [1:32:58<39:22:55,  2.66it/s][LT] step 13800  lm_loss 0.7358  acc 0.0000  exact 0.0000 (~0/128)
  4%|▎         | 14000/390625 [1:34:13<39:32:04,  2.65it/s][LT] step 14000  lm_loss 0.6481  acc 0.7489  exact 0.1719 (~22/128)
  4%|▎         | 14200/390625 [1:35:29<39:22:30,  2.66it/s][LT] step 14200  lm_loss 0.7610  acc 0.0000  exact 0.0000 (~0/128)
  4%|▎         | 14400/390625 [1:36:44<39:26:35,  2.65it/s][LT] step 14400  lm_loss 0.6415  acc 0.7555  exact 0.1875 (~24/128)
  4%|▎         | 14600/390625 [1:37:59<39:25:31,  2.65it/s][LT] step 14600  lm_loss 0.7263  acc 0.0000  exact 0.0000 (~0/128)
  4%|▍         | 14800/390625 [1:39:15<39:18:39,  2.66it/s][LT] step 14800  lm_loss 0.6450  acc 0.7605  exact 0.2422 (~31/128)
  4%|▍         | 15000/390625 [1:40:30<39:40:24,  2.63it/s][LT] step 15000  lm_loss 0.7422  acc 0.0000  exact 0.0000 (~0/128)
  4%|▍         | 15200/390625 [1:41:45<39:17:39,  2.65it/s][LT] step 15200  lm_loss 0.6828  acc 0.7361  exact 0.1641 (~21/128)
  4%|▍         | 15400/390625 [1:43:01<39:09:30,  2.66it/s][LT] step 15400  lm_loss 0.7591  acc 0.0000  exact 0.0000 (~0/128)
  4%|▍         | 15600/390625 [1:44:16<39:14:51,  2.65it/s][LT] step 15600  lm_loss 0.7297  acc 0.7213  exact 0.0391 (~5/128)
[EVAL] step 15624  set all  acc 0.7093  exact 372/2048
  4%|▍         | 15800/390625 [1:46:19<39:24:14,  2.64it/s][LT] step 15800  lm_loss 0.7157  acc 0.0000  exact 0.0000 (~0/128)
  4%|▍         | 16000/390625 [1:47:34<39:22:24,  2.64it/s][LT] step 16000  lm_loss 0.6895  acc 0.7233  exact 0.1172 (~15/128)
  4%|▍         | 16200/390625 [1:48:49<39:10:34,  2.65it/s][LT] step 16200  lm_loss 0.7398  acc 0.0000  exact 0.0000 (~0/128)
  4%|▍         | 16400/390625 [1:50:05<39:19:53,  2.64it/s][LT] step 16400  lm_loss 0.6778  acc 0.7346  exact 0.1406 (~18/128)
  4%|▍         | 16600/390625 [1:51:20<39:08:30,  2.65it/s][LT] step 16600  lm_loss 0.7452  acc 0.0000  exact 0.0000 (~0/128)
  4%|▍         | 16800/390625 [1:52:35<39:17:50,  2.64it/s][LT] step 16800  lm_loss 0.7362  acc 0.7152  exact 0.0781 (~10/128)
  4%|▍         | 17000/390625 [1:53:51<39:03:53,  2.66it/s][LT] step 17000  lm_loss 0.7588  acc 0.0000  exact 0.0000 (~0/128)
  4%|▍         | 17200/390625 [1:55:06<39:04:41,  2.65it/s][LT] step 17200  lm_loss 0.5799  acc 0.7792  exact 0.2656 (~34/128)
  4%|▍         | 17400/390625 [1:56:21<38:57:27,  2.66it/s][LT] step 17400  lm_loss 0.6807  acc 0.0000  exact 0.0000 (~0/128)
[EVAL] step 17577  set all  acc 0.7090  exact 388/2048
  5%|▍         | 17600/390625 [1:58:23<39:24:50,  2.63it/s][LT] step 17600  lm_loss 0.7426  acc 0.7140  exact 0.0547 (~7/128)
  5%|▍         | 17800/390625 [1:59:38<38:56:30,  2.66it/s][LT] step 17800  lm_loss 0.7099  acc 0.0000  exact 0.0000 (~0/128)
  5%|▍         | 18000/390625 [2:00:54<39:00:40,  2.65it/s][LT] step 18000  lm_loss 0.7155  acc 0.7079  exact 0.1562 (~20/128)
  5%|▍         | 18200/390625 [2:02:09<38:57:25,  2.66it/s][LT] step 18200  lm_loss 0.7553  acc 0.0000  exact 0.0000 (~0/128)
  5%|▍         | 18400/390625 [2:03:24<38:41:44,  2.67it/s][LT] step 18400  lm_loss 0.7203  acc 0.7179  exact 0.1172 (~15/128)
  5%|▍         | 18600/390625 [2:04:40<39:01:23,  2.65it/s][LT] step 18600  lm_loss 0.7093  acc 0.0000  exact 0.0000 (~0/128)
  5%|▍         | 18800/390625 [2:05:55<38:52:33,  2.66it/s][LT] step 18800  lm_loss 0.6419  acc 0.7583  exact 0.2188 (~28/128)
  5%|▍         | 19000/390625 [2:07:11<38:48:04,  2.66it/s][LT] step 19000  lm_loss 0.6867  acc 0.0000  exact 0.0000 (~0/128)
  5%|▍         | 19200/390625 [2:08:26<39:02:33,  2.64it/s][LT] step 19200  lm_loss 0.5556  acc 0.7909  exact 0.2812 (~36/128)
  5%|▍         | 19400/390625 [2:09:41<38:49:36,  2.66it/s][LT] step 19400  lm_loss 0.7032  acc 0.0000  exact 0.0000 (~0/128)
[EVAL] step 19530  set all  acc 0.7092  exact 377/2048
  5%|▌         | 19600/390625 [2:11:43<38:37:58,  2.67it/s][LT] step 19600  lm_loss 0.6540  acc 0.7425  exact 0.1875 (~24/128)
  5%|▌         | 19800/390625 [2:12:59<38:44:13,  2.66it/s][LT] step 19800  lm_loss 0.6941  acc 0.0000  exact 0.0000 (~0/128)
  5%|▌         | 20000/390625 [2:14:14<38:42:15,  2.66it/s][LT] step 20000  lm_loss 0.7812  acc 0.6857  exact 0.0625 (~8/128)
