  0%|          | 199/390625 [00:48<6:57:36, 15.58it/s][LT] step 200  lm_loss 1.7575  acc 0.0000  exact 0.0000 (~0/128)
  0%|          | 399/390625 [01:01<6:58:53, 15.53it/s][LT] step 400  lm_loss 1.4601  acc 0.4344  exact 0.0000 (~0/128)
  0%|          | 599/390625 [01:14<7:07:29, 15.21it/s][LT] step 600  lm_loss 1.4092  acc 0.0000  exact 0.0000 (~0/128)
  0%|          | 799/390625 [01:27<6:16:16, 17.27it/s][LT] step 800  lm_loss 1.3417  acc 0.4641  exact 0.0000 (~0/128)
  0%|          | 999/390625 [01:40<7:14:50, 14.93it/s][LT] step 1000  lm_loss 1.2576  acc 0.0000  exact 0.0000 (~0/128)
  0%|          | 1199/390625 [01:53<6:57:19, 15.55it/s][LT] step 1200  lm_loss 1.1345  acc 0.5161  exact 0.0000 (~0/128)
  0%|          | 1399/390625 [02:06<7:02:05, 15.37it/s][LT] step 1400  lm_loss 1.1335  acc 0.0000  exact 0.0000 (~0/128)
  0%|          | 1599/390625 [02:19<7:00:30, 15.42it/s][LT] step 1600  lm_loss 1.0149  acc 0.5639  exact 0.0000 (~0/128)
  0%|          | 1799/390625 [02:32<6:58:03, 15.50it/s][LT] step 1800  lm_loss 1.0579  acc 0.0000  exact 0.0000 (~0/128)
[EVAL] step 1953  set all  acc 0.4773  exact 0/2048
  1%|          | 2000/390625 [03:08<6:20:54, 17.00it/s][LT] step 2000  lm_loss 0.9439  acc 0.5976  exact 0.0000 (~0/128)
  1%|          | 2200/390625 [03:20<6:40:41, 16.16it/s][LT] step 2200  lm_loss 0.9868  acc 0.0000  exact 0.0000 (~0/128)
  1%|          | 2400/390625 [03:33<7:02:51, 15.30it/s][LT] step 2400  lm_loss 0.8313  acc 0.6451  exact 0.0000 (~0/128)
  1%|          | 2600/390625 [03:46<6:55:38, 15.56it/s][LT] step 2600  lm_loss 0.9000  acc 0.0000  exact 0.0000 (~0/128)
  1%|          | 2800/390625 [03:58<6:05:10, 17.70it/s][LT] step 2800  lm_loss 0.7374  acc 0.7108  exact 0.0000 (~0/128)
  1%|          | 3000/390625 [04:11<7:06:13, 15.16it/s][LT] step 3000  lm_loss 0.8345  acc 0.0000  exact 0.0000 (~0/128)
  1%|          | 3200/390625 [04:24<6:55:37, 15.54it/s][LT] step 3200  lm_loss 0.6719  acc 0.7226  exact 0.0156 (~2/128)
  1%|          | 3400/390625 [04:37<6:03:10, 17.77it/s][LT] step 3400  lm_loss 0.8049  acc 0.0000  exact 0.0000 (~0/128)
  1%|          | 3600/390625 [04:50<7:03:20, 15.24it/s][LT] step 3600  lm_loss 0.6712  acc 0.7339  exact 0.0000 (~0/128)
  1%|          | 3800/390625 [05:03<6:52:12, 15.64it/s][LT] step 3800  lm_loss 0.8034  acc 0.0000  exact 0.0000 (~0/128)
[EVAL] step 3906  set all  acc 0.6196  exact 0/2048
  1%|          | 3999/390625 [05:39<6:55:27, 15.51it/s][LT] step 4000  lm_loss 0.6937  acc 0.7444  exact 0.0128 (~2/128)
  1%|          | 4199/390625 [05:52<7:07:35, 15.06it/s][LT] step 4200  lm_loss 0.7860  acc 0.7253  exact 0.0000 (~0/128)
  1%|          | 4399/390625 [06:05<7:02:44, 15.23it/s][LT] step 4400  lm_loss 0.6881  acc 0.7664  exact 0.0000 (~0/128)
  1%|          | 4599/390625 [06:18<6:58:32, 15.37it/s][LT] step 4600  lm_loss 0.7734  acc 0.6852  exact 0.0000 (~0/128)
  1%|          | 4799/390625 [06:31<6:56:56, 15.42it/s][LT] step 4800  lm_loss 0.7406  acc 0.7593  exact 0.0455 (~6/128)
  1%|▏         | 4999/390625 [06:44<6:50:21, 15.66it/s][LT] step 5000  lm_loss 0.7705  acc 0.7119  exact 0.0000 (~0/128)
  1%|▏         | 5199/390625 [06:57<7:04:19, 15.14it/s][LT] step 5200  lm_loss 0.7359  acc 0.7609  exact 0.0000 (~0/128)
  1%|▏         | 5399/390625 [07:10<6:42:56, 15.93it/s][LT] step 5400  lm_loss 0.7601  acc 0.7284  exact 0.0000 (~0/128)
  1%|▏         | 5599/390625 [07:23<6:54:15, 15.49it/s][LT] step 5600  lm_loss 0.7128  acc 0.7330  exact 0.0000 (~0/128)
  1%|▏         | 5799/390625 [07:37<7:25:17, 14.40it/s][LT] step 5800  lm_loss 0.7752  acc 0.7654  exact 0.1111 (~14/128)
[EVAL] step 5859  set all  acc 0.6657  exact 68/2048
  2%|▏         | 6000/390625 [08:12<6:59:45, 15.27it/s][LT] step 6000  lm_loss 0.7442  acc 0.7560  exact 0.0588 (~8/128)
  2%|▏         | 6200/390625 [08:25<6:57:59, 15.33it/s][LT] step 6200  lm_loss 0.7339  acc 0.8074  exact 0.2000 (~26/128)
  2%|▏         | 6400/390625 [08:38<6:51:24, 15.57it/s][LT] step 6400  lm_loss 0.7209  acc 0.7654  exact 0.0000 (~0/128)
  2%|▏         | 6600/390625 [08:51<7:04:14, 15.09it/s][LT] step 6600  lm_loss 0.7432  acc 0.7840  exact 0.0000 (~0/128)
  2%|▏         | 6800/390625 [09:03<6:35:58, 16.15it/s][LT] step 6800  lm_loss 0.7249  acc 0.7424  exact 0.0000 (~0/128)
  2%|▏         | 7000/390625 [09:19<18:27:26,  5.77it/s][LT] step 7000  lm_loss 0.7608  acc 0.7605  exact 0.2000 (~26/128)
  2%|▏         | 7200/390625 [09:33<6:46:30, 15.72it/s][LT] step 7200  lm_loss 0.7679  acc 0.7363  exact 0.0909 (~12/128)
  2%|▏         | 7400/390625 [09:51<11:34:09,  9.20it/s][LT] step 7400  lm_loss 0.7657  acc 0.6667  exact 0.0000 (~0/128)
  2%|▏         | 7600/390625 [10:13<12:02:05,  8.84it/s][LT] step 7600  lm_loss 0.7582  acc 0.7680  exact 0.1053 (~13/128)
  2%|▏         | 7800/390625 [10:35<11:56:31,  8.90it/s][LT] step 7800  lm_loss 0.7325  acc 0.7202  exact 0.0000 (~0/128)
[EVAL] step 7812  set all  acc 0.6866  exact 212/2048
  2%|▏         | 8000/390625 [11:25<11:47:41,  9.01it/s][LT] step 8000  lm_loss 0.7654  acc 0.7549  exact 0.0714 (~9/128)
  2%|▏         | 8200/390625 [11:47<11:36:23,  9.15it/s][LT] step 8200  lm_loss 0.7326  acc 0.7605  exact 0.2000 (~26/128)
  2%|▏         | 8400/390625 [12:10<11:55:49,  8.90it/s][LT] step 8400  lm_loss 0.8124  acc 0.7716  exact 0.1429 (~18/128)
  2%|▏         | 8599/390625 [12:32<11:53:39,  8.92it/s][LT] step 8600  lm_loss 0.7068  acc 0.7654  exact 0.0000 (~0/128)
  2%|▏         | 8800/390625 [12:54<11:41:06,  9.08it/s][LT] step 8800  lm_loss 0.8236  acc 0.7407  exact 0.0000 (~0/128)
  2%|▏         | 9000/390625 [13:16<11:32:16,  9.19it/s][LT] step 9000  lm_loss 0.7363  acc 0.6543  exact 0.0000 (~0/128)
  2%|▏         | 9200/390625 [13:38<11:56:44,  8.87it/s][LT] step 9200  lm_loss 0.7276  acc 0.7609  exact 0.1818 (~23/128)
  2%|▏         | 9400/390625 [14:01<11:55:19,  8.88it/s][LT] step 9400  lm_loss 0.7235  acc 0.6543  exact 0.0000 (~0/128)
  2%|▏         | 9600/390625 [14:23<11:48:50,  8.96it/s][LT] step 9600  lm_loss 0.7388  acc 0.8361  exact 0.3636 (~47/128)
[EVAL] step 9765  set all  acc 0.6984  exact 290/2048
  3%|▎         | 9800/390625 [15:16<11:35:49,  9.12it/s][LT] step 9800  lm_loss 0.6781  acc 0.8354  exact 0.3333 (~43/128)
  3%|▎         | 10000/390625 [15:38<11:39:59,  9.06it/s][LT] step 10000  lm_loss 0.6992  acc 0.7793  exact 0.2500 (~32/128)
  3%|▎         | 10200/390625 [16:00<11:42:40,  9.02it/s][LT] step 10200  lm_loss 0.7056  acc 0.7891  exact 0.0833 (~11/128)
  3%|▎         | 10400/390625 [16:22<11:44:30,  9.00it/s][LT] step 10400  lm_loss 0.6996  acc 0.8230  exact 0.2222 (~28/128)
  3%|▎         | 10600/390625 [16:44<11:54:00,  8.87it/s][LT] step 10600  lm_loss 0.7561  acc 0.7179  exact 0.0769 (~10/128)
  3%|▎         | 10800/390625 [17:06<11:24:49,  9.24it/s][LT] step 10800  lm_loss 0.7278  acc 0.6543  exact 0.0000 (~0/128)
  3%|▎         | 10999/390625 [17:28<11:50:28,  8.91it/s][LT] step 11000  lm_loss 0.7291  acc 0.8289  exact 0.2857 (~37/128)
  3%|▎         | 11200/390625 [17:51<11:45:49,  8.96it/s][LT] step 11200  lm_loss 0.7197  acc 0.7603  exact 0.0000 (~0/128)
  3%|▎         | 11399/390625 [18:13<11:46:21,  8.95it/s][LT] step 11400  lm_loss 0.7276  acc 0.7486  exact 0.1818 (~23/128)
  3%|▎         | 11600/390625 [18:35<11:30:58,  9.14it/s][LT] step 11600  lm_loss 0.7561  acc 0.7205  exact 0.0000 (~0/128)
[EVAL] step 11718  set all  acc 0.7037  exact 314/2048
  3%|▎         | 11800/390625 [19:25<11:41:08,  9.01it/s][LT] step 11800  lm_loss 0.7163  acc 0.7490  exact 0.2222 (~28/128)
  3%|▎         | 12000/390625 [19:48<11:42:11,  8.99it/s][LT] step 12000  lm_loss 0.7032  acc 0.8016  exact 0.2667 (~34/128)
  3%|▎         | 12200/390625 [20:10<11:33:40,  9.09it/s][LT] step 12200  lm_loss 0.7446  acc 0.6720  exact 0.0000 (~0/128)
  3%|▎         | 12400/390625 [20:32<11:46:57,  8.92it/s][LT] step 12400  lm_loss 0.7325  acc 0.8745  exact 0.5000 (~64/128)
  3%|▎         | 12600/390625 [20:54<11:46:38,  8.92it/s][LT] step 12600  lm_loss 0.6920  acc 0.7319  exact 0.1429 (~18/128)
  3%|▎         | 12800/390625 [21:17<11:40:39,  8.99it/s][LT] step 12800  lm_loss 0.7202  acc 0.8070  exact 0.0909 (~12/128)
  3%|▎         | 13000/390625 [21:39<12:00:14,  8.74it/s][LT] step 13000  lm_loss 0.7519  acc 0.6584  exact 0.0000 (~0/128)
  3%|▎         | 13200/390625 [22:02<12:03:31,  8.69it/s][LT] step 13200  lm_loss 0.7012  acc 0.8534  exact 0.5000 (~64/128)
  3%|▎         | 13399/390625 [22:18<6:50:17, 15.32it/s][LT] step 13400  lm_loss 0.7457  acc 0.7366  exact 0.3333 (~43/128)
  3%|▎         | 13600/390625 [22:34<11:26:06,  9.16it/s][LT] step 13600  lm_loss 0.7408  acc 0.7562  exact 0.2500 (~32/128)
[EVAL] step 13671  set all  acc 0.7119  exact 352/2048
  4%|▎         | 13800/390625 [23:24<11:39:28,  8.98it/s][LT] step 13800  lm_loss 0.7503  acc 0.8134  exact 0.3333 (~43/128)
  4%|▎         | 14000/390625 [23:47<11:22:06,  9.20it/s][LT] step 14000  lm_loss 0.7299  acc 0.6852  exact 0.0000 (~0/128)
  4%|▎         | 14200/390625 [24:09<11:34:38,  9.03it/s][LT] step 14200  lm_loss 0.7242  acc 0.8166  exact 0.4286 (~55/128)
  4%|▎         | 14400/390625 [24:31<11:46:04,  8.88it/s][LT] step 14400  lm_loss 0.7482  acc 0.7753  exact 0.2000 (~26/128)
  4%|▎         | 14600/390625 [24:53<11:32:00,  9.06it/s][LT] step 14600  lm_loss 0.7109  acc 0.7942  exact 0.3333 (~43/128)
  4%|▍         | 14800/390625 [25:15<11:51:57,  8.80it/s][LT] step 14800  lm_loss 0.7039  acc 0.8182  exact 0.3636 (~47/128)
  4%|▍         | 15000/390625 [25:37<11:58:05,  8.72it/s][LT] step 15000  lm_loss 0.7483  acc 0.7462  exact 0.2222 (~28/128)
  4%|▍         | 15200/390625 [26:00<11:38:01,  8.96it/s][LT] step 15200  lm_loss 0.7226  acc 0.7778  exact 0.3333 (~43/128)
  4%|▍         | 15400/390625 [26:22<11:46:25,  8.85it/s][LT] step 15400  lm_loss 0.6976  acc 0.7860  exact 0.1667 (~21/128)
  4%|▍         | 15600/390625 [26:44<11:23:06,  9.15it/s][LT] step 15600  lm_loss 0.7367  acc 0.7531  exact 0.2222 (~28/128)
[EVAL] step 15624  set all  acc 0.7093  exact 277/2048
  4%|▍         | 15800/390625 [27:36<11:27:36,  9.09it/s][LT] step 15800  lm_loss 0.7017  acc 0.7510  exact 0.0833 (~11/128)
  4%|▍         | 16000/390625 [27:58<11:31:38,  9.03it/s][LT] step 16000  lm_loss 0.7314  acc 0.7733  exact 0.2727 (~35/128)
  4%|▍         | 16200/390625 [28:20<11:35:54,  8.97it/s][LT] step 16200  lm_loss 0.6962  acc 0.7462  exact 0.0000 (~0/128)
  4%|▍         | 16400/390625 [28:42<11:23:08,  9.13it/s][LT] step 16400  lm_loss 0.7044  acc 0.8047  exact 0.2727 (~35/128)
  4%|▍         | 16600/390625 [29:04<11:41:16,  8.89it/s][LT] step 16600  lm_loss 0.7545  acc 0.8519  exact 0.5714 (~73/128)
  4%|▍         | 16800/390625 [29:27<11:37:41,  8.93it/s][LT] step 16800  lm_loss 0.7258  acc 0.7926  exact 0.4000 (~51/128)
  4%|▍         | 17000/390625 [29:49<11:17:30,  9.19it/s][LT] step 17000  lm_loss 0.7292  acc 0.7109  exact 0.0000 (~0/128)
  4%|▍         | 17200/390625 [30:11<11:27:55,  9.05it/s][LT] step 17200  lm_loss 0.7338  acc 0.7605  exact 0.0000 (~0/128)
  4%|▍         | 17400/390625 [30:33<11:35:46,  8.94it/s][LT] step 17400  lm_loss 0.7422  acc 0.6975  exact 0.2500 (~32/128)
[EVAL] step 17577  set all  acc 0.7101  exact 287/2048
  5%|▍         | 17600/390625 [31:27<11:42:24,  8.85it/s][LT] step 17600  lm_loss 0.7315  acc 0.8354  exact 0.4444 (~57/128)
  5%|▍         | 17800/390625 [31:49<11:32:08,  8.98it/s][LT] step 17800  lm_loss 0.7116  acc 0.6728  exact 0.0000 (~0/128)
  5%|▍         | 18000/390625 [32:11<11:25:18,  9.06it/s][LT] step 18000  lm_loss 0.7478  acc 0.7816  exact 0.1538 (~20/128)
  5%|▍         | 18200/390625 [32:33<11:29:06,  9.01it/s][LT] step 18200  lm_loss 0.7549  acc 0.6914  exact 0.0000 (~0/128)
  5%|▍         | 18400/390625 [32:56<11:33:07,  8.95it/s][LT] step 18400  lm_loss 0.7330  acc 0.8126  exact 0.3636 (~47/128)
  5%|▍         | 18600/390625 [33:18<11:13:33,  9.21it/s][LT] step 18600  lm_loss 0.7262  acc 0.7315  exact 0.1250 (~16/128)
  5%|▍         | 18800/390625 [33:40<11:41:59,  8.83it/s][LT] step 18800  lm_loss 0.7099  acc 0.8148  exact 0.2500 (~32/128)
  5%|▍         | 19000/390625 [34:02<11:33:38,  8.93it/s][LT] step 19000  lm_loss 0.7326  acc 0.8368  exact 0.4444 (~57/128)
  5%|▍         | 19200/390625 [34:25<11:48:21,  8.74it/s][LT] step 19200  lm_loss 0.7380  acc 0.7457  exact 0.0000 (~0/128)
  5%|▍         | 19400/390625 [34:48<11:50:32,  8.71it/s][LT] step 19400  lm_loss 0.7128  acc 0.7901  exact 0.3750 (~48/128)
[EVAL] step 19530  set all  acc 0.7091  exact 266/2048
  5%|▌         | 19600/390625 [35:29<11:33:42,  8.91it/s][LT] step 19600  lm_loss 0.7150  acc 0.7978  exact 0.2500 (~32/128)
  5%|▌         | 19800/390625 [35:51<11:42:04,  8.80it/s][LT] step 19800  lm_loss 0.6701  acc 0.7346  exact 0.0714 (~9/128)
  5%|▌         | 20000/390625 [36:14<11:28:20,  8.97it/s][LT] step 20000  lm_loss 0.7094  acc 0.7486  exact 0.0000 (~0/128)
