  0%|          | 200/390625 [01:11<23:15:37,  4.66it/s][LT] step 200  lm_loss 1.7417  acc 0.0000  exact 0.0000 (~0/128)
  0%|          | 400/390625 [01:54<23:24:17,  4.63it/s][LT] step 400  lm_loss 1.4551  acc 0.4398  exact 0.0000 (~0/128)
  0%|          | 600/390625 [02:37<22:44:43,  4.76it/s][LT] step 600  lm_loss 1.4111  acc 0.0000  exact 0.0000 (~0/128)
  0%|          | 800/390625 [03:19<23:17:03,  4.65it/s][LT] step 800  lm_loss 1.3249  acc 0.4647  exact 0.0000 (~0/128)
  0%|          | 1000/390625 [04:02<23:21:05,  4.63it/s][LT] step 1000  lm_loss 1.2458  acc 0.0000  exact 0.0000 (~0/128)
  0%|          | 1200/390625 [04:45<22:44:52,  4.76it/s][LT] step 1200  lm_loss 1.1368  acc 0.5204  exact 0.0000 (~0/128)
  0%|          | 1400/390625 [05:27<23:05:12,  4.68it/s][LT] step 1400  lm_loss 1.1345  acc 0.0000  exact 0.0000 (~0/128)
  0%|          | 1600/390625 [06:10<23:23:49,  4.62it/s][LT] step 1600  lm_loss 0.9856  acc 0.5894  exact 0.0000 (~0/128)
  0%|          | 1799/390625 [06:47<10:45:37, 10.04it/s][LT] step 1800  lm_loss 1.0548  acc 0.0000  exact 0.0000 (~0/128)
[EVAL] step 1953  set all  acc 0.4797  exact 0/2048
  1%|          | 1999/390625 [07:36<10:46:25, 10.02it/s][LT] step 2000  lm_loss 0.9216  acc 0.6143  exact 0.0000 (~0/128)
  1%|          | 2199/390625 [07:56<10:36:09, 10.18it/s][LT] step 2200  lm_loss 0.9921  acc 0.0000  exact 0.0000 (~0/128)
  1%|          | 2399/390625 [08:15<10:34:26, 10.20it/s][LT] step 2400  lm_loss 0.8001  acc 0.6766  exact 0.0000 (~0/128)
  1%|          | 2599/390625 [08:35<10:36:45, 10.16it/s][LT] step 2600  lm_loss 0.9136  acc 0.0000  exact 0.0000 (~0/128)
  1%|          | 2799/390625 [08:55<10:39:00, 10.12it/s][LT] step 2800  lm_loss 0.7447  acc 0.7094  exact 0.0000 (~0/128)
  1%|          | 2999/390625 [09:14<10:38:09, 10.12it/s][LT] step 3000  lm_loss 0.8817  acc 0.0000  exact 0.0000 (~0/128)
  1%|          | 3199/390625 [09:34<10:35:54, 10.15it/s][LT] step 3200  lm_loss 0.5821  acc 0.7914  exact 0.0000 (~0/128)
  1%|          | 3399/390625 [09:54<10:35:08, 10.16it/s][LT] step 3400  lm_loss 0.8287  acc 0.0000  exact 0.0000 (~0/128)
  1%|          | 3599/390625 [10:13<10:31:34, 10.21it/s][LT] step 3600  lm_loss 0.5964  acc 0.7825  exact 0.0078 (~1/128)
  1%|          | 3799/390625 [10:33<10:35:48, 10.14it/s][LT] step 3800  lm_loss 0.8226  acc 0.0000  exact 0.0000 (~0/128)
[EVAL] step 3906  set all  acc 0.6050  exact 0/2048
  1%|          | 4000/390625 [11:21<10:32:58, 10.18it/s][LT] step 4000  lm_loss 0.6527  acc 0.7673  exact 0.0000 (~0/128)
  1%|          | 4200/390625 [11:41<10:28:46, 10.24it/s][LT] step 4200  lm_loss 0.7934  acc 0.0000  exact 0.0000 (~0/128)
  1%|          | 4400/390625 [12:00<10:33:01, 10.17it/s][LT] step 4400  lm_loss 0.6413  acc 0.8018  exact 0.0000 (~0/128)
  1%|          | 4600/390625 [12:20<10:32:20, 10.17it/s][LT] step 4600  lm_loss 0.7890  acc 0.0000  exact 0.0000 (~0/128)
  1%|          | 4800/390625 [12:40<10:34:56, 10.13it/s][LT] step 4800  lm_loss 0.6300  acc 0.8243  exact 0.0714 (~9/128)
  1%|▏         | 5000/390625 [12:59<10:31:59, 10.17it/s][LT] step 5000  lm_loss 0.7567  acc 0.7654  exact 0.0000 (~0/128)
  1%|▏         | 5200/390625 [13:19<10:31:09, 10.18it/s][LT] step 5200  lm_loss 0.6756  acc 0.7951  exact 0.0000 (~0/128)
  1%|▏         | 5400/390625 [13:39<10:28:02, 10.22it/s][LT] step 5400  lm_loss 0.7489  acc 0.8148  exact 0.0000 (~0/128)
  1%|▏         | 5600/390625 [13:58<10:32:57, 10.14it/s][LT] step 5600  lm_loss 0.7585  acc 0.7389  exact 0.0000 (~0/128)
  1%|▏         | 5800/390625 [14:18<10:30:48, 10.17it/s][LT] step 5800  lm_loss 0.7635  acc 0.7457  exact 0.0000 (~0/128)
[EVAL] step 5859  set all  acc 0.6552  exact 54/2048
  2%|▏         | 5999/390625 [15:04<10:42:20,  9.98it/s][LT] step 6000  lm_loss 0.7333  acc 0.8531  exact 0.2000 (~26/128)
  2%|▏         | 6199/390625 [15:24<10:29:49, 10.17it/s][LT] step 6200  lm_loss 0.6940  acc 0.8179  exact 0.0000 (~0/128)
  2%|▏         | 6399/390625 [15:43<10:28:59, 10.18it/s][LT] step 6400  lm_loss 0.7992  acc 0.7984  exact 0.1111 (~14/128)
  2%|▏         | 6599/390625 [16:03<10:37:55, 10.03it/s][LT] step 6600  lm_loss 0.7444  acc 0.7325  exact 0.0000 (~0/128)
  2%|▏         | 6799/390625 [16:23<10:35:32, 10.07it/s][LT] step 6800  lm_loss 0.7712  acc 0.8068  exact 0.2609 (~33/128)
