[LT] num_processes=1
[LT] accelerate 사용 불가 (ModuleNotFoundError: No module named 'accelerate') — torch.distributed 폴백
[LT] out_dir = /workspace/LinearTuring/2026-09-09/run_v17  (쓰기 가능)
[LT] ※ 체크포인트 없음 — step 0 부터 시작한다. 이어서 돌릴 의도였다면 CFG['resume_from'] 에 이전 세션 output 경로를 지정하라 (예외사항.md §4).
[LT] inductor: persistent_reductions=False (소배치 축약 병리 회피)
[LT] world_size=1 local_bs=128 params=7,156,075 total_steps=390625 total_iters=200 out=/workspace/LinearTuring/2026-09-09/run_v17
[LT] 시작 step=0 iter=0 batch_in_iter=0
W0909 00:59:01.949000 39823 torch/_inductor/utils.py:1436] [0/0] Not enough SMs to use max_autotune_gemm mode
/usr/local/lib/python3.12/dist-packages/torch/_inductor/compile_fx.py:282: UserWarning: TensorFloat32 tensor cores for float32 matrix multiplication available but not enabled. Consider setting `torch.set_float32_matmul_precision('high')` for better performance.
  warnings.warn(
/usr/local/lib/python3.12/dist-packages/torch/_inductor/lowering.py:1696: FutureWarning: `torch._prims_common.check` is deprecated and will be removed in the future. Please use `torch._check*` functions instead.
  check(
/usr/local/lib/python3.12/dist-packages/torch/_inductor/lowering.py:1696: FutureWarning: `torch._prims_common.check` is deprecated and will be removed in the future. Please use `torch._check*` functions instead.
  check(
[LT] step 250  lm_loss 1.5337  acc 0.4416  exact 0.0000 (~0/128) [halt step 240]
[LT] step 500  lm_loss 1.2932  acc 0.5078  exact 0.0000 (~0/128) [halt step 496]
[LT] step 750  lm_loss 1.1321  acc 0.5425  exact 0.0000 (~0/128) [halt step 736]
[LT] step 1000  lm_loss 1.0902  acc 0.5840  exact 0.0000 (~0/128) [halt step 992]
[LT] step 1250  lm_loss 1.0771  acc 0.6291  exact 0.0000 (~0/128) [halt step 1248]
[LT] step 1500  lm_loss 0.8812  acc 0.6783  exact 0.0000 (~0/128) [halt step 1488]
[LT] step 1750  lm_loss 0.9042  acc 0.7275  exact 0.0000 (~0/128) [halt step 1744]
[EVAL] step 1953  acc 0.4805  exact 0/2048
[LT] step 2000  lm_loss 0.5911  acc 0.7790  exact 0.0000 (~0/128) [halt step 2000]
[LT] step 2250  lm_loss 0.7750  acc 0.7664  exact 0.0078 (~1/128) [halt step 2240]
[LT] step 2500  lm_loss 0.8659  acc 0.7593  exact 0.0078 (~1/128) [halt step 2496]
[LT] step 2750  lm_loss 0.6909  acc 0.8015  exact 0.0156 (~2/128) [halt step 2736]
[LT] step 3000  lm_loss 0.7523  acc 0.7563  exact 0.0234 (~3/128) [halt step 2992]
[LT] step 3250  lm_loss 0.8674  acc 0.8060  exact 0.0234 (~3/128) [halt step 3248]
[LT] step 3500  lm_loss 0.6805  acc 0.7818  exact 0.0156 (~2/128) [halt step 3488]
[LT] step 3750  lm_loss 0.8276  acc 0.8056  exact 0.0391 (~5/128) [halt step 3744]
[EVAL] step 3906  acc 0.6265  exact 26/2048
[LT] step 4000  lm_loss 0.5962  acc 0.7867  exact 0.0312 (~4/128) [halt step 4000]
[LT] step 4250  lm_loss 0.7537  acc 0.8193  exact 0.0312 (~4/128) [halt step 4240]
[LT] step 4500  lm_loss 0.8975  acc 0.8297  exact 0.0469 (~6/128) [halt step 4496]
[LT] step 4750  lm_loss 0.6968  acc 0.8338  exact 0.0625 (~8/128) [halt step 4736]
[LT] step 5000  lm_loss 0.7631  acc 0.8010  exact 0.0391 (~5/128) [halt step 4992]
[LT] step 5250  lm_loss 0.8352  acc 0.7789  exact 0.0156 (~2/128) [halt step 5248]
[LT] step 5500  lm_loss 0.6838  acc 0.8215  exact 0.0469 (~6/128) [halt step 5488]
[LT] step 5750  lm_loss 0.8242  acc 0.8322  exact 0.0703 (~9/128) [halt step 5744]
[EVAL] step 5859  acc 0.6680  exact 141/2048
[LT] step 6000  lm_loss 0.5437  acc 0.8166  exact 0.0078 (~1/128) [halt step 6000]
[LT] step 6250  lm_loss 0.7097  acc 0.8226  exact 0.0938 (~12/128) [halt step 6240]
[LT] step 6500  lm_loss 0.8666  acc 0.8131  exact 0.0156 (~2/128) [halt step 6496]
[LT] step 6750  lm_loss 0.5673  acc 0.7972  exact 0.0234 (~3/128) [halt step 6736]
[LT] step 7000  lm_loss 0.7243  acc 0.8191  exact 0.0859 (~11/128) [halt step 6992]
[LT] step 7250  lm_loss 0.8486  acc 0.8314  exact 0.1250 (~16/128) [halt step 7248]
[LT] step 7500  lm_loss 0.6786  acc 0.8421  exact 0.1328 (~17/128) [halt step 7488]
[LT] step 7750  lm_loss 0.8412  acc 0.8304  exact 0.0938 (~12/128) [halt step 7744]
[EVAL] step 7812  acc 0.6725  exact 194/2048
[LT] step 8000  lm_loss 0.4580  acc 0.8447  exact 0.2109 (~27/128) [halt step 8000]
[LT] step 8250  lm_loss 0.6889  acc 0.8357  exact 0.1250 (~16/128) [halt step 8240]
[LT] step 8500  lm_loss 0.8622  acc 0.8517  exact 0.1328 (~17/128) [halt step 8496]
[LT] step 8750  lm_loss 0.5684  acc 0.7606  exact 0.0078 (~1/128) [halt step 8736]
[LT] step 9000  lm_loss 0.7313  acc 0.8171  exact 0.0938 (~12/128) [halt step 8992]
[LT] step 9250  lm_loss 0.8047  acc 0.8188  exact 0.1250 (~16/128) [halt step 9248]
[LT] step 9500  lm_loss 0.6875  acc 0.8260  exact 0.1094 (~14/128) [halt step 9488]
[LT] step 9750  lm_loss 0.7390  acc 0.7456  exact 0.0312 (~4/128) [halt step 9744]
[EVAL] step 9765  acc 0.6733  exact 259/2048
[LT] step 10000  lm_loss 0.4817  acc 0.8351  exact 0.1172 (~15/128) [halt step 10000]
[LT] step 10250  lm_loss 0.6509  acc 0.8052  exact 0.0703 (~9/128) [halt step 10240]
[LT] step 10500  lm_loss 0.8265  acc 0.8061  exact 0.0938 (~12/128) [halt step 10496]
[LT] step 10750  lm_loss 0.6360  acc 0.8541  exact 0.2812 (~36/128) [halt step 10736]
[LT] step 11000  lm_loss 0.7798  acc 0.8324  exact 0.1953 (~25/128) [halt step 10992]
[LT] step 11250  lm_loss 0.7890  acc 0.8025  exact 0.0781 (~10/128) [halt step 11248]
[LT] step 11500  lm_loss 0.6904  acc 0.8326  exact 0.2188 (~28/128) [halt step 11488]
[EVAL] step 11718  acc 0.6727  exact 287/2048
[LT] step 11750  lm_loss 0.7784  acc 0.7889  exact 0.0312 (~4/128) [halt step 11744]
[LT] step 12000  lm_loss 0.5337  acc 0.8063  exact 0.0859 (~11/128) [halt step 12000]
[LT] step 12250  lm_loss 0.6955  acc 0.8164  exact 0.1562 (~20/128) [halt step 12240]
[LT] step 12500  lm_loss 0.7928  acc 0.8054  exact 0.0859 (~11/128) [halt step 12496]
[LT] step 12750  lm_loss 0.4029  acc 0.7862  exact 0.1094 (~14/128) [halt step 12736]
[LT] step 13000  lm_loss 0.7774  acc 0.8162  exact 0.0859 (~11/128) [halt step 12992]
[LT] step 13250  lm_loss 0.8080  acc 0.8162  exact 0.1641 (~21/128) [halt step 13248]
[LT] step 13500  lm_loss 0.6720  acc 0.8252  exact 0.1406 (~18/128) [halt step 13488]
[EVAL] step 13671  acc 0.6784  exact 307/2048
[LT] step 13750  lm_loss 0.7855  acc 0.7968  exact 0.0547 (~7/128) [halt step 13744]
[LT] step 14000  lm_loss 0.4912  acc 0.8266  exact 0.1406 (~18/128) [halt step 14000]
[LT] step 14250  lm_loss 0.6859  acc 0.8398  exact 0.2422 (~31/128) [halt step 14240]
[LT] step 14500  lm_loss 0.7837  acc 0.8320  exact 0.2344 (~30/128) [halt step 14496]
[LT] step 14750  lm_loss 0.4983  acc 0.8089  exact 0.0625 (~8/128) [halt step 14736]
[LT] step 15000  lm_loss 0.8168  acc 0.8677  exact 0.2656 (~34/128) [halt step 14992]
[LT] step 15250  lm_loss 0.7993  acc 0.8071  exact 0.1172 (~15/128) [halt step 15248]
[LT] step 15500  lm_loss 0.6417  acc 0.7921  exact 0.0547 (~7/128) [halt step 15488]
[EVAL] step 15624  acc 0.6781  exact 331/2048
[LT] step 15750  lm_loss 0.7650  acc 0.8107  exact 0.1328 (~17/128) [halt step 15744]
[LT] step 16000  lm_loss 0.5288  acc 0.8190  exact 0.0859 (~11/128) [halt step 16000]
[LT] step 16250  lm_loss 0.6990  acc 0.8446  exact 0.2812 (~36/128) [halt step 16240]
[LT] step 16500  lm_loss 0.7768  acc 0.7847  exact 0.0703 (~9/128) [halt step 16496]
[LT] step 16750  lm_loss 0.5807  acc 0.8431  exact 0.2578 (~33/128) [halt step 16736]
[LT] step 17000  lm_loss 0.7213  acc 0.8265  exact 0.1875 (~24/128) [halt step 16992]
[LT] step 17250  lm_loss 0.8144  acc 0.8116  exact 0.1016 (~13/128) [halt step 17248]
