[LT] num_processes=1
[LT] accelerate 사용 불가 (ModuleNotFoundError: No module named 'accelerate') — torch.distributed 폴백
[LT] out_dir = /workspace/LinearTuring/2026-09-09/run_v11  (쓰기 가능)
[LT] ※ 체크포인트 없음 — step 0 부터 시작한다. 이어서 돌릴 의도였다면 CFG['resume_from'] 에 이전 세션 output 경로를 지정하라 (예외사항.md §4).
[LT] inductor: persistent_reductions=False (소배치 축약 병리 회피)
[LT] world_size=1 local_bs=128 params=7,155,243 total_steps=390625 total_iters=200 out=/workspace/LinearTuring/2026-09-09/run_v11
[LT] 시작 step=0 iter=0 batch_in_iter=0
[LT] step 250  lm_loss 1.7386  acc 0.4139  exact 0.0000 (~0/128) [halt step 240]
[LT] step 500  lm_loss 1.3324  acc 0.4978  exact 0.0000 (~0/128) [halt step 496]
[LT] step 750  lm_loss 1.1525  acc 0.5397  exact 0.0000 (~0/128) [halt step 736]
[LT] step 1000  lm_loss 1.1128  acc 0.5772  exact 0.0000 (~0/128) [halt step 992]
[LT] step 1250  lm_loss 1.1003  acc 0.6175  exact 0.0000 (~0/128) [halt step 1248]
[LT] step 1500  lm_loss 0.8998  acc 0.6644  exact 0.0000 (~0/128) [halt step 1488]
[LT] step 1750  lm_loss 0.9242  acc 0.7307  exact 0.0078 (~1/128) [halt step 1744]
W0910 01:03:05.159000 118467 torch/_inductor/utils.py:1436] [0/2] Not enough SMs to use max_autotune_gemm mode
[EVAL] step 1953  acc 0.5046  exact 0/2048
[LT] step 2000  lm_loss 0.6681  acc 0.7499  exact 0.0000 (~0/128) [halt step 2000]
[LT] step 2250  lm_loss 0.7586  acc 0.7444  exact 0.0234 (~3/128) [halt step 2240]
[LT] step 2500  lm_loss 0.8379  acc 0.7459  exact 0.0078 (~1/128) [halt step 2496]
[LT] step 2750  lm_loss 0.7162  acc 0.8108  exact 0.0547 (~7/128) [halt step 2736]
[LT] step 3000  lm_loss 0.7539  acc 0.7583  exact 0.0234 (~3/128) [halt step 2992]
[LT] step 3250  lm_loss 0.8349  acc 0.7583  exact 0.0156 (~2/128) [halt step 3248]
[LT] step 3500  lm_loss 0.6623  acc 0.7625  exact 0.0156 (~2/128) [halt step 3488]
[LT] step 3750  lm_loss 0.8135  acc 0.7742  exact 0.0312 (~4/128) [halt step 3744]
[EVAL] step 3906  acc 0.6629  exact 45/2048
[LT] step 4000  lm_loss 0.6603  acc 0.7404  exact 0.0312 (~4/128) [halt step 4000]
[LT] step 4250  lm_loss 0.7124  acc 0.7614  exact 0.0234 (~3/128) [halt step 4240]
[LT] step 4500  lm_loss 0.8824  acc 0.8137  exact 0.0625 (~8/128) [halt step 4496]
[LT] step 4750  lm_loss 0.5987  acc 0.7460  exact 0.0078 (~1/128) [halt step 4736]
[LT] step 5000  lm_loss 0.7354  acc 0.7543  exact 0.0391 (~5/128) [halt step 4992]
[LT] step 5250  lm_loss 0.8076  acc 0.7776  exact 0.0156 (~2/128) [halt step 5248]
[LT] step 5500  lm_loss 0.6715  acc 0.7554  exact 0.0156 (~2/128) [halt step 5488]
[LT] step 5750  lm_loss 0.8125  acc 0.8000  exact 0.0469 (~6/128) [halt step 5744]
[EVAL] step 5859  acc 0.6798  exact 57/2048
[LT] step 6000  lm_loss 0.5915  acc 0.7767  exact 0.0469 (~6/128) [halt step 6000]
[LT] step 6250  lm_loss 0.6731  acc 0.7929  exact 0.0625 (~8/128) [halt step 6240]
[LT] step 6500  lm_loss 0.8282  acc 0.7779  exact 0.0391 (~5/128) [halt step 6496]
[LT] step 6750  lm_loss 0.5788  acc 0.8080  exact 0.0625 (~8/128) [halt step 6736]
[LT] step 7000  lm_loss 0.7562  acc 0.8117  exact 0.0781 (~10/128) [halt step 6992]
[LT] step 7250  lm_loss 0.8040  acc 0.7675  exact 0.0234 (~3/128) [halt step 7248]
[LT] step 7500  lm_loss 0.6174  acc 0.7872  exact 0.0234 (~3/128) [halt step 7488]
[LT] step 7750  lm_loss 0.7998  acc 0.7997  exact 0.0859 (~11/128) [halt step 7744]
[EVAL] step 7812  acc 0.6942  exact 132/2048
[LT] step 8000  lm_loss 0.6494  acc 0.7430  exact 0.0312 (~4/128) [halt step 8000]
[LT] step 8250  lm_loss 0.6664  acc 0.8073  exact 0.1172 (~15/128) [halt step 8240]
[LT] step 8500  lm_loss 0.7877  acc 0.8019  exact 0.0781 (~10/128) [halt step 8496]
[LT] step 8750  lm_loss 0.5989  acc 0.7690  exact 0.0469 (~6/128) [halt step 8736]
[LT] step 9000  lm_loss 0.7377  acc 0.7946  exact 0.0312 (~4/128) [halt step 8992]
[LT] step 9250  lm_loss 0.7855  acc 0.7874  exact 0.0781 (~10/128) [halt step 9248]
[LT] step 9500  lm_loss 0.6628  acc 0.7933  exact 0.0469 (~6/128) [halt step 9488]
[LT] step 9750  lm_loss 0.7464  acc 0.7944  exact 0.0703 (~9/128) [halt step 9744]
[EVAL] step 9765  acc 0.6995  exact 248/2048
[LT] step 10000  lm_loss 0.4658  acc 0.8291  exact 0.2188 (~28/128) [halt step 10000]
[LT] milestone 저장 step=10000 → /workspace/LinearTuring/2026-09-09/run_v11/milestones/step_10000.pt
[EXTRAP] step 10000  seg16 16.21%  best seg122 20.12%  (+3.91%p)  churn@128 0.02148  → /workspace/LinearTuring/2026-09-09/run_v11/milestones/extrap_step_10000.txt
[LT] step 10250  lm_loss 0.6558  acc 0.8192  exact 0.1719 (~22/128) [halt step 10240]
[LT] step 10500  lm_loss 0.8066  acc 0.8244  exact 0.1641 (~21/128) [halt step 10496]
[LT] step 10750  lm_loss 0.5729  acc 0.7904  exact 0.0547 (~7/128) [halt step 10736]
[LT] step 11000  lm_loss 0.7064  acc 0.8020  exact 0.1797 (~23/128) [halt step 10992]
[LT] step 11250  lm_loss 0.7742  acc 0.7700  exact 0.0391 (~5/128) [halt step 11248]
