[LT] preset=v1  {'legacy_gauge': True, 'block_order': 'pre', 'use_trace': False}  out_dir=/workspace/LinearTuring/2026-09-09/run_v1_resume
[LT] out_dir = /workspace/LinearTuring/2026-09-09/run_v1_resume  (쓰기 가능)
[LT] 체크포인트 재개: /workspace/LinearTuring/2026-09-09/run_v1_resume/step_160146.pt
[LT] EMA shadow 복원
[LT] inductor: persistent_reductions=False (소배치 축약 병리 회피)
[LT] world_size=1 local_bs=128 params=7,155,245 total_steps=390625 total_iters=200 out=/workspace/LinearTuring/2026-09-09/run_v1_resume
[LT] 시작 step=160146 iter=81 batch_in_iter=0
W0910 10:47:11.812000 146298 torch/_inductor/utils.py:1436] [0/0] Not enough SMs to use max_autotune_gemm mode
/usr/local/lib/python3.12/dist-packages/torch/_inductor/compile_fx.py:282: UserWarning: TensorFloat32 tensor cores for float32 matrix multiplication available but not enabled. Consider setting `torch.set_float32_matmul_precision('high')` for better performance.
  warnings.warn(
/usr/local/lib/python3.12/dist-packages/torch/_inductor/lowering.py:1696: FutureWarning: `torch._prims_common.check` is deprecated and will be removed in the future. Please use `torch._check*` functions instead.
  check(
/usr/local/lib/python3.12/dist-packages/torch/_inductor/lowering.py:1696: FutureWarning: `torch._prims_common.check` is deprecated and will be removed in the future. Please use `torch._check*` functions instead.
  check(
[LT] step 160250  lm_loss 0.4910  acc 0.9247  exact 0.6953 (~89/128) [halt step 160242]
[LT] step 160500  lm_loss 0.7071  acc 0.9310  exact 0.6328 (~81/128) [halt step 160498]
[LT] step 160750  lm_loss 0.2544  acc 0.9337  exact 0.6406 (~82/128) [halt step 160738]
[LT] step 161000  lm_loss 0.5612  acc 0.9369  exact 0.6016 (~77/128) [halt step 160994]
[LT] step 161250  lm_loss 0.1615  acc 0.9418  exact 0.7578 (~97/128) [halt step 161250]
[LT] step 161500  lm_loss 0.3757  acc 0.9649  exact 0.8047 (~103/128) [halt step 161490]
[LT] step 161750  lm_loss 0.6157  acc 0.9265  exact 0.6094 (~78/128) [halt step 161746]
[LT] step 162000  lm_loss 0.2231  acc 0.9323  exact 0.6797 (~87/128) [halt step 161986]
[EVAL] step 162099  acc 0.8076  exact 903/2048
[LT] step 162250  lm_loss 0.5293  acc 0.9319  exact 0.7344 (~94/128) [halt step 162242]
[LT] step 162500  lm_loss 0.7000  acc 0.9533  exact 0.7734 (~99/128) [halt step 162498]
[LT] step 162750  lm_loss 0.4696  acc 0.9307  exact 0.6406 (~82/128) [halt step 162738]
[LT] step 163000  lm_loss 0.5382  acc 0.9535  exact 0.6953 (~89/128) [halt step 162994]
[LT] step 163250  lm_loss 0.1056  acc 0.9651  exact 0.8359 (~107/128) [halt step 163250]
[LT] step 163500  lm_loss 0.4137  acc 0.9181  exact 0.6797 (~87/128) [halt step 163490]
[LT] step 163750  lm_loss 0.6483  acc 0.9626  exact 0.7969 (~102/128) [halt step 163746]
[LT] step 164000  lm_loss 0.2336  acc 0.9153  exact 0.6406 (~82/128) [halt step 163986]
[EVAL] step 164052  acc 0.8090  exact 921/2048
[LT] step 164250  lm_loss 0.4983  acc 0.9261  exact 0.6797 (~87/128) [halt step 164242]
[LT] step 164500  lm_loss 0.7187  acc 0.9668  exact 0.8516 (~109/128) [halt step 164498]
[LT] step 164750  lm_loss 0.2891  acc 0.9646  exact 0.8203 (~105/128) [halt step 164738]
[LT] step 165000  lm_loss 0.5623  acc 0.9559  exact 0.7578 (~97/128) [halt step 164994]
[LT] step 165250  lm_loss 0.1102  acc 0.9618  exact 0.8125 (~104/128) [halt step 165250]
[LT] step 165500  lm_loss 0.4179  acc 0.9718  exact 0.8672 (~111/128) [halt step 165490]
[LT] step 165750  lm_loss 0.6205  acc 0.9367  exact 0.6719 (~86/128) [halt step 165746]
[LT] step 166000  lm_loss 0.2097  acc 0.9333  exact 0.6953 (~89/128) [halt step 165986]
[EVAL] step 166005  acc 0.8157  exact 970/2048
[LT] step 166250  lm_loss 0.4800  acc 0.9611  exact 0.8281 (~106/128) [halt step 166242]
[LT] step 166500  lm_loss 0.7054  acc 0.9590  exact 0.8125 (~104/128) [halt step 166498]
[LT] step 166750  lm_loss 0.4374  acc 0.9245  exact 0.6406 (~82/128) [halt step 166738]
[LT] step 167000  lm_loss 0.5465  acc 0.9361  exact 0.6094 (~78/128) [halt step 166994]
[LT] step 167250  lm_loss 0.0796  acc 0.9766  exact 0.8672 (~111/128) [halt step 167250]
[LT] step 167500  lm_loss 0.4442  acc 0.9464  exact 0.7344 (~94/128) [halt step 167490]
[LT] step 167750  lm_loss 0.6283  acc 0.9416  exact 0.7344 (~94/128) [halt step 167746]
[EVAL] step 167958  acc 0.8147  exact 935/2048
[LT] step 168000  lm_loss 0.4714  acc 0.9456  exact 0.6797 (~87/128) [halt step 167986]
[LT] step 168250  lm_loss 0.5166  acc 0.9606  exact 0.8281 (~106/128) [halt step 168242]
[LT] step 168500  lm_loss 0.7079  acc 0.9439  exact 0.7500 (~96/128) [halt step 168498]
[LT] step 168750  lm_loss 0.3018  acc 0.9583  exact 0.8047 (~103/128) [halt step 168738]
[LT] step 169000  lm_loss 0.5715  acc 0.9351  exact 0.6094 (~78/128) [halt step 168994]
[LT] step 169250  lm_loss 0.1291  acc 0.9598  exact 0.8047 (~103/128) [halt step 169250]
[LT] step 169500  lm_loss 0.3474  acc 0.9629  exact 0.8125 (~104/128) [halt step 169490]
[LT] step 169750  lm_loss 0.5687  acc 0.9379  exact 0.7734 (~99/128) [halt step 169746]
[EVAL] step 169911  acc 0.7977  exact 853/2048
[LT] step 170000  lm_loss 0.1513  acc 0.9594  exact 0.7969 (~102/128) [halt step 169986]
[LT] milestone 저장 step=170000 → /workspace/LinearTuring/2026-09-09/run_v1_resume/milestones/step_170000.pt
[EXTRAP] step 170000  seg16 37.89%  best seg123 65.62%  (+27.73%p)  churn@128 0.04986  → /workspace/LinearTuring/2026-09-09/run_v1_resume/milestones/extrap_step_170000.txt
[LT] step 170250  lm_loss 0.5261  acc 0.9485  exact 0.7031 (~90/128) [halt step 170242]
[LT] step 170500  lm_loss 0.7461  acc 0.9512  exact 0.7422 (~95/128) [halt step 170498]
[LT] step 170750  lm_loss 0.2689  acc 0.9293  exact 0.6641 (~85/128) [halt step 170738]
[LT] step 171000  lm_loss 0.5760  acc 0.9551  exact 0.7578 (~97/128) [halt step 170994]
[LT] step 171250  lm_loss 0.1468  acc 0.9509  exact 0.7969 (~102/128) [halt step 171250]
[LT] step 171500  lm_loss 0.3394  acc 0.9512  exact 0.7578 (~97/128) [halt step 171490]
[LT] step 171750  lm_loss 0.6517  acc 0.9244  exact 0.5625 (~72/128) [halt step 171746]
[EVAL] step 171864  acc 0.8091  exact 908/2048
[LT] step 172000  lm_loss 0.2510  acc 0.9197  exact 0.6719 (~86/128) [halt step 171986]
[LT] step 172250  lm_loss 0.4927  acc 0.9416  exact 0.7266 (~93/128) [halt step 172242]
[LT] step 172500  lm_loss 0.7045  acc 0.9686  exact 0.8203 (~105/128) [halt step 172498]
[LT] step 172750  lm_loss 0.2613  acc 0.9704  exact 0.8203 (~105/128) [halt step 172738]
[LT] step 173000  lm_loss 0.6084  acc 0.9576  exact 0.7969 (~102/128) [halt step 172994]
[LT] step 173250  lm_loss 0.1911  acc 0.9361  exact 0.7031 (~90/128) [halt step 173250]
[LT] step 173500  lm_loss 0.4331  acc 0.9551  exact 0.7891 (~101/128) [halt step 173490]
[LT] step 173750  lm_loss 0.6428  acc 0.9393  exact 0.7812 (~100/128) [halt step 173746]
[EVAL] step 173817  acc 0.8065  exact 892/2048
[LT] step 174000  lm_loss 0.2017  acc 0.9582  exact 0.7969 (~102/128) [halt step 173986]
[LT] step 174250  lm_loss 0.5023  acc 0.9703  exact 0.8281 (~106/128) [halt step 174242]
[LT] step 174500  lm_loss 0.6892  acc 0.9575  exact 0.8281 (~106/128) [halt step 174498]
[LT] step 174750  lm_loss 0.2300  acc 0.9743  exact 0.8594 (~110/128) [halt step 174738]
[LT] step 175000  lm_loss 0.5162  acc 0.9516  exact 0.7734 (~99/128) [halt step 174994]
[LT] step 175250  lm_loss 0.1301  acc 0.9633  exact 0.8047 (~103/128) [halt step 175250]
[LT] step 175500  lm_loss 0.3718  acc 0.9720  exact 0.8594 (~110/128) [halt step 175490]
[LT] step 175750  lm_loss 0.6476  acc 0.9625  exact 0.8125 (~104/128) [halt step 175746]
[EVAL] step 175770  acc 0.8116  exact 914/2048
[LT] step 176000  lm_loss 0.2655  acc 0.9639  exact 0.8125 (~104/128) [halt step 175986]
[LT] step 176250  lm_loss 0.5014  acc 0.9463  exact 0.6953 (~89/128) [halt step 176242]
[LT] step 176500  lm_loss 0.6753  acc 0.9225  exact 0.5469 (~70/128) [halt step 176498]
[LT] step 176750  lm_loss 0.3729  acc 0.9483  exact 0.7891 (~101/128) [halt step 176738]
[LT] step 177000  lm_loss 0.5997  acc 0.9418  exact 0.7266 (~93/128) [halt step 176994]
[LT] step 177250  lm_loss 0.1415  acc 0.9492  exact 0.7656 (~98/128) [halt step 177250]
[LT] step 177500  lm_loss 0.3051  acc 0.9502  exact 0.7969 (~102/128) [halt step 177490]
[EVAL] step 177723  acc 0.8183  exact 978/2048
[LT] step 177750  lm_loss 0.6564  acc 0.9410  exact 0.6641 (~85/128) [halt step 177746]
[LT] step 178000  lm_loss 0.2729  acc 0.9453  exact 0.7500 (~96/128) [halt step 177986]
[LT] step 178250  lm_loss 0.5071  acc 0.9619  exact 0.8359 (~107/128) [halt step 178242]
[LT] step 178500  lm_loss 0.7400  acc 0.9680  exact 0.8438 (~108/128) [halt step 178498]
[LT] step 178750  lm_loss 0.2376  acc 0.9657  exact 0.7969 (~102/128) [halt step 178738]
[LT] step 179000  lm_loss 0.5519  acc 0.9684  exact 0.8359 (~107/128) [halt step 178994]
[LT] step 179250  lm_loss 0.0787  acc 0.9759  exact 0.8984 (~115/128) [halt step 179250]
[LT] step 179500  lm_loss 0.3275  acc 0.9524  exact 0.7500 (~96/128) [halt step 179490]
