[LT] num_processes=1
[LT] accelerate 사용 불가 (ModuleNotFoundError: No module named 'accelerate') — torch.distributed 폴백
[LT] out_dir = /workspace/LinearTuring/2026-09-08/run_v16  (쓰기 가능)
[LT] ※ 체크포인트 없음 — step 0 부터 시작한다. 이어서 돌릴 의도였다면 CFG['resume_from'] 에 이전 세션 output 경로를 지정하라 (예외사항.md §4).
[LT] inductor: persistent_reductions=False (소배치 축약 병리 회피)
[LT] world_size=1 local_bs=128 params=7,156,075 total_steps=390625 total_iters=200 out=/workspace/LinearTuring/2026-09-08/run_v16
[LT] 시작 step=0 iter=0 batch_in_iter=0
W0908 13:05:08.038000 15173 torch/_inductor/utils.py:1436] [0/0] Not enough SMs to use max_autotune_gemm mode
/usr/local/lib/python3.12/dist-packages/torch/_inductor/compile_fx.py:282: UserWarning: TensorFloat32 tensor cores for float32 matrix multiplication available but not enabled. Consider setting `torch.set_float32_matmul_precision('high')` for better performance.
  warnings.warn(
/usr/local/lib/python3.12/dist-packages/torch/_inductor/lowering.py:1696: FutureWarning: `torch._prims_common.check` is deprecated and will be removed in the future. Please use `torch._check*` functions instead.
  check(
/usr/local/lib/python3.12/dist-packages/torch/_inductor/lowering.py:1696: FutureWarning: `torch._prims_common.check` is deprecated and will be removed in the future. Please use `torch._check*` functions instead.
  check(
[LT] step 250  lm_loss 1.5409  acc 0.4379  exact 0.0000 (~0/128) [halt step 240]
[LT] step 500  lm_loss 1.3061  acc 0.4949  exact 0.0000 (~0/128) [halt step 496]
[LT] step 750  lm_loss 1.1163  acc 0.5541  exact 0.0000 (~0/128) [halt step 736]
[LT] step 1000  lm_loss 1.0800  acc 0.5910  exact 0.0000 (~0/128) [halt step 992]
[LT] step 1250  lm_loss 1.0702  acc 0.6348  exact 0.0000 (~0/128) [halt step 1248]
[LT] step 1500  lm_loss 0.8686  acc 0.6902  exact 0.0000 (~0/128) [halt step 1488]
[LT] step 1750  lm_loss 0.8922  acc 0.7432  exact 0.0000 (~0/128) [halt step 1744]
[EVAL] step 1953  acc 0.4810  exact 0/2048
[LT] step 2000  lm_loss 0.5905  acc 0.7806  exact 0.0000 (~0/128) [halt step 2000]
[LT] step 2250  lm_loss 0.7591  acc 0.7635  exact 0.0000 (~0/128) [halt step 2240]
[LT] step 2500  lm_loss 0.9044  acc 0.7857  exact 0.0000 (~0/128) [halt step 2496]
[LT] step 2750  lm_loss 0.6631  acc 0.8122  exact 0.0391 (~5/128) [halt step 2736]
[LT] step 3000  lm_loss 0.7520  acc 0.7912  exact 0.0156 (~2/128) [halt step 2992]
[LT] step 3250  lm_loss 0.8429  acc 0.7953  exact 0.0156 (~2/128) [halt step 3248]
[LT] step 3500  lm_loss 0.6676  acc 0.7804  exact 0.0156 (~2/128) [halt step 3488]
[LT] step 3750  lm_loss 0.8142  acc 0.7728  exact 0.0234 (~3/128) [halt step 3744]
[EVAL] step 3906  acc 0.6255  exact 45/2048
[LT] step 4000  lm_loss 0.6115  acc 0.7790  exact 0.0312 (~4/128) [halt step 4000]
[LT] step 4250  lm_loss 0.7215  acc 0.7840  exact 0.0156 (~2/128) [halt step 4240]
[LT] step 4500  lm_loss 0.9088  acc 0.8071  exact 0.0391 (~5/128) [halt step 4496]
[LT] step 4750  lm_loss 0.6549  acc 0.8046  exact 0.0078 (~1/128) [halt step 4736]
[LT] step 5000  lm_loss 0.7546  acc 0.7629  exact 0.0391 (~5/128) [halt step 4992]
[LT] step 5250  lm_loss 0.8227  acc 0.7874  exact 0.0391 (~5/128) [halt step 5248]
[LT] step 5500  lm_loss 0.6452  acc 0.7946  exact 0.0234 (~3/128) [halt step 5488]
[LT] step 5750  lm_loss 0.7751  acc 0.7974  exact 0.0469 (~6/128) [halt step 5744]
[EVAL] step 5859  acc 0.6641  exact 94/2048
[LT] step 6000  lm_loss 0.5608  acc 0.7999  exact 0.0391 (~5/128) [halt step 6000]
[LT] step 6250  lm_loss 0.7013  acc 0.7947  exact 0.0469 (~6/128) [halt step 6240]
[LT] step 6500  lm_loss 0.8616  acc 0.7649  exact 0.0000 (~0/128) [halt step 6496]
[LT] step 6750  lm_loss 0.6480  acc 0.7966  exact 0.0859 (~11/128) [halt step 6736]
[LT] step 7000  lm_loss 0.7591  acc 0.8406  exact 0.1328 (~17/128) [halt step 6992]
[LT] step 7250  lm_loss 0.8510  acc 0.8058  exact 0.0391 (~5/128) [halt step 7248]
[LT] step 7500  lm_loss 0.6595  acc 0.8161  exact 0.0703 (~9/128) [halt step 7488]
[LT] step 7750  lm_loss 0.8198  acc 0.8044  exact 0.0547 (~7/128) [halt step 7744]
[EVAL] step 7812  acc 0.6625  exact 149/2048
[LT] step 8000  lm_loss 0.5285  acc 0.8035  exact 0.0469 (~6/128) [halt step 8000]
[LT] step 8250  lm_loss 0.7411  acc 0.8076  exact 0.0703 (~9/128) [halt step 8240]
[LT] step 8500  lm_loss 0.8930  acc 0.8403  exact 0.1172 (~15/128) [halt step 8496]
[LT] step 8750  lm_loss 0.6184  acc 0.7628  exact 0.0078 (~1/128) [halt step 8736]
[LT] step 9000  lm_loss 0.7168  acc 0.8457  exact 0.1406 (~18/128) [halt step 8992]
[LT] step 9250  lm_loss 0.8097  acc 0.8222  exact 0.1094 (~14/128) [halt step 9248]
[LT] step 9500  lm_loss 0.7046  acc 0.8356  exact 0.1094 (~14/128) [halt step 9488]
[LT] step 9750  lm_loss 0.7949  acc 0.8219  exact 0.1250 (~16/128) [halt step 9744]
[EVAL] step 9765  acc 0.6675  exact 223/2048
[LT] step 10000  lm_loss 0.5044  acc 0.8269  exact 0.1094 (~14/128) [halt step 10000]
[LT] step 10250  lm_loss 0.6746  acc 0.8402  exact 0.2188 (~28/128) [halt step 10240]
[LT] step 10500  lm_loss 0.7992  acc 0.8029  exact 0.1875 (~24/128) [halt step 10496]
[LT] step 10750  lm_loss 0.5686  acc 0.8254  exact 0.2344 (~30/128) [halt step 10736]
[LT] step 11000  lm_loss 0.7448  acc 0.8385  exact 0.2500 (~32/128) [halt step 10992]
[LT] step 11250  lm_loss 0.8020  acc 0.8000  exact 0.1250 (~16/128) [halt step 11248]
[LT] step 11500  lm_loss 0.5334  acc 0.8010  exact 0.2031 (~26/128) [halt step 11488]
[EVAL] step 11718  acc 0.6819  exact 287/2048
[LT] step 11750  lm_loss 0.7543  acc 0.8400  exact 0.2266 (~29/128) [halt step 11744]
[LT] step 12000  lm_loss 0.4398  acc 0.8394  exact 0.2969 (~38/128) [halt step 12000]
[LT] step 12250  lm_loss 0.6935  acc 0.8410  exact 0.2969 (~38/128) [halt step 12240]
[LT] step 12500  lm_loss 0.8071  acc 0.8328  exact 0.2266 (~29/128) [halt step 12496]
[LT] step 12750  lm_loss 0.4836  acc 0.8350  exact 0.2891 (~37/128) [halt step 12736]
[LT] step 13000  lm_loss 0.7355  acc 0.8094  exact 0.1953 (~25/128) [halt step 12992]
[LT] step 13250  lm_loss 0.7904  acc 0.7757  exact 0.0938 (~12/128) [halt step 13248]
[LT] step 13500  lm_loss 0.6348  acc 0.8408  exact 0.2969 (~38/128) [halt step 13488]
[EVAL] step 13671  acc 0.6853  exact 314/2048
[LT] step 13750  lm_loss 0.7821  acc 0.8088  exact 0.1562 (~20/128) [halt step 13744]
[LT] step 14000  lm_loss 0.4368  acc 0.8407  exact 0.2734 (~35/128) [halt step 14000]
[LT] step 14250  lm_loss 0.6656  acc 0.8167  exact 0.2266 (~29/128) [halt step 14240]
[LT] step 14500  lm_loss 0.7584  acc 0.8176  exact 0.2500 (~32/128) [halt step 14496]
[LT] step 14750  lm_loss 0.5469  acc 0.8574  exact 0.2891 (~37/128) [halt step 14736]
[LT] step 15000  lm_loss 0.7251  acc 0.8706  exact 0.3438 (~44/128) [halt step 14992]
[LT] step 15250  lm_loss 0.8003  acc 0.8456  exact 0.2969 (~38/128) [halt step 15248]
[LT] step 15500  lm_loss 0.6018  acc 0.8069  exact 0.2188 (~28/128) [halt step 15488]
[EVAL] step 15624  acc 0.6853  exact 303/2048
[LT] step 15750  lm_loss 0.7259  acc 0.8328  exact 0.2656 (~34/128) [halt step 15744]
[LT] step 16000  lm_loss 0.4722  acc 0.8298  exact 0.2422 (~31/128) [halt step 16000]
[LT] step 16250  lm_loss 0.6698  acc 0.8246  exact 0.2500 (~32/128) [halt step 16240]
[LT] step 16500  lm_loss 0.8004  acc 0.8203  exact 0.1562 (~20/128) [halt step 16496]
[LT] step 16750  lm_loss 0.5562  acc 0.8306  exact 0.2969 (~38/128) [halt step 16736]
[LT] step 17000  lm_loss 0.7076  acc 0.8305  exact 0.2734 (~35/128) [halt step 16992]
[LT] step 17250  lm_loss 0.8075  acc 0.8432  exact 0.2422 (~31/128) [halt step 17248]
[LT] step 17500  lm_loss 0.5428  acc 0.8243  exact 0.2812 (~36/128) [halt step 17488]
[EVAL] step 17577  acc 0.6910  exact 343/2048
[LT] step 17750  lm_loss 0.7207  acc 0.8154  exact 0.2578 (~33/128) [halt step 17744]
[LT] step 18000  lm_loss 0.5565  acc 0.7984  exact 0.1484 (~19/128) [halt step 18000]
[LT] step 18250  lm_loss 0.5999  acc 0.7953  exact 0.1562 (~20/128) [halt step 18240]
[LT] step 18500  lm_loss 0.7825  acc 0.8226  exact 0.2344 (~30/128) [halt step 18496]
[LT] step 18750  lm_loss 0.5338  acc 0.8219  exact 0.2266 (~29/128) [halt step 18736]
[LT] step 19000  lm_loss 0.7014  acc 0.8054  exact 0.2422 (~31/128) [halt step 18992]
[LT] step 19250  lm_loss 0.8012  acc 0.8388  exact 0.2812 (~36/128) [halt step 19248]
[LT] step 19500  lm_loss 0.5485  acc 0.8512  exact 0.3125 (~40/128) [halt step 19488]
[EVAL] step 19530  acc 0.6847  exact 332/2048
[LT] step 19750  lm_loss 0.7531  acc 0.8176  exact 0.2422 (~31/128) [halt step 19744]
[LT] step 20000  lm_loss 0.4009  acc 0.8559  exact 0.3281 (~42/128) [halt step 20000]
[LT] step 20250  lm_loss 0.7144  acc 0.8078  exact 0.2500 (~32/128) [halt step 20240]
[LT] step 20500  lm_loss 0.7571  acc 0.8415  exact 0.3047 (~39/128) [halt step 20496]
[LT] step 20750  lm_loss 0.5326  acc 0.8252  exact 0.2266 (~29/128) [halt step 20736]
[LT] step 21000  lm_loss 0.7010  acc 0.8377  exact 0.2266 (~29/128) [halt step 20992]
[LT] step 21250  lm_loss 0.9967  acc 0.6428  exact 0.0234 (~3/128) [halt step 21248]
[EVAL] step 21483  acc 0.7015  exact 352/2048
[LT] step 21500  lm_loss 0.5695  acc 0.8556  exact 0.3125 (~40/128) [halt step 21488]
[LT] step 21750  lm_loss 0.7448  acc 0.8209  exact 0.2188 (~28/128) [halt step 21744]
[LT] step 22000  lm_loss 0.3912  acc 0.8600  exact 0.3203 (~41/128) [halt step 22000]
[LT] step 22250  lm_loss 0.6631  acc 0.8295  exact 0.2422 (~31/128) [halt step 22240]
[LT] step 22500  lm_loss 0.7948  acc 0.8184  exact 0.2188 (~28/128) [halt step 22496]
[LT] step 22750  lm_loss 0.5622  acc 0.8378  exact 0.2500 (~32/128) [halt step 22736]
[LT] step 23000  lm_loss 0.7365  acc 0.8234  exact 0.2109 (~27/128) [halt step 22992]
[LT] step 23250  lm_loss 0.7795  acc 0.8519  exact 0.2656 (~34/128) [halt step 23248]
[EVAL] step 23436  acc 0.6947  exact 325/2048
[LT] step 23500  lm_loss 0.6081  acc 0.8132  exact 0.1641 (~21/128) [halt step 23488]
[LT] step 23750  lm_loss 0.7375  acc 0.8289  exact 0.2500 (~32/128) [halt step 23744]
[LT] step 24000  lm_loss 0.4585  acc 0.8323  exact 0.2266 (~29/128) [halt step 24000]
[LT] step 24250  lm_loss 0.6750  acc 0.8548  exact 0.3438 (~44/128) [halt step 24240]
[LT] step 24500  lm_loss 0.7612  acc 0.8278  exact 0.3047 (~39/128) [halt step 24496]
[LT] step 24750  lm_loss 0.4928  acc 0.8317  exact 0.2109 (~27/128) [halt step 24736]
[LT] step 25000  lm_loss 0.7068  acc 0.8240  exact 0.2500 (~32/128) [halt step 24992]
[LT] step 25250  lm_loss 0.7986  acc 0.8404  exact 0.2969 (~38/128) [halt step 25248]
[EVAL] step 25389  acc 0.6915  exact 357/2048
[LT] step 25500  lm_loss 0.5049  acc 0.8283  exact 0.3047 (~39/128) [halt step 25488]
[LT] step 25750  lm_loss 0.7168  acc 0.8108  exact 0.1406 (~18/128) [halt step 25744]
[LT] step 26000  lm_loss 0.5180  acc 0.8045  exact 0.1953 (~25/128) [halt step 26000]
[LT] step 26250  lm_loss 0.6650  acc 0.8458  exact 0.2812 (~36/128) [halt step 26240]
[LT] step 26500  lm_loss 0.7765  acc 0.8382  exact 0.2656 (~34/128) [halt step 26496]
[LT] step 26750  lm_loss 0.5150  acc 0.8416  exact 0.2812 (~36/128) [halt step 26736]
[LT] step 27000  lm_loss 0.6815  acc 0.8195  exact 0.1875 (~24/128) [halt step 26992]
[LT] step 27250  lm_loss 0.7882  acc 0.8396  exact 0.2734 (~35/128) [halt step 27248]
[EVAL] step 27342  acc 0.7035  exact 352/2048
[LT] step 27500  lm_loss 0.5589  acc 0.8577  exact 0.2656 (~34/128) [halt step 27488]
[LT] step 27750  lm_loss 0.7275  acc 0.8329  exact 0.3125 (~40/128) [halt step 27744]
[LT] step 28000  lm_loss 0.5089  acc 0.8033  exact 0.2188 (~28/128) [halt step 28000]
[LT] step 28250  lm_loss 0.7480  acc 0.8284  exact 0.2031 (~26/128) [halt step 28240]
[LT] step 28500  lm_loss 0.7585  acc 0.7916  exact 0.1719 (~22/128) [halt step 28496]
[LT] step 28750  lm_loss 0.4845  acc 0.8080  exact 0.1875 (~24/128) [halt step 28736]
[LT] step 29000  lm_loss 0.6978  acc 0.8603  exact 0.3359 (~43/128) [halt step 28992]
[LT] step 29250  lm_loss 0.7631  acc 0.8053  exact 0.2656 (~34/128) [halt step 29248]
[EVAL] step 29295  acc 0.6838  exact 281/2048
[LT] step 29500  lm_loss 0.6388  acc 0.8160  exact 0.2578 (~33/128) [halt step 29488]
[LT] step 29750  lm_loss 0.7227  acc 0.8559  exact 0.2422 (~31/128) [halt step 29744]
[LT] step 30000  lm_loss 0.4602  acc 0.8347  exact 0.2500 (~32/128) [halt step 30000]
[LT] step 30250  lm_loss 0.6909  acc 0.7987  exact 0.1797 (~23/128) [halt step 30240]
[LT] step 30500  lm_loss 0.8238  acc 0.7837  exact 0.1484 (~19/128) [halt step 30496]
[LT] step 30750  lm_loss 0.5397  acc 0.8326  exact 0.2422 (~31/128) [halt step 30736]
[LT] step 31000  lm_loss 0.7155  acc 0.8287  exact 0.2969 (~38/128) [halt step 30992]
[EVAL] step 31248  acc 0.6781  exact 200/2048
[LT] step 31250  lm_loss 0.8152  acc 0.8097  exact 0.2266 (~29/128) [halt step 31248]
[LT] step 31500  lm_loss 0.5604  acc 0.8601  exact 0.3281 (~42/128) [halt step 31488]
[LT] step 31750  lm_loss 0.7323  acc 0.8231  exact 0.2266 (~29/128) [halt step 31744]
[LT] step 32000  lm_loss 0.3958  acc 0.8621  exact 0.2969 (~38/128) [halt step 32000]
[LT] step 32250  lm_loss 0.6456  acc 0.8339  exact 0.2812 (~36/128) [halt step 32240]
[LT] step 32500  lm_loss 0.7437  acc 0.8450  exact 0.2734 (~35/128) [halt step 32496]
[LT] step 32750  lm_loss 0.4883  acc 0.8385  exact 0.2812 (~36/128) [halt step 32736]
[LT] step 33000  lm_loss 0.7443  acc 0.8475  exact 0.3125 (~40/128) [halt step 32992]
[EVAL] step 33201  acc 0.6446  exact 127/2048
[LT] step 33250  lm_loss 0.8129  acc 0.8077  exact 0.1797 (~23/128) [halt step 33248]
[LT] step 33500  lm_loss 0.6528  acc 0.8273  exact 0.2266 (~29/128) [halt step 33488]
[LT] step 33750  lm_loss 0.7251  acc 0.8482  exact 0.3203 (~41/128) [halt step 33744]
[LT] step 34000  lm_loss 0.4740  acc 0.8287  exact 0.3047 (~39/128) [halt step 34000]
[LT] step 34250  lm_loss 0.6208  acc 0.8456  exact 0.2656 (~34/128) [halt step 34240]
[LT] step 34500  lm_loss 0.7456  acc 0.8410  exact 0.2734 (~35/128) [halt step 34496]
[LT] step 34750  lm_loss 0.6619  acc 0.8076  exact 0.0938 (~12/128) [halt step 34736]
[LT] step 35000  lm_loss 0.6786  acc 0.8436  exact 0.2422 (~31/128) [halt step 34992]
[EVAL] step 35154  acc 0.6699  exact 194/2048
[LT] step 35250  lm_loss 0.7928  acc 0.8314  exact 0.3125 (~40/128) [halt step 35248]
[LT] step 35500  lm_loss 0.6937  acc 0.8779  exact 0.3594 (~46/128) [halt step 35488]
[LT] step 35750  lm_loss 0.7304  acc 0.8113  exact 0.2031 (~26/128) [halt step 35744]
[LT] step 36000  lm_loss 0.4548  acc 0.8307  exact 0.2812 (~36/128) [halt step 36000]
[LT] step 36250  lm_loss 0.6954  acc 0.8465  exact 0.3672 (~47/128) [halt step 36240]
[LT] step 36500  lm_loss 0.7685  acc 0.8307  exact 0.2500 (~32/128) [halt step 36496]
[LT] step 36750  lm_loss 0.5003  acc 0.8396  exact 0.2891 (~37/128) [halt step 36736]
[LT] step 37000  lm_loss 0.6838  acc 0.7453  exact 0.0781 (~10/128) [halt step 36992]
[EVAL] step 37107  acc 0.7060  exact 369/2048
[LT] step 37250  lm_loss 0.7907  acc 0.8655  exact 0.4141 (~53/128) [halt step 37248]
[LT] step 37500  lm_loss 0.6034  acc 0.8175  exact 0.2109 (~27/128) [halt step 37488]
[LT] step 37750  lm_loss 0.7448  acc 0.8777  exact 0.4375 (~56/128) [halt step 37744]
[LT] step 38000  lm_loss 0.5772  acc 0.7780  exact 0.1641 (~21/128) [halt step 38000]
[LT] step 38250  lm_loss 0.6257  acc 0.8581  exact 0.3984 (~51/128) [halt step 38240]
[LT] step 38500  lm_loss 0.7942  acc 0.8533  exact 0.3047 (~39/128) [halt step 38496]
[LT] step 38750  lm_loss 0.4558  acc 0.8644  exact 0.4141 (~53/128) [halt step 38736]
[LT] step 39000  lm_loss 0.7070  acc 0.8582  exact 0.3203 (~41/128) [halt step 38992]
[EVAL] step 39060  acc 0.6967  exact 290/2048
[LT] step 39250  lm_loss 0.7514  acc 0.8259  exact 0.2891 (~37/128) [halt step 39248]
[LT] step 39500  lm_loss 0.5868  acc 0.8314  exact 0.2656 (~34/128) [halt step 39488]
[LT] step 39750  lm_loss 0.6511  acc 0.7982  exact 0.1406 (~18/128) [halt step 39744]
[LT] step 40000  lm_loss 0.3475  acc 0.8772  exact 0.3516 (~45/128) [halt step 40000]
[LT] step 40250  lm_loss 0.6420  acc 0.8441  exact 0.2891 (~37/128) [halt step 40240]
[LT] step 40500  lm_loss 0.7610  acc 0.8295  exact 0.2578 (~33/128) [halt step 40496]
[LT] step 40750  lm_loss 0.5010  acc 0.8584  exact 0.3359 (~43/128) [halt step 40736]
[LT] step 41000  lm_loss 0.6499  acc 0.8738  exact 0.3906 (~50/128) [halt step 40992]
[EVAL] step 41013  acc 0.7100  exact 347/2048
[LT] step 41250  lm_loss 0.7932  acc 0.8501  exact 0.2891 (~37/128) [halt step 41248]
[LT] step 41500  lm_loss 0.5828  acc 0.8671  exact 0.3750 (~48/128) [halt step 41488]
[LT] step 41750  lm_loss 0.7340  acc 0.8505  exact 0.3125 (~40/128) [halt step 41744]
[LT] step 42000  lm_loss 0.4383  acc 0.8368  exact 0.2891 (~37/128) [halt step 42000]
[LT] step 42250  lm_loss 0.6254  acc 0.8863  exact 0.3984 (~51/128) [halt step 42240]
[LT] step 42500  lm_loss 0.8216  acc 0.8581  exact 0.3516 (~45/128) [halt step 42496]
[LT] step 42750  lm_loss 0.4537  acc 0.8796  exact 0.3906 (~50/128) [halt step 42736]
[EVAL] step 42966  acc 0.7141  exact 389/2048
[LT] step 43000  lm_loss 0.6695  acc 0.8390  exact 0.3047 (~39/128) [halt step 42992]
[LT] step 43250  lm_loss 0.7824  acc 0.8320  exact 0.3125 (~40/128) [halt step 43248]
[LT] step 43500  lm_loss 0.4780  acc 0.8467  exact 0.2578 (~33/128) [halt step 43488]
[LT] step 43750  lm_loss 0.7272  acc 0.8591  exact 0.4062 (~52/128) [halt step 43744]
[LT] step 44000  lm_loss 0.3681  acc 0.8702  exact 0.4062 (~52/128) [halt step 44000]
[LT] step 44250  lm_loss 0.6068  acc 0.8825  exact 0.4219 (~54/128) [halt step 44240]
[LT] step 44500  lm_loss 0.7561  acc 0.8765  exact 0.4062 (~52/128) [halt step 44496]
[LT] step 44750  lm_loss 0.4704  acc 0.8306  exact 0.2578 (~33/128) [halt step 44736]
[EVAL] step 44919  acc 0.7175  exact 404/2048
[LT] step 45000  lm_loss 0.6595  acc 0.8601  exact 0.3281 (~42/128) [halt step 44992]
[LT] step 45250  lm_loss 0.7736  acc 0.8282  exact 0.2422 (~31/128) [halt step 45248]
[LT] step 45500  lm_loss 0.5658  acc 0.8626  exact 0.3828 (~49/128) [halt step 45488]
[LT] step 45750  lm_loss 0.6739  acc 0.8702  exact 0.4297 (~55/128) [halt step 45744]
[LT] step 46000  lm_loss 0.4641  acc 0.8194  exact 0.3125 (~40/128) [halt step 46000]
[LT] step 46250  lm_loss 0.5706  acc 0.8781  exact 0.3750 (~48/128) [halt step 46240]
[LT] step 46500  lm_loss 0.7410  acc 0.8247  exact 0.2656 (~34/128) [halt step 46496]
[LT] step 46750  lm_loss 0.4589  acc 0.8278  exact 0.3125 (~40/128) [halt step 46736]
[EVAL] step 46872  acc 0.7243  exact 405/2048
[LT] step 47000  lm_loss 0.7091  acc 0.8331  exact 0.3203 (~41/128) [halt step 46992]
[LT] step 47250  lm_loss 0.7698  acc 0.8586  exact 0.3359 (~43/128) [halt step 47248]
[LT] step 47500  lm_loss 0.5151  acc 0.8294  exact 0.2891 (~37/128) [halt step 47488]
[LT] step 47750  lm_loss 0.7302  acc 0.8474  exact 0.3594 (~46/128) [halt step 47744]
[LT] step 48000  lm_loss 0.5033  acc 0.8089  exact 0.2188 (~28/128) [halt step 48000]
[LT] step 48250  lm_loss 0.6229  acc 0.8001  exact 0.1484 (~19/128) [halt step 48240]
[LT] step 48500  lm_loss 0.7387  acc 0.8636  exact 0.3438 (~44/128) [halt step 48496]
[LT] step 48750  lm_loss 0.7877  acc 0.7211  exact 0.1641 (~21/128) [halt step 48736]
[EVAL] step 48825  acc 0.7064  exact 338/2048
[LT] step 49000  lm_loss 0.6965  acc 0.8301  exact 0.2656 (~34/128) [halt step 48992]
[LT] step 49250  lm_loss 0.7584  acc 0.8005  exact 0.1641 (~21/128) [halt step 49248]
[LT] step 49500  lm_loss 0.5866  acc 0.8766  exact 0.3906 (~50/128) [halt step 49488]
[LT] step 49750  lm_loss 0.7084  acc 0.8916  exact 0.4453 (~57/128) [halt step 49744]
[LT] step 50000  lm_loss 0.4876  acc 0.8276  exact 0.2188 (~28/128) [halt step 50000]
[LT] step 50250  lm_loss 0.6256  acc 0.8298  exact 0.3047 (~39/128) [halt step 50240]
[LT] step 50500  lm_loss 1.1218  acc 0.8503  exact 0.2734 (~35/128) [halt step 50496]
[LT] step 50750  lm_loss 0.5126  acc 0.8538  exact 0.3828 (~49/128) [halt step 50736]
[EVAL] step 50778  acc 0.7173  exact 370/2048
[LT] step 51000  lm_loss 0.6856  acc 0.8422  exact 0.2969 (~38/128) [halt step 50992]
[LT] step 51250  lm_loss 0.8131  acc 0.8655  exact 0.3906 (~50/128) [halt step 51248]
[LT] step 51500  lm_loss 0.4873  acc 0.8440  exact 0.3047 (~39/128) [halt step 51488]
[LT] step 51750  lm_loss 0.7040  acc 0.8420  exact 0.2969 (~38/128) [halt step 51744]
[LT] step 52000  lm_loss 0.4396  acc 0.8313  exact 0.2812 (~36/128) [halt step 52000]
[LT] step 52250  lm_loss 0.5497  acc 0.8414  exact 0.2891 (~37/128) [halt step 52240]
[LT] step 52500  lm_loss 0.7906  acc 0.9003  exact 0.4688 (~60/128) [halt step 52496]
[EVAL] step 52731  acc 0.7294  exact 408/2048
[LT] step 52750  lm_loss 0.4393  acc 0.8757  exact 0.3438 (~44/128) [halt step 52736]
[LT] step 53000  lm_loss 0.6884  acc 0.8720  exact 0.3359 (~43/128) [halt step 52992]
[LT] step 53250  lm_loss 0.7843  acc 0.8563  exact 0.2812 (~36/128) [halt step 53248]
[LT] step 53500  lm_loss 0.5902  acc 0.8566  exact 0.3047 (~39/128) [halt step 53488]
[LT] step 53750  lm_loss 0.6769  acc 0.8650  exact 0.3828 (~49/128) [halt step 53744]
[LT] step 54000  lm_loss 0.3957  acc 0.8592  exact 0.2969 (~38/128) [halt step 54000]
[LT] step 54250  lm_loss 0.7386  acc 0.8840  exact 0.4219 (~54/128) [halt step 54240]
[LT] step 54500  lm_loss 0.7581  acc 0.8754  exact 0.4375 (~56/128) [halt step 54496]
[EVAL] step 54684  acc 0.7269  exact 424/2048
[LT] step 54750  lm_loss 0.5110  acc 0.8015  exact 0.1953 (~25/128) [halt step 54736]
[LT] step 55000  lm_loss 0.6321  acc 0.8804  exact 0.3984 (~51/128) [halt step 54992]
[LT] step 55250  lm_loss 0.8099  acc 0.8679  exact 0.3750 (~48/128) [halt step 55248]
[LT] step 55500  lm_loss 0.4697  acc 0.8679  exact 0.3750 (~48/128) [halt step 55488]
[LT] step 55750  lm_loss 0.7268  acc 0.8209  exact 0.2734 (~35/128) [halt step 55744]
[LT] step 56000  lm_loss 0.3887  acc 0.8582  exact 0.3672 (~47/128) [halt step 56000]
[LT] step 56250  lm_loss 0.6241  acc 0.8970  exact 0.4844 (~62/128) [halt step 56240]
[LT] step 56500  lm_loss 0.7446  acc 0.8467  exact 0.3672 (~47/128) [halt step 56496]
[EVAL] step 56637  acc 0.7269  exact 446/2048
[LT] step 56750  lm_loss 0.4934  acc 0.8708  exact 0.4062 (~52/128) [halt step 56736]
[LT] step 57000  lm_loss 0.6776  acc 0.9264  exact 0.5938 (~76/128) [halt step 56992]
[LT] step 57250  lm_loss 0.7722  acc 0.9027  exact 0.4688 (~60/128) [halt step 57248]
[LT] step 57500  lm_loss 0.4596  acc 0.8864  exact 0.3984 (~51/128) [halt step 57488]
[LT] step 57750  lm_loss 0.7053  acc 0.8662  exact 0.3359 (~43/128) [halt step 57744]
[LT] step 58000  lm_loss 0.3568  acc 0.8688  exact 0.3594 (~46/128) [halt step 58000]
[LT] step 58250  lm_loss 0.5410  acc 0.8952  exact 0.4531 (~58/128) [halt step 58240]
[LT] step 58500  lm_loss 0.7669  acc 0.8873  exact 0.4062 (~52/128) [halt step 58496]
[EVAL] step 58590  acc 0.7368  exact 484/2048
[LT] step 58750  lm_loss 0.5739  acc 0.8023  exact 0.2109 (~27/128) [halt step 58736]
[LT] step 59000  lm_loss 0.6243  acc 0.8875  exact 0.4688 (~60/128) [halt step 58992]
[LT] step 59250  lm_loss 0.7834  acc 0.8611  exact 0.3281 (~42/128) [halt step 59248]
[LT] step 59500  lm_loss 0.5176  acc 0.8803  exact 0.3984 (~51/128) [halt step 59488]
[LT] step 59750  lm_loss 0.6894  acc 0.8722  exact 0.3438 (~44/128) [halt step 59744]
[LT] step 60000  lm_loss 0.4227  acc 0.8535  exact 0.3203 (~41/128) [halt step 60000]
[LT] step 60250  lm_loss 0.5032  acc 0.8869  exact 0.4766 (~61/128) [halt step 60240]
[LT] step 60500  lm_loss 0.7292  acc 0.8879  exact 0.4688 (~60/128) [halt step 60496]
[EVAL] step 60543  acc 0.7334  exact 460/2048
[LT] step 60750  lm_loss 0.5906  acc 0.7931  exact 0.0859 (~11/128) [halt step 60736]
[LT] step 61000  lm_loss 0.7122  acc 0.8927  exact 0.4609 (~59/128) [halt step 60992]
[LT] step 61250  lm_loss 0.7921  acc 0.8979  exact 0.4531 (~58/128) [halt step 61248]
[LT] step 61500  lm_loss 0.5846  acc 0.8931  exact 0.4219 (~54/128) [halt step 61488]
[LT] step 61750  lm_loss 0.6959  acc 0.8947  exact 0.4375 (~56/128) [halt step 61744]
[LT] step 62000  lm_loss 0.5175  acc 0.8225  exact 0.2656 (~34/128) [halt step 62000]
[LT] step 62250  lm_loss 0.5908  acc 0.8423  exact 0.3359 (~43/128) [halt step 62240]
[EVAL] step 62496  acc 0.7342  exact 419/2048
[LT] step 62500  lm_loss 0.7464  acc 0.9027  exact 0.4609 (~59/128) [halt step 62496]
[LT] step 62750  lm_loss 0.3725  acc 0.8786  exact 0.4141 (~53/128) [halt step 62736]
[LT] step 63000  lm_loss 0.6450  acc 0.8948  exact 0.4609 (~59/128) [halt step 62992]
[LT] step 63250  lm_loss 0.7664  acc 0.8815  exact 0.3828 (~49/128) [halt step 63248]
[LT] step 63500  lm_loss 0.5045  acc 0.8618  exact 0.3438 (~44/128) [halt step 63488]
[LT] step 63750  lm_loss 0.6820  acc 0.8891  exact 0.4375 (~56/128) [halt step 63744]
[LT] step 64000  lm_loss 0.2478  acc 0.9150  exact 0.5312 (~68/128) [halt step 64000]
[LT] step 64250  lm_loss 0.6657  acc 0.8694  exact 0.3672 (~47/128) [halt step 64240]
[EVAL] step 64449  acc 0.7389  exact 522/2048
[LT] step 64500  lm_loss 0.7306  acc 0.8868  exact 0.4922 (~63/128) [halt step 64496]
[LT] step 64750  lm_loss 0.3847  acc 0.8754  exact 0.3516 (~45/128) [halt step 64736]
[LT] step 65000  lm_loss 0.6728  acc 0.9058  exact 0.5078 (~65/128) [halt step 64992]
[LT] step 65250  lm_loss 0.7396  acc 0.8626  exact 0.4297 (~55/128) [halt step 65248]
[LT] step 65500  lm_loss 0.4686  acc 0.8382  exact 0.2656 (~34/128) [halt step 65488]
[LT] step 65750  lm_loss 0.6977  acc 0.8229  exact 0.1875 (~24/128) [halt step 65744]
[LT] step 66000  lm_loss 0.3361  acc 0.8813  exact 0.4219 (~54/128) [halt step 66000]
[LT] step 66250  lm_loss 0.5734  acc 0.9169  exact 0.5078 (~65/128) [halt step 66240]
[EVAL] step 66402  acc 0.7412  exact 512/2048
[LT] step 66500  lm_loss 0.8298  acc 0.8474  exact 0.3359 (~43/128) [halt step 66496]
[LT] step 66750  lm_loss 0.3161  acc 0.8981  exact 0.5000 (~64/128) [halt step 66736]
[LT] step 67000  lm_loss 0.6766  acc 0.9141  exact 0.5469 (~70/128) [halt step 66992]
[LT] step 67250  lm_loss 0.7821  acc 0.8728  exact 0.3828 (~49/128) [halt step 67248]
[LT] step 67500  lm_loss 0.4189  acc 0.9038  exact 0.3906 (~50/128) [halt step 67488]
[LT] step 67750  lm_loss 0.7032  acc 0.9036  exact 0.4688 (~60/128) [halt step 67744]
[LT] step 68000  lm_loss 0.3295  acc 0.8853  exact 0.3594 (~46/128) [halt step 68000]
[LT] step 68250  lm_loss 0.5671  acc 0.8457  exact 0.3203 (~41/128) [halt step 68240]
[EVAL] step 68355  acc 0.7121  exact 299/2048
[LT] step 68500  lm_loss 0.7107  acc 0.8929  exact 0.4844 (~62/128) [halt step 68496]
